Component: ARM Compiler 5.05 update 1 (build 106) Tool: armlink [4d0efa]

==============================================================================

Section Cross References

    main.o(.text) refers to rt_cmsis.o(i.osKernelInitialize) for osKernelInitialize
    main.o(.text) refers to rt_cmsis.o(i.osThreadCreate) for osThreadCreate
    main.o(.text) refers to rt_cmsis.o(i.osKernelStart) for osKernelStart
    main.o(.text) refers to main.o(.constdata) for .constdata
    main.o(.constdata) refers to _init.o(.text) for RTX_Init
    _init.o(.text) refers to stm32f4xx_rcc.o(.text) for RCC_APB2PeriphClockCmd
    _init.o(.text) refers to stm32f4xx_spi.o(.text) for SPI_Init
    _init.o(.text) refers to stm32f4xx_gpio.o(.text) for GPIO_Init
    _init.o(.text) refers to events.o(.text) for Timer1ms_Init
    _init.o(.text) refers to _ft800.o(.text) for FT800_Init
    _init.o(.text) refers to rt_cmsis.o(i.osThreadCreate) for osThreadCreate
    _init.o(.text) refers to rt_cmsis.o(i.osThreadGetId) for osThreadGetId
    _init.o(.text) refers to rt_cmsis.o(i.osThreadTerminate) for osThreadTerminate
    _init.o(.text) refers to stm32f4xx_syscfg.o(.text) for SYSCFG_EXTILineConfig
    _init.o(.text) refers to stm32f4xx_exti.o(.text) for EXTI_Init
    _init.o(.text) refers to misc.o(.text) for NVIC_Init
    _init.o(.text) refers to stm32f4xx_pwr.o(.text) for PWR_BackupAccessCmd
    _init.o(.text) refers to stm32f4xx_rtc.o(.text) for RTC_WaitForSynchro
    _init.o(.text) refers to _init.o(.constdata) for .constdata
    _init.o(.constdata) refers to _ft800.o(.text) for RTX_ScreenController
    events.o(.text) refers to stm32f4xx_tim.o(.text) for TIM_GetITStatus
    events.o(.text) refers to stm32f4xx_exti.o(.text) for EXTI_GetITStatus
    events.o(.text) refers to _ft800.o(.text) for FT800_Mem_Read32
    events.o(.text) refers to stm32f4xx_rcc.o(.text) for RCC_APB1PeriphClockCmd
    events.o(.text) refers to misc.o(.text) for NVIC_Init
    events.o(.text) refers to events.o(.data) for TimingDelay
    _ft800.o(.text) refers to stm32f4xx_gpio.o(.text) for GPIO_WriteBit
    _ft800.o(.text) refers to strlen.o(.text) for strlen
    _ft800.o(.text) refers to _ft800.o(.data) for cmdOffset
    _ft800.o(.text) refers to events.o(.text) for Delay
    stm32f4xx_gpio.o(.text) refers to stm32f4xx_rcc.o(.text) for RCC_AHB1PeriphResetCmd
    stm32f4xx_rcc.o(.text) refers to stm32f4xx_rcc.o(.data) for APBAHBPrescTable
    stm32f4xx_spi.o(.text) refers to stm32f4xx_rcc.o(.text) for RCC_APB2PeriphResetCmd
    stm32f4xx_syscfg.o(.text) refers to stm32f4xx_rcc.o(.text) for RCC_APB2PeriphResetCmd
    stm32f4xx_tim.o(.text) refers to stm32f4xx_rcc.o(.text) for RCC_APB2PeriphResetCmd
    stm32f4xx_pwr.o(.text) refers to stm32f4xx_rcc.o(.text) for RCC_APB1PeriphResetCmd
    rtx_conf_cm.o(.emb_text) refers to rt_cmsis.o(i.osKernelInitialize) for osKernelInitialize
    rtx_conf_cm.o(.emb_text) refers to rt_cmsis.o(i.osThreadCreate) for osThreadCreate
    rtx_conf_cm.o(.emb_text) refers to rt_cmsis.o(i.osKernelStart) for osKernelStart
    rtx_conf_cm.o(.emb_text) refers to exit.o(.text) for exit
    rtx_conf_cm.o(.emb_text) refers to rtx_conf_cm.o(.data) for os_thread_def_main
    rtx_conf_cm.o(.text) refers to rt_task.o(i.rt_tsk_self) for rt_tsk_self
    rtx_conf_cm.o(.text) refers to rt_mutex.o(i.rt_mut_init) for rt_mut_init
    rtx_conf_cm.o(.text) refers to rt_cmsis.o(.data) for os_running
    rtx_conf_cm.o(.text) refers to rtx_conf_cm.o(.bss) for .bss
    rtx_conf_cm.o(.text) refers to libspace.o(.bss) for __libspace_start
    rtx_conf_cm.o(.text) refers to rtx_conf_cm.o(.data) for .data
    rtx_conf_cm.o(.text) refers to rt_mutex.o(i.rt_mut_wait) for rt_mut_wait
    rtx_conf_cm.o(.text) refers to rt_mutex.o(i.rt_mut_release) for rt_mut_release
    rtx_conf_cm.o(.constdata) refers to rt_cmsis.o(i.osTimerThread) for osTimerThread
    rtx_conf_cm.o(.constdata) refers to rtx_conf_cm.o(.bss) for os_messageQ_q_osTimerMessageQ
    rtx_conf_cm.o(.data) refers to main.o(.text) for main
    startup_stm32f407xx.o(STACK) refers (Special) to heapauxi.o(.text) for __use_two_region_memory
    startup_stm32f407xx.o(HEAP) refers (Special) to heapauxi.o(.text) for __use_two_region_memory
    startup_stm32f407xx.o(RESET) refers (Special) to heapauxi.o(.text) for __use_two_region_memory
    startup_stm32f407xx.o(RESET) refers to startup_stm32f407xx.o(STACK) for __initial_sp
    startup_stm32f407xx.o(RESET) refers to startup_stm32f407xx.o(.text) for Reset_Handler
    startup_stm32f407xx.o(RESET) refers to hal_cm4.o(.emb_text) for SVC_Handler
    startup_stm32f407xx.o(RESET) refers to events.o(.text) for EXTI9_5_IRQHandler
    startup_stm32f407xx.o(.text) refers (Special) to heapauxi.o(.text) for __use_two_region_memory
    startup_stm32f407xx.o(.text) refers to system_stm32f4xx.o(.text) for SystemInit
    startup_stm32f407xx.o(.text) refers to __main.o(!!!main) for __main
    startup_stm32f407xx.o(.text) refers to startup_stm32f407xx.o(HEAP) for Heap_Mem
[...]
    rt_init_context                          0x0800642d   Thumb Code    66  rt_task.o(i.rt_init_context)
    i.rt_init_mem                            0x08006474   Section        0  rt_memory.o(i.rt_init_mem)
    i.rt_init_robin                          0x08006490   Section        0  rt_robin.o(i.rt_init_robin)
    i.rt_init_stack                          0x080064a8   Section        0  hal_cm.o(i.rt_init_stack)
    i.rt_mbx_check                           0x08006528   Section        0  rt_mailbox.o(i.rt_mbx_check)
    i.rt_mbx_init                            0x08006530   Section        0  rt_mailbox.o(i.rt_mbx_init)
    i.rt_mbx_psh                             0x0800654c   Section        0  rt_mailbox.o(i.rt_mbx_psh)
    i.rt_mbx_wait                            0x0800663c   Section        0  rt_mailbox.o(i.rt_mbx_wait)
    i.rt_ms2tick                             0x080066f0   Section        0  rt_cmsis.o(i.rt_ms2tick)
    rt_ms2tick                               0x080066f1   Thumb Code    60  rt_cmsis.o(i.rt_ms2tick)
    i.rt_mut_init                            0x08006734   Section        0  rt_mutex.o(i.rt_mut_init)
    i.rt_mut_release                         0x08006744   Section        0  rt_mutex.o(i.rt_mut_release)
    i.rt_mut_wait                            0x0800681c   Section        0  rt_mutex.o(i.rt_mut_wait)
    i.rt_pop_req                             0x08006884   Section        0  rt_system.o(i.rt_pop_req)
    i.rt_psh_req                             0x08006900   Section        0  rt_system.o(i.rt_psh_req)
    i.rt_psq_enq                             0x08006920   Section        0  rt_list.o(i.rt_psq_enq)
    i.rt_put_dly                             0x0800697c   Section        0  rt_list.o(i.rt_put_dly)
    i.rt_put_prio                            0x080069c4   Section        0  rt_list.o(i.rt_put_prio)
    i.rt_put_rdy_first                       0x080069fc   Section        0  rt_list.o(i.rt_put_rdy_first)
    i.rt_resort_prio                         0x08006a10   Section        0  rt_list.o(i.rt_resort_prio)
    i.rt_ret_regs                            0x08006a44   Section        0  hal_cm.o(i.rt_ret_regs)
    rt_ret_regs                              0x08006a45   Thumb Code    16  hal_cm.o(i.rt_ret_regs)
    i.rt_ret_val                             0x08006a54   Section        0  hal_cm.o(i.rt_ret_val)
    i.rt_ret_val2                            0x08006a60   Section        0  hal_cm.o(i.rt_ret_val2)
    i.rt_rmv_dly                             0x08006a70   Section        0  rt_list.o(i.rt_rmv_dly)
    i.rt_rmv_list                            0x08006a98   Section        0  rt_list.o(i.rt_rmv_list)
    i.rt_sem_psh                             0x08006ac8   Section        0  rt_semaphore.o(i.rt_sem_psh)
    i.rt_stk_check                           0x08006afc   Section        0  rt_system.o(i.rt_stk_check)
    i.rt_switch_req                          0x08006b20   Section        0  rt_task.o(i.rt_switch_req)
    i.rt_sys_init                            0x08006b48   Section        0  rt_task.o(i.rt_sys_init)
    i.rt_sys_start                           0x08006c14   Section        0  rt_task.o(i.rt_sys_start)
    i.rt_systick                             0x08006c8c   Section        0  rt_system.o(i.rt_systick)
    i.rt_tid2ptcb                            0x08006ccc   Section        0  rt_cmsis.o(i.rt_tid2ptcb)
    rt_tid2ptcb                              0x08006ccd   Thumb Code    18  rt_cmsis.o(i.rt_tid2ptcb)
    i.rt_timer_insert                        0x08006ce0   Section        0  rt_cmsis.o(i.rt_timer_insert)
    rt_timer_insert                          0x08006ce1   Thumb Code    48  rt_cmsis.o(i.rt_timer_insert)
    i.rt_tsk_create                          0x08006d14   Section        0  rt_task.o(i.rt_tsk_create)
    i.rt_tsk_delete                          0x08006d9c   Section        0  rt_task.o(i.rt_tsk_delete)
    i.rt_tsk_prio                            0x08006f14   Section        0  rt_task.o(i.rt_tsk_prio)
    i.rt_tsk_self                            0x08006f90   Section        0  rt_task.o(i.rt_tsk_self)
    i.svcKernelInitialize                    0x08006fa0   Section        0  rt_cmsis.o(i.svcKernelInitialize)
    i.svcKernelStart                         0x08007010   Section        0  rt_cmsis.o(i.svcKernelStart)
    i.svcMessageCreate                       0x08007058   Section        0  rt_cmsis.o(i.svcMessageCreate)
    i.svcMessageGet                          0x0800707c   Section        0  rt_cmsis.o(i.svcMessageGet)
    i.svcThreadCreate                        0x080070b8   Section        0  rt_cmsis.o(i.svcThreadCreate)
    i.svcThreadGetId                         0x08007128   Section        0  rt_cmsis.o(i.svcThreadGetId)
    i.svcThreadTerminate                     0x08007144   Section        0  rt_cmsis.o(i.svcThreadTerminate)
    i.svcTimerCall                           0x0800717c   Section        0  rt_cmsis.o(i.svcTimerCall)
    i.sysTimerTick                           0x08007194   Section        0  rt_cmsis.o(i.sysTimerTick)
    x$fpl$fpinit                             0x080071f0   Section       10  fpinit.o(x$fpl$fpinit)
    $v0                                      0x080071f0   Number         0  fpinit.o(x$fpl$fpinit)
    .constdata                               0x080071fc   Section       16  main.o(.constdata)
    .constdata                               0x0800720c   Section       16  _init.o(.constdata)
    .constdata                               0x0800721c   Section       86  rtx_conf_cm.o(.constdata)
    __tagsym$$used                           0x08007238   Number         0  rtx_conf_cm.o(.constdata)
    __tagsym$$used                           0x0800723c   Number         0  rtx_conf_cm.o(.constdata)
    __tagsym$$used                           0x08007240   Number         0  rtx_conf_cm.o(.constdata)
    __tagsym$$used                           0x08007244   Number         0  rtx_conf_cm.o(.constdata)
    .constdata                               0x08007272   Section       16  system_stm32f4xx.o(.constdata)
    .data                                    0x20000000   Section        8  events.o(.data)
    TimingDelay                              0x20000000   Data           4  events.o(.data)
    .data                                    0x20000008   Section       24  _ft800.o(.data)
    .data                                    0x20000020   Section       16  stm32f4xx_rcc.o(.data)
    APBAHBPrescTable                         0x20000020   Data          16  stm32f4xx_rcc.o(.data)
    .data                                    0x20000030   Section       36  rtx_conf_cm.o(.data)
    nr_mutex                                 0x20000040   Data           4  rtx_conf_cm.o(.data)
    .data                                    0x20000054   Section        4  system_stm32f4xx.o(.data)
    .data                                    0x20000058   Section        8  rt_cmsis.o(.data)
    .data                                    0x20000060   Section        8  rt_task.o(.data)
    .data                                    0x20000068   Section        8  rt_system.o(.data)
    os_lock                                  0x20000068   Data           1  rt_system.o(.data)
    os_psh_flag                              0x20000069   Data           1  rt_system.o(.data)
    pend_flags                               0x2000006a   Data           1  rt_system.o(.data)
    .data                                    0x20000070   Section        4  rt_time.o(.data)
    .data                                    0x20000074   Section        8  rt_robin.o(.data)
    .data                                    0x2000007c   Section        1  hal_cm.o(.data)
    .bss                                     0x20000080   Section     3372  rtx_conf_cm.o(.bss)
    std_libspace                             0x20000a2c   Data         768  rtx_conf_cm.o(.bss)
    std_libmutex                             0x20000d2c   Data         128  rtx_conf_cm.o(.bss)
    .bss                                     0x20000dac   Section       52  rt_task.o(.bss)
    .bss                                     0x20000de0   Section       48  rt_list.o(.bss)
    .bss                                     0x20000e10   Section       96  libspace.o(.bss)
    HEAP                                     0x20000e70   Section      512  startup_stm32f407xx.o(HEAP)
    Heap_Mem                                 0x20000e70   Data         512  startup_stm32f407xx.o(HEAP)
    STACK                                    0x20001070   Section     1024  startup_stm32f407xx.o(STACK)
    Stack_Mem                                0x20001070   Data        1024  startup_stm32f407xx.o(STACK)
    __initial_sp                             0x20001470   Data           0  startup_stm32f407xx.o(STACK)

    Global Symbols

    Symbol Name                              Value     Ov Type        Size  Object(Section)

    BuildAttributes$$THM_ISAv4$E$P$D$K$B$S$7EM$VFPi3$EXTD16$VFPS$VFMA$PE$A:L22UL41UL21$X:L11$S22US41US21$IEEE1$IW$USESV6$~STKCKD$USESV7$~SHL$OSPACE$ROPI$EBA8$UX$STANDARDLIB$REQ8$PRES8$EABIv2 0x00000000   Number         0  anon$$obj.o ABSOLUTE
    __ARM_use_no_argv                        0x00000000   Number         0  main.o ABSOLUTE
    __ARM_exceptions_init                     - Undefined Weak Reference
    __alloca_initialize                       - Undefined Weak Reference
    __arm_preinit_                            - Undefined Weak Reference
    __cpp_initialize__aeabi_                  - Undefined Weak Reference
    __cxa_finalize                            - Undefined Weak Reference
    __rt_locale                               - Undefined Weak Reference
    __sigvec_lookup                           - Undefined Weak Reference
    _atexit_init                              - Undefined Weak Reference
    _call_atexit_fns                          - Undefined Weak Reference
    _clock_init                               - Undefined Weak Reference
    _fp_trap_init                             - Undefined Weak Reference
    _fp_trap_shutdown                         - Undefined Weak Reference
    _get_lc_collate                           - Undefined Weak Reference
    _get_lc_ctype                             - Undefined Weak Reference
    _get_lc_monetary                          - Undefined Weak Reference
    _get_lc_numeric                           - Undefined Weak Reference
    _get_lc_time                              - Undefined Weak Reference
    _getenv_init                              - Undefined Weak Reference
    _handle_redirection                       - Undefined Weak Reference
    _init_alloc                               - Undefined Weak Reference
    _init_user_alloc                          - Undefined Weak Reference
    _initio                                   - Undefined Weak Reference
    _rand_init                                - Undefined Weak Reference
    _signal_finish                            - Undefined Weak Reference
    _signal_init                              - Undefined Weak Reference
    _terminate_alloc                          - Undefined Weak Reference
    _terminate_user_alloc                     - Undefined Weak Reference
    _terminateio                              - Undefined Weak Reference
    __Vectors_Size                           0x00000188   Number         0  startup_stm32f407xx.o ABSOLUTE
    __RL_RTX_VER                             0x00000479   Number         0  rt_system.o ABSOLUTE
    __Vectors                                0x08000000   Data           4  startup_stm32f407xx.o(RESET)
    __Vectors_End                            0x08000188   Data           0  startup_stm32f407xx.o(RESET)
    __main                                   0x08000189   Thumb Code     8  __main.o(!!!main)
    __scatterload                            0x08000191   Thumb Code     0  __scatter.o(!!!scatter)
    __scatterload_rt2                        0x08000191   Thumb Code    44  __scatter.o(!!!scatter)
    __scatterload_rt2_thumb_only             0x08000191   Thumb Code     0  __scatter.o(!!!scatter)
    __scatterload_null                       0x0800019f   Thumb Code     0  __scatter.o(!!!scatter)
    __scatterload_copy                       0x080001c5   Thumb Code    26  __scatter_copy.o(!!handler_copy)
    __scatterload_zeroinit                   0x080001e1   Thumb Code    28  __scatter_zi.o(!!handler_zi)
    __rt_lib_init                            0x080001fd   Thumb Code     0  libinit.o(.ARM.Collect$$libinit$$00000000)
    __rt_lib_init_fp_1                       0x080001ff   Thumb Code     0  libinit2.o(.ARM.Collect$$libinit$$00000001)
    __rt_lib_init_alloca_1                   0x08000203   Thumb Code     0  libinit2.o(.ARM.Collect$$libinit$$0000002E)
    __rt_lib_init_argv_1                     0x08000203   Thumb Code     0  libinit2.o(.ARM.Collect$$libinit$$0000002C)
    __rt_lib_init_atexit_1                   0x08000203   Thumb Code     0  libinit2.o(.ARM.Collect$$libinit$$0000001B)
    __rt_lib_init_clock_1                    0x08000203   Thumb Code     0  libinit2.o(.ARM.Collect$$libinit$$00000021)
    __rt_lib_init_cpp_1                      0x08000203   Thumb Code     0  libinit2.o(.ARM.Collect$$libinit$$00000032)
    __rt_lib_init_exceptions_1               0x08000203   Thumb Code     0  libinit2.o(.ARM.Collect$$libinit$$00000030)
    __rt_lib_init_fp_trap_1                  0x08000203   Thumb Code     0  libinit2.o(.ARM.Collect$$libinit$$0000001F)
    __rt_lib_init_getenv_1                   0x08000203   Thumb Code     0  libinit2.o(.ARM.Collect$$libinit$$00000023)
    __rt_lib_init_heap_1                     0x08000203   Thumb Code     0  libinit2.o(.ARM.Collect$$libinit$$0000000A)
    __rt_lib_init_lc_collate_1               0x08000203   Thumb Code     0  libinit2.o(.ARM.Collect$$libinit$$00000011)
    __rt_lib_init_lc_ctype_1                 0x08000203   Thumb Code     0  libinit2.o(.ARM.Collect$$libinit$$00000013)
    __rt_lib_init_lc_monetary_1              0x08000203   Thumb Code     0  libinit2.o(.ARM.Collect$$libinit$$00000015)
    __rt_lib_init_lc_numeric_1               0x08000203   Thumb Code     0  libinit2.o(.ARM.Collect$$libinit$$00000017)
    __rt_lib_init_lc_time_1                  0x08000203   Thumb Code     0  libinit2.o(.ARM.Collect$$libinit$$00000019)
    __rt_lib_init_preinit_1                  0x08000203   Thumb Code     0  libinit2.o(.ARM.Collect$$libinit$$00000004)
    __rt_lib_init_rand_1                     0x08000203   Thumb Code     0  libinit2.o(.ARM.Collect$$libinit$$0000000E)
    __rt_lib_init_return                     0x08000203   Thumb Code     0  libinit2.o(.ARM.Collect$$libinit$$00000033)
    __rt_lib_init_signal_1                   0x08000203   Thumb Code     0  libinit2.o(.ARM.Collect$$libinit$$0000001D)
    __rt_lib_init_stdio_1                    0x08000203   Thumb Code     0  libinit2.o(.ARM.Collect$$libinit$$00000025)
    __rt_lib_init_user_alloc_1               0x08000203   Thumb Code     0  libinit2.o(.ARM.Collect$$libinit$$0000000C)
    __rt_lib_shutdown                        0x08000205   Thumb Code     0  libshutdown.o(.ARM.Collect$$libshutdown$$00000000)
    __rt_lib_shutdown_fp_trap_1              0x08000207   Thumb Code     0  libshutdown2.o(.ARM.Collect$$libshutdown$$00000006)
    __rt_lib_shutdown_heap_1                 0x08000207   Thumb Code     0  libshutdown2.o(.ARM.Collect$$libshutdown$$0000000E)
    __rt_lib_shutdown_return                 0x08000207   Thumb Code     0  libshutdown2.o(.ARM.Collect$$libshutdown$$0000000F)
    __rt_lib_shutdown_signal_1               0x08000207   Thumb Code     0  libshutdown2.o(.ARM.Collect$$libshutdown$$00000009)
    __rt_lib_shutdown_stdio_1                0x08000207   Thumb Code     0  libshutdown2.o(.ARM.Collect$$libshutdown$$00000003)
    __rt_lib_shutdown_user_alloc_1           0x08000207   Thumb Code     0  libshutdown2.o(.ARM.Collect$$libshutdown$$0000000B)
    __rt_entry                               0x08000209   Thumb Code     0  __rtentry.o(.ARM.Collect$$rtentry$$00000000)
    __rt_entry_presh_1                       0x08000209   Thumb Code     0  __rtentry2.o(.ARM.Collect$$rtentry$$00000002)
    __rt_entry_sh                            0x08000209   Thumb Code     0  __rtentry4.o(.ARM.Collect$$rtentry$$00000004)
    __rt_entry_li                            0x0800020f   Thumb Code     0  __rtentry2.o(.ARM.Collect$$rtentry$$0000000A)
    __rt_entry_postsh_1                      0x0800020f   Thumb Code     0  __rtentry2.o(.ARM.Collect$$rtentry$$00000009)
    __rt_entry_postli_1                      0x08000213   Thumb Code     0  __rtentry2.o(.ARM.Collect$$rtentry$$0000000B)
    __rt_entry_main                          0x0800021b   Thumb Code     0  __rtentry2.o(.ARM.Collect$$rtentry$$0000000D)
    __rt_exit                                0x08000223   Thumb Code     0  rtexit.o(.ARM.Collect$$rtexit$$00000000)
    __rt_exit_ls                             0x08000225   Thumb Code     0  rtexit2.o(.ARM.Collect$$rtexit$$00000003)
    __rt_exit_prels_1                        0x08000225   Thumb Code     0  rtexit2.o(.ARM.Collect$$rtexit$$00000002)
    __rt_exit_exit                           0x08000229   Thumb Code     0  rtexit2.o(.ARM.Collect$$rtexit$$00000004)
    _platform_post_lib_init                  0x08000231   Thumb Code    24  rtx_conf_cm.o(.emb_text)
    rt_set_PSP                               0x0800024d   Thumb Code     6  hal_cm4.o(.emb_text)
    rt_get_PSP                               0x08000253   Thumb Code     6  hal_cm4.o(.emb_text)
    os_set_env                               0x08000259   Thumb Code    24  hal_cm4.o(.emb_text)
    _alloc_box                               0x08000275   Thumb Code    28  hal_cm4.o(.emb_text)
    _free_box                                0x08000295   Thumb Code    28  hal_cm4.o(.emb_text)
    SVC_Handler                              0x080002b5   Thumb Code   168  hal_cm4.o(.emb_text)
    PendSV_Handler                           0x0800036d   Thumb Code    96  hal_cm4.o(.emb_text)
    SysTick_Handler                          0x080003d1   Thumb Code     8  hal_cm4.o(.emb_text)
    OS_Tick_Handler                          0x080003d9   Thumb Code    12  hal_cm4.o(.emb_text)
    main                                     0x080003e5   Thumb Code    30  main.o(.text)
    Periph_SPI_Init                          0x08000409   Thumb Code    76  _init.o(.text)
    Periph_GPIO_Init                         0x08000455   Thumb Code   166  _init.o(.text)
    RTX_Init                                 0x080004fb   Thumb Code    88  _init.o(.text)
    Periph_EXTI_Init                         0x08000553   Thumb Code   118  _init.o(.text)
    Periph_RTC_Init                          0x080005c9   Thumb Code   128  _init.o(.text)
    TIM2_IRQHandler                          0x08000673   Thumb Code    26  events.o(.text)
    EXTI9_5_IRQHandler                       0x0800068d   Thumb Code    32  events.o(.text)
    Delay                                    0x080006ad   Thumb Code    16  events.o(.text)
    Timer1ms_Init                            0x080006bd   Thumb Code    94  events.o(.text)
    FT800_Mem_Write16                        0x08000761   Thumb Code   104  _ft800.o(.text)
    incCMDOffset                             0x080007c9   Thumb Code    16  _ft800.o(.text)
    FT800_Mem_Write32                        0x080007d9   Thumb Code   116  _ft800.o(.text)
    FT800_CMD_Button                         0x0800084d   Thumb Code   360  _ft800.o(.text)
    FT800_CMD_Text                           0x080009b5   Thumb Code   304  _ft800.o(.text)
    FT800_Mem_Read32                         0x08000ae5   Thumb Code   142  _ft800.o(.text)
    FT800_Mem_Read16                         0x08000b73   Thumb Code   106  _ft800.o(.text)
    FT800_VehicleStatusScreen                0x08000bdd   Thumb Code   762  _ft800.o(.text)
    RTX_ScreenController                     0x08000ed7   Thumb Code     8  _ft800.o(.text)
    FT800_Mem_Read8                          0x08000edf   Thumb Code   330  _ft800.o(.text)
    FT800_Mem_Write8                         0x08001029   Thumb Code    76  _ft800.o(.text)
    FT800_Cmd_Write                          0x08001075   Thumb Code    46  _ft800.o(.text)
    FT800_Init                               0x080010a3   Thumb Code   488  _ft800.o(.text)
    FT800_CMD_Keys                           0x0800128b   Thumb Code   360  _ft800.o(.text)
    FT800_CMD_BgColor                        0x080013f3   Thumb Code    90  _ft800.o(.text)
    FT800_CMD_GradColor                      0x0800144d   Thumb Code    62  _ft800.o(.text)
    FT800_CMD_FgColor                        0x0800148b   Thumb Code    62  _ft800.o(.text)
    FT800_MainScreen                         0x080014c9   Thumb Code  6478  _ft800.o(.text)
    FT800_LoginScreen                        0x08002e17   Thumb Code   704  _ft800.o(.text)
    FT800_AdminMenuScreen                    0x080030d7   Thumb Code   390  _ft800.o(.text)
    NVIC_PriorityGroupConfig                 0x08003301   Thumb Code    10  misc.o(.text)
    NVIC_Init                                0x0800330b   Thumb Code   106  misc.o(.text)
    NVIC_SetVectorTable                      0x08003375   Thumb Code    14  misc.o(.text)
    NVIC_SystemLPConfig                      0x08003383   Thumb Code    34  misc.o(.text)
    SysTick_CLKSourceConfig                  0x080033a5   Thumb Code    40  misc.o(.text)
    EXTI_DeInit                              0x080033e1   Thumb Code    28  stm32f4xx_exti.o(.text)
    EXTI_Init                                0x080033fd   Thumb Code   142  stm32f4xx_exti.o(.text)
    EXTI_StructInit                          0x0800348b   Thumb Code    16  stm32f4xx_exti.o(.text)
    EXTI_GenerateSWInterrupt                 0x0800349b   Thumb Code    16  stm32f4xx_exti.o(.text)
    EXTI_GetFlagStatus                       0x080034ab   Thumb Code    22  stm32f4xx_exti.o(.text)
    EXTI_ClearFlag                           0x080034c1   Thumb Code     8  stm32f4xx_exti.o(.text)
    EXTI_GetITStatus                         0x080034c9   Thumb Code    34  stm32f4xx_exti.o(.text)
    EXTI_ClearITPendingBit                   0x080034eb   Thumb Code     8  stm32f4xx_exti.o(.text)
    GPIO_DeInit                              0x080034fd   Thumb Code   220  stm32f4xx_gpio.o(.text)
    GPIO_Init                                0x080035d9   Thumb Code   144  stm32f4xx_gpio.o(.text)
    GPIO_StructInit                          0x08003669   Thumb Code    18  stm32f4xx_gpio.o(.text)
    GPIO_PinLockConfig                       0x0800367b   Thumb Code    34  stm32f4xx_gpio.o(.text)
    GPIO_ReadInputDataBit                    0x0800369d   Thumb Code    18  stm32f4xx_gpio.o(.text)
    GPIO_ReadInputData                       0x080036af   Thumb Code     8  stm32f4xx_gpio.o(.text)
    GPIO_ReadOutputDataBit                   0x080036b7   Thumb Code    18  stm32f4xx_gpio.o(.text)
    GPIO_ReadOutputData                      0x080036c9   Thumb Code     8  stm32f4xx_gpio.o(.text)
    GPIO_SetBits                             0x080036d1   Thumb Code     4  stm32f4xx_gpio.o(.text)
    GPIO_ResetBits                           0x080036d5   Thumb Code     4  stm32f4xx_gpio.o(.text)
    GPIO_WriteBit                            0x080036d9   Thumb Code    10  stm32f4xx_gpio.o(.text)
    GPIO_Write                               0x080036e3   Thumb Code     4  stm32f4xx_gpio.o(.text)
    GPIO_ToggleBits                          0x080036e7   Thumb Code     8  stm32f4xx_gpio.o(.text)
    GPIO_PinAFConfig                         0x080036ef   Thumb Code    70  stm32f4xx_gpio.o(.text)
    RCC_DeInit                               0x08003759   Thumb Code    60  stm32f4xx_rcc.o(.text)
    RCC_HSEConfig                            0x08003795   Thumb Code    14  stm32f4xx_rcc.o(.text)
    RCC_GetFlagStatus                        0x080037a3   Thumb Code    60  stm32f4xx_rcc.o(.text)
    RCC_WaitForHSEStartUp                    0x080037df   Thumb Code    56  stm32f4xx_rcc.o(.text)
    RCC_AdjustHSICalibrationValue            0x08003817   Thumb Code    20  stm32f4xx_rcc.o(.text)
    RCC_HSICmd                               0x0800382b   Thumb Code     6  stm32f4xx_rcc.o(.text)
    RCC_LSEConfig                            0x08003831   Thumb Code    46  stm32f4xx_rcc.o(.text)
    RCC_LSICmd                               0x0800385f   Thumb Code     6  stm32f4xx_rcc.o(.text)
    RCC_PLLConfig                            0x08003865   Thumb Code    32  stm32f4xx_rcc.o(.text)
    RCC_PLLCmd                               0x08003885   Thumb Code     6  stm32f4xx_rcc.o(.text)
    RCC_PLLI2SConfig                         0x0800388b   Thumb Code    14  stm32f4xx_rcc.o(.text)
    RCC_PLLI2SCmd                            0x08003899   Thumb Code     6  stm32f4xx_rcc.o(.text)
    RCC_ClockSecuritySystemCmd               0x0800389f   Thumb Code     6  stm32f4xx_rcc.o(.text)
    RCC_MCO1Config                           0x080038a5   Thumb Code    28  stm32f4xx_rcc.o(.text)
    RCC_MCO2Config                           0x080038c1   Thumb Code    28  stm32f4xx_rcc.o(.text)
    RCC_SYSCLKConfig                         0x080038dd   Thumb Code    20  stm32f4xx_rcc.o(.text)
    RCC_GetSYSCLKSource                      0x080038f1   Thumb Code    12  stm32f4xx_rcc.o(.text)
    RCC_HCLKConfig                           0x080038fd   Thumb Code    20  stm32f4xx_rcc.o(.text)
    RCC_PCLK1Config                          0x08003911   Thumb Code    20  stm32f4xx_rcc.o(.text)
    RCC_PCLK2Config                          0x08003925   Thumb Code    22  stm32f4xx_rcc.o(.text)
    RCC_GetClocksFreq                        0x0800393b   Thumb Code   222  stm32f4xx_rcc.o(.text)
    RCC_RTCCLKConfig                         0x08003a19   Thumb Code    54  stm32f4xx_rcc.o(.text)
    RCC_RTCCLKCmd                            0x08003a4f   Thumb Code     8  stm32f4xx_rcc.o(.text)
    RCC_BackupResetCmd                       0x08003a57   Thumb Code     8  stm32f4xx_rcc.o(.text)
    RCC_I2SCLKConfig                         0x08003a5f   Thumb Code     6  stm32f4xx_rcc.o(.text)
    RCC_AHB1PeriphClockCmd                   0x08003a65   Thumb Code    34  stm32f4xx_rcc.o(.text)
    RCC_AHB2PeriphClockCmd                   0x08003a87   Thumb Code    34  stm32f4xx_rcc.o(.text)
    RCC_AHB3PeriphClockCmd                   0x08003aa9   Thumb Code    34  stm32f4xx_rcc.o(.text)
    RCC_APB1PeriphClockCmd                   0x08003acb   Thumb Code    34  stm32f4xx_rcc.o(.text)
    RCC_APB2PeriphClockCmd                   0x08003aed   Thumb Code    34  stm32f4xx_rcc.o(.text)
    RCC_AHB1PeriphResetCmd                   0x08003b0f   Thumb Code    34  stm32f4xx_rcc.o(.text)
    RCC_AHB2PeriphResetCmd                   0x08003b31   Thumb Code    72  stm32f4xx_rcc.o(.text)
    RCC_AHB3PeriphResetCmd                   0x08003b79   Thumb Code    34  stm32f4xx_rcc.o(.text)
    RCC_APB1PeriphResetCmd                   0x08003b9b   Thumb Code    34  stm32f4xx_rcc.o(.text)
    RCC_APB2PeriphResetCmd                   0x08003bbd   Thumb Code    34  stm32f4xx_rcc.o(.text)
    RCC_AHB1PeriphClockLPModeCmd             0x08003bdf   Thumb Code    34  stm32f4xx_rcc.o(.text)
    RCC_AHB2PeriphClockLPModeCmd             0x08003c01   Thumb Code    34  stm32f4xx_rcc.o(.text)
    RCC_AHB3PeriphClockLPModeCmd             0x08003c23   Thumb Code    34  stm32f4xx_rcc.o(.text)
    RCC_APB1PeriphClockLPModeCmd             0x08003c45   Thumb Code    34  stm32f4xx_rcc.o(.text)
    RCC_APB2PeriphClockLPModeCmd             0x08003c67   Thumb Code    34  stm32f4xx_rcc.o(.text)
    RCC_ITConfig                             0x08003c89   Thumb Code    34  stm32f4xx_rcc.o(.text)
    RCC_ClearFlag                            0x08003cab   Thumb Code    18  stm32f4xx_rcc.o(.text)
    RCC_GetITStatus                          0x08003cbd   Thumb Code    22  stm32f4xx_rcc.o(.text)
    RCC_ClearITPendingBit                    0x08003cd3   Thumb Code     8  stm32f4xx_rcc.o(.text)
    RTC_WaitForSynchro                       0x08003ce1   Thumb Code    92  stm32f4xx_rtc.o(.text)
    RTC_EnterInitMode                        0x08003d3d   Thumb Code    84  stm32f4xx_rtc.o(.text)
    RTC_DeInit                               0x08003d91   Thumb Code   182  stm32f4xx_rtc.o(.text)
    RTC_ExitInitMode                         0x08003e47   Thumb Code    18  stm32f4xx_rtc.o(.text)
    RTC_Init                                 0x08003e59   Thumb Code    94  stm32f4xx_rtc.o(.text)
    RTC_StructInit                           0x08003eb7   Thumb Code    14  stm32f4xx_rtc.o(.text)
    RTC_WriteProtectionCmd                   0x08003ec5   Thumb Code    22  stm32f4xx_rtc.o(.text)
    RTC_RefClockCmd                          0x08003edb   Thumb Code    76  stm32f4xx_rtc.o(.text)
    RTC_BypassShadowCmd                      0x08003f27   Thumb Code    54  stm32f4xx_rtc.o(.text)
    RTC_SetTime                              0x08003f8f   Thumb Code   184  stm32f4xx_rtc.o(.text)
    RTC_TimeStructInit                       0x08004047   Thumb Code    12  stm32f4xx_rtc.o(.text)
    RTC_GetTime                              0x08004053   Thumb Code    74  stm32f4xx_rtc.o(.text)
    RTC_GetSubSecond                         0x0800409d   Thumb Code    16  stm32f4xx_rtc.o(.text)
    RTC_SetDate                              0x080040ad   Thumb Code   188  stm32f4xx_rtc.o(.text)
    RTC_DateStructInit                       0x08004169   Thumb Code    14  stm32f4xx_rtc.o(.text)
    RTC_GetDate                              0x08004177   Thumb Code    70  stm32f4xx_rtc.o(.text)
    RTC_SetAlarm                             0x080041bd   Thumb Code   230  stm32f4xx_rtc.o(.text)
    RTC_AlarmStructInit                      0x080042a3   Thumb Code    22  stm32f4xx_rtc.o(.text)
    RTC_GetAlarm                             0x080042b9   Thumb Code   114  stm32f4xx_rtc.o(.text)
    RTC_AlarmCmd                             0x0800432b   Thumb Code   112  stm32f4xx_rtc.o(.text)
    RTC_AlarmSubSecondConfig                 0x0800439b   Thumb Code    46  stm32f4xx_rtc.o(.text)
    RTC_GetAlarmSubSecond                    0x080043c9   Thumb Code    34  stm32f4xx_rtc.o(.text)
    RTC_WakeUpClockConfig                    0x080043eb   Thumb Code    42  stm32f4xx_rtc.o(.text)
    RTC_SetWakeUpCounter                     0x08004415   Thumb Code    22  stm32f4xx_rtc.o(.text)
    RTC_GetWakeUpCounter                     0x0800442b   Thumb Code    10  stm32f4xx_rtc.o(.text)
    RTC_WakeUpCmd                            0x08004435   Thumb Code   116  stm32f4xx_rtc.o(.text)
    RTC_DayLightSavingConfig                 0x080044a9   Thumb Code    50  stm32f4xx_rtc.o(.text)
    RTC_GetStoreOperation                    0x080044db   Thumb Code    12  stm32f4xx_rtc.o(.text)
    RTC_OutputConfig                         0x080044e7   Thumb Code    58  stm32f4xx_rtc.o(.text)
    RTC_CoarseCalibConfig                    0x08004521   Thumb Code    52  stm32f4xx_rtc.o(.text)
    RTC_CoarseCalibCmd                       0x08004555   Thumb Code    76  stm32f4xx_rtc.o(.text)
    RTC_CalibOutputCmd                       0x080045a1   Thumb Code    54  stm32f4xx_rtc.o(.text)
    RTC_CalibOutputConfig                    0x080045d7   Thumb Code    42  stm32f4xx_rtc.o(.text)
    RTC_SmoothCalibConfig                    0x08004601   Thumb Code    90  stm32f4xx_rtc.o(.text)
    RTC_TimeStampCmd                         0x0800465b   Thumb Code    54  stm32f4xx_rtc.o(.text)
    RTC_GetTimeStamp                         0x08004691   Thumb Code   144  stm32f4xx_rtc.o(.text)
    RTC_GetTimeStampSubSecond                0x08004721   Thumb Code     8  stm32f4xx_rtc.o(.text)
    RTC_TamperTriggerConfig                  0x08004729   Thumb Code    38  stm32f4xx_rtc.o(.text)
    RTC_TamperCmd                            0x0800474f   Thumb Code    34  stm32f4xx_rtc.o(.text)
    RTC_TamperFilterConfig                   0x08004771   Thumb Code    26  stm32f4xx_rtc.o(.text)
    RTC_TamperSamplingFreqConfig             0x0800478b   Thumb Code    26  stm32f4xx_rtc.o(.text)
    RTC_TamperPinsPrechargeDuration          0x080047a5   Thumb Code    26  stm32f4xx_rtc.o(.text)
    RTC_TimeStampOnTamperDetectionCmd        0x080047bf   Thumb Code    38  stm32f4xx_rtc.o(.text)
    RTC_TamperPullUpCmd                      0x080047e5   Thumb Code    38  stm32f4xx_rtc.o(.text)
    RTC_WriteBackupRegister                  0x0800480b   Thumb Code    26  stm32f4xx_rtc.o(.text)
    RTC_ReadBackupRegister                   0x08004825   Thumb Code    28  stm32f4xx_rtc.o(.text)
    RTC_TamperPinSelection                   0x08004841   Thumb Code    26  stm32f4xx_rtc.o(.text)
    RTC_TimeStampPinSelection                0x0800485b   Thumb Code    26  stm32f4xx_rtc.o(.text)
    RTC_OutputTypeConfig                     0x08004875   Thumb Code    26  stm32f4xx_rtc.o(.text)
    RTC_SynchroShiftConfig                   0x0800488f   Thumb Code   130  stm32f4xx_rtc.o(.text)
    RTC_ITConfig                             0x08004911   Thumb Code    94  stm32f4xx_rtc.o(.text)
    RTC_GetFlagStatus                        0x0800496f   Thumb Code    36  stm32f4xx_rtc.o(.text)
    RTC_ClearFlag                            0x08004993   Thumb Code    28  stm32f4xx_rtc.o(.text)
    RTC_GetITStatus                          0x080049af   Thumb Code    60  stm32f4xx_rtc.o(.text)
    RTC_ClearITPendingBit                    0x080049eb   Thumb Code    32  stm32f4xx_rtc.o(.text)
    SPI_I2S_DeInit                           0x08004a11   Thumb Code    76  stm32f4xx_spi.o(.text)
    SPI_Init                                 0x08004a5d   Thumb Code    60  stm32f4xx_spi.o(.text)
    I2S_Init                                 0x08004a99   Thumb Code   350  stm32f4xx_spi.o(.text)
    SPI_StructInit                           0x08004bf7   Thumb Code    24  stm32f4xx_spi.o(.text)
    I2S_StructInit                           0x08004c0f   Thumb Code    20  stm32f4xx_spi.o(.text)
    SPI_Cmd                                  0x08004c23   Thumb Code    24  stm32f4xx_spi.o(.text)
    I2S_Cmd                                  0x08004c3b   Thumb Code    24  stm32f4xx_spi.o(.text)
    SPI_DataSizeConfig                       0x08004c53   Thumb Code    18  stm32f4xx_spi.o(.text)
    SPI_BiDirectionalLineConfig              0x08004c65   Thumb Code    28  stm32f4xx_spi.o(.text)
    SPI_NSSInternalSoftwareConfig            0x08004c81   Thumb Code    30  stm32f4xx_spi.o(.text)
    SPI_SSOutputCmd                          0x08004c9f   Thumb Code    24  stm32f4xx_spi.o(.text)
    SPI_TIModeCmd                            0x08004cb7   Thumb Code    24  stm32f4xx_spi.o(.text)
    I2S_FullDuplexConfig                     0x08004ccf   Thumb Code    80  stm32f4xx_spi.o(.text)
    SPI_I2S_ReceiveData                      0x08004d1f   Thumb Code     6  stm32f4xx_spi.o(.text)
    SPI_I2S_SendData                         0x08004d25   Thumb Code     4  stm32f4xx_spi.o(.text)
    SPI_CalculateCRC                         0x08004d29   Thumb Code    24  stm32f4xx_spi.o(.text)
    SPI_TransmitCRC                          0x08004d41   Thumb Code    10  stm32f4xx_spi.o(.text)
    SPI_GetCRC                               0x08004d4b   Thumb Code    16  stm32f4xx_spi.o(.text)
    SPI_GetCRCPolynomial                     0x08004d5b   Thumb Code     6  stm32f4xx_spi.o(.text)
    SPI_I2S_DMACmd                           0x08004d61   Thumb Code    18  stm32f4xx_spi.o(.text)
    SPI_I2S_ITConfig                         0x08004d73   Thumb Code    32  stm32f4xx_spi.o(.text)
    SPI_I2S_GetFlagStatus                    0x08004d93   Thumb Code    18  stm32f4xx_spi.o(.text)
    SPI_I2S_ClearFlag                        0x08004da5   Thumb Code     6  stm32f4xx_spi.o(.text)
    SPI_I2S_GetITStatus                      0x08004dab   Thumb Code    52  stm32f4xx_spi.o(.text)
    SPI_I2S_ClearITPendingBit                0x08004ddf   Thumb Code    42  stm32f4xx_spi.o(.text)
    SYSCFG_DeInit                            0x08004e09   Thumb Code    22  stm32f4xx_syscfg.o(.text)
    SYSCFG_MemoryRemapConfig                 0x08004e1f   Thumb Code     6  stm32f4xx_syscfg.o(.text)
    SYSCFG_EXTILineConfig                    0x08004e25   Thumb Code    66  stm32f4xx_syscfg.o(.text)
    SYSCFG_ETH_MediaInterfaceConfig          0x08004e67   Thumb Code     6  stm32f4xx_syscfg.o(.text)
    SYSCFG_CompensationCellCmd               0x08004e6d   Thumb Code     6  stm32f4xx_syscfg.o(.text)
    SYSCFG_GetCompensationCellStatus         0x08004e73   Thumb Code    22  stm32f4xx_syscfg.o(.text)
    TIM_DeInit                               0x08004e95   Thumb Code   346  stm32f4xx_tim.o(.text)
    TIM_TimeBaseInit                         0x08004fef   Thumb Code   104  stm32f4xx_tim.o(.text)
    TIM_TimeBaseStructInit                   0x08005057   Thumb Code    18  stm32f4xx_tim.o(.text)
    TIM_PrescalerConfig                      0x08005069   Thumb Code     6  stm32f4xx_tim.o(.text)
    TIM_CounterModeConfig                    0x0800506f   Thumb Code    18  stm32f4xx_tim.o(.text)
    TIM_SetCounter                           0x08005081   Thumb Code     4  stm32f4xx_tim.o(.text)
    TIM_SetAutoreload                        0x08005085   Thumb Code     4  stm32f4xx_tim.o(.text)
    TIM_GetCounter                           0x08005089   Thumb Code     6  stm32f4xx_tim.o(.text)
    TIM_GetPrescaler                         0x0800508f   Thumb Code     6  stm32f4xx_tim.o(.text)
    TIM_UpdateDisableConfig                  0x08005095   Thumb Code    24  stm32f4xx_tim.o(.text)
    TIM_UpdateRequestConfig                  0x080050ad   Thumb Code    24  stm32f4xx_tim.o(.text)
    TIM_ARRPreloadConfig                     0x080050c5   Thumb Code    24  stm32f4xx_tim.o(.text)
    TIM_SelectOnePulseMode                   0x080050dd   Thumb Code    18  stm32f4xx_tim.o(.text)
    TIM_SetClockDivision                     0x080050ef   Thumb Code    18  stm32f4xx_tim.o(.text)
    TIM_Cmd                                  0x08005101   Thumb Code    24  stm32f4xx_tim.o(.text)
    TIM_OC1Init                              0x08005119   Thumb Code   114  stm32f4xx_tim.o(.text)
    TIM_OC2Init                              0x0800518b   Thumb Code   154  stm32f4xx_tim.o(.text)
    TIM_OC3Init                              0x08005225   Thumb Code   204  stm32f4xx_tim.o(.text)
    TIM_OC4Init                              0x080052f1   Thumb Code   112  stm32f4xx_tim.o(.text)
    TIM_OCStructInit                         0x08005361   Thumb Code    20  stm32f4xx_tim.o(.text)
    TIM_SelectOCxM                           0x08005375   Thumb Code    86  stm32f4xx_tim.o(.text)
    TIM_SetCompare1                          0x080053cb   Thumb Code     4  stm32f4xx_tim.o(.text)
    TIM_SetCompare2                          0x080053cf   Thumb Code     4  stm32f4xx_tim.o(.text)
    TIM_SetCompare3                          0x080053d3   Thumb Code     4  stm32f4xx_tim.o(.text)
    TIM_SetCompare4                          0x080053d7   Thumb Code     4  stm32f4xx_tim.o(.text)
    TIM_ForcedOC1Config                      0x080053db   Thumb Code    18  stm32f4xx_tim.o(.text)
    TIM_ForcedOC2Config                      0x080053ed   Thumb Code    26  stm32f4xx_tim.o(.text)
    TIM_ForcedOC3Config                      0x08005407   Thumb Code    18  stm32f4xx_tim.o(.text)
    TIM_ForcedOC4Config                      0x08005419   Thumb Code    26  stm32f4xx_tim.o(.text)
    TIM_OC1PreloadConfig                     0x08005433   Thumb Code    18  stm32f4xx_tim.o(.text)
    TIM_OC2PreloadConfig                     0x08005445   Thumb Code    26  stm32f4xx_tim.o(.text)
    TIM_OC3PreloadConfig                     0x0800545f   Thumb Code    18  stm32f4xx_tim.o(.text)
    TIM_OC4PreloadConfig                     0x08005471   Thumb Code    26  stm32f4xx_tim.o(.text)
    TIM_OC1FastConfig                        0x0800548b   Thumb Code    18  stm32f4xx_tim.o(.text)
    TIM_OC2FastConfig                        0x0800549d   Thumb Code    26  stm32f4xx_tim.o(.text)
    TIM_OC3FastConfig                        0x080054b7   Thumb Code    18  stm32f4xx_tim.o(.text)
    TIM_OC4FastConfig                        0x080054c9   Thumb Code    26  stm32f4xx_tim.o(.text)
    TIM_ClearOC1Ref                          0x080054e3   Thumb Code    18  stm32f4xx_tim.o(.text)
    TIM_ClearOC2Ref                          0x080054f5   Thumb Code    24  stm32f4xx_tim.o(.text)
    TIM_ClearOC3Ref                          0x0800550d   Thumb Code    18  stm32f4xx_tim.o(.text)
    TIM_ClearOC4Ref                          0x0800551f   Thumb Code    24  stm32f4xx_tim.o(.text)
    TIM_OC1PolarityConfig                    0x08005537   Thumb Code    18  stm32f4xx_tim.o(.text)
    TIM_OC1NPolarityConfig                   0x08005549   Thumb Code    18  stm32f4xx_tim.o(.text)
    TIM_OC2PolarityConfig                    0x0800555b   Thumb Code    26  stm32f4xx_tim.o(.text)
    TIM_OC2NPolarityConfig                   0x08005575   Thumb Code    26  stm32f4xx_tim.o(.text)
    TIM_OC3PolarityConfig                    0x0800558f   Thumb Code    26  stm32f4xx_tim.o(.text)
    TIM_OC3NPolarityConfig                   0x080055a9   Thumb Code    26  stm32f4xx_tim.o(.text)
    TIM_OC4PolarityConfig                    0x080055c3   Thumb Code    26  stm32f4xx_tim.o(.text)
    TIM_CCxCmd                               0x080055dd   Thumb Code    30  stm32f4xx_tim.o(.text)
    TIM_CCxNCmd                              0x080055fb   Thumb Code    30  stm32f4xx_tim.o(.text)
    TIM_SetIC4Prescaler                      0x08005619   Thumb Code    26  stm32f4xx_tim.o(.text)
    TIM_SetIC3Prescaler                      0x08005683   Thumb Code    18  stm32f4xx_tim.o(.text)
    TIM_SetIC2Prescaler                      0x080056dd   Thumb Code    26  stm32f4xx_tim.o(.text)
    TIM_SetIC1Prescaler                      0x08005751   Thumb Code    18  stm32f4xx_tim.o(.text)
    TIM_ICInit                               0x0800579d   Thumb Code   110  stm32f4xx_tim.o(.text)
    TIM_ICStructInit                         0x0800580b   Thumb Code    18  stm32f4xx_tim.o(.text)
    TIM_PWMIConfig                           0x0800581d   Thumb Code   124  stm32f4xx_tim.o(.text)
    TIM_GetCapture1                          0x08005899   Thumb Code     6  stm32f4xx_tim.o(.text)
    TIM_GetCapture2                          0x0800589f   Thumb Code     6  stm32f4xx_tim.o(.text)
    TIM_GetCapture3                          0x080058a5   Thumb Code     6  stm32f4xx_tim.o(.text)
    TIM_GetCapture4                          0x080058ab   Thumb Code     6  stm32f4xx_tim.o(.text)
    TIM_BDTRConfig                           0x080058b1   Thumb Code    32  stm32f4xx_tim.o(.text)
    TIM_BDTRStructInit                       0x080058d1   Thumb Code    18  stm32f4xx_tim.o(.text)
    TIM_CtrlPWMOutputs                       0x080058e3   Thumb Code    30  stm32f4xx_tim.o(.text)
    TIM_SelectCOM                            0x08005901   Thumb Code    24  stm32f4xx_tim.o(.text)
    TIM_CCPreloadControl                     0x08005919   Thumb Code    24  stm32f4xx_tim.o(.text)
    TIM_ITConfig                             0x08005931   Thumb Code    18  stm32f4xx_tim.o(.text)
    TIM_GenerateEvent                        0x08005943   Thumb Code     4  stm32f4xx_tim.o(.text)
    TIM_GetFlagStatus                        0x08005947   Thumb Code    18  stm32f4xx_tim.o(.text)
    TIM_ClearFlag                            0x08005959   Thumb Code     6  stm32f4xx_tim.o(.text)
    TIM_GetITStatus                          0x0800595f   Thumb Code    34  stm32f4xx_tim.o(.text)
    TIM_ClearITPendingBit                    0x08005981   Thumb Code     6  stm32f4xx_tim.o(.text)
    TIM_DMAConfig                            0x08005987   Thumb Code    10  stm32f4xx_tim.o(.text)
    TIM_DMACmd                               0x08005991   Thumb Code    18  stm32f4xx_tim.o(.text)
    TIM_SelectCCDMA                          0x080059a3   Thumb Code    24  stm32f4xx_tim.o(.text)
    TIM_InternalClockConfig                  0x080059bb   Thumb Code    12  stm32f4xx_tim.o(.text)
    TIM_SelectInputTrigger                   0x080059c7   Thumb Code    18  stm32f4xx_tim.o(.text)
    TIM_ITRxExternalClockConfig              0x080059d9   Thumb Code    24  stm32f4xx_tim.o(.text)
    TIM_TIxExternalClockConfig               0x080059f1   Thumb Code    62  stm32f4xx_tim.o(.text)
    TIM_ETRConfig                            0x08005a2f   Thumb Code    28  stm32f4xx_tim.o(.text)
    TIM_ETRClockMode1Config                  0x08005a4b   Thumb Code    54  stm32f4xx_tim.o(.text)
    TIM_ETRClockMode2Config                  0x08005a81   Thumb Code    32  stm32f4xx_tim.o(.text)
    TIM_SelectOutputTrigger                  0x08005aa1   Thumb Code    18  stm32f4xx_tim.o(.text)
    TIM_SelectSlaveMode                      0x08005ab3   Thumb Code    18  stm32f4xx_tim.o(.text)
    TIM_SelectMasterSlaveMode                0x08005ac5   Thumb Code    18  stm32f4xx_tim.o(.text)
    TIM_EncoderInterfaceConfig               0x08005ad7   Thumb Code    66  stm32f4xx_tim.o(.text)
    TIM_SelectHallSensor                     0x08005b19   Thumb Code    24  stm32f4xx_tim.o(.text)
    TIM_RemapConfig                          0x08005b31   Thumb Code     6  stm32f4xx_tim.o(.text)
    PWR_DeInit                               0x08005b39   Thumb Code    22  stm32f4xx_pwr.o(.text)
    PWR_BackupAccessCmd                      0x08005b4f   Thumb Code     6  stm32f4xx_pwr.o(.text)
    PWR_PVDLevelConfig                       0x08005b55   Thumb Code    18  stm32f4xx_pwr.o(.text)
    PWR_PVDCmd                               0x08005b67   Thumb Code     6  stm32f4xx_pwr.o(.text)
    PWR_WakeUpPinCmd                         0x08005b6d   Thumb Code     8  stm32f4xx_pwr.o(.text)
    PWR_BackupRegulatorCmd                   0x08005b75   Thumb Code     8  stm32f4xx_pwr.o(.text)
    PWR_MainRegulatorModeConfig              0x08005b7d   Thumb Code    30  stm32f4xx_pwr.o(.text)
    PWR_FlashPowerDownCmd                    0x08005b9b   Thumb Code     6  stm32f4xx_pwr.o(.text)
    PWR_EnterSTOPMode                        0x08005ba1   Thumb Code    54  stm32f4xx_pwr.o(.text)
    PWR_EnterSTANDBYMode                     0x08005bd7   Thumb Code    42  stm32f4xx_pwr.o(.text)
    PWR_GetFlagStatus                        0x08005c01   Thumb Code    20  stm32f4xx_pwr.o(.text)
    PWR_ClearFlag                            0x08005c15   Thumb Code    14  stm32f4xx_pwr.o(.text)
    os_idle_demon                            0x08005c31   Thumb Code     4  rtx_conf_cm.o(.text)
    os_error                                 0x08005c35   Thumb Code    26  rtx_conf_cm.o(.text)
    __user_perthread_libspace                0x08005c4f   Thumb Code    32  rtx_conf_cm.o(.text)
    _mutex_initialize                        0x08005c6f   Thumb Code    34  rtx_conf_cm.o(.text)
    _mutex_acquire                           0x08005c91   Thumb Code    22  rtx_conf_cm.o(.text)
    _mutex_release                           0x08005ca7   Thumb Code    18  rtx_conf_cm.o(.text)
    Reset_Handler                            0x08005cd5   Thumb Code     8  startup_stm32f407xx.o(.text)
    NMI_Handler                              0x08005cdd   Thumb Code     2  startup_stm32f407xx.o(.text)
    HardFault_Handler                        0x08005cdf   Thumb Code     2  startup_stm32f407xx.o(.text)
    MemManage_Handler                        0x08005ce1   Thumb Code     2  startup_stm32f407xx.o(.text)
    BusFault_Handler                         0x08005ce3   Thumb Code     2  startup_stm32f407xx.o(.text)
    UsageFault_Handler                       0x08005ce5   Thumb Code     2  startup_stm32f407xx.o(.text)
    DebugMon_Handler                         0x08005ce9   Thumb Code     2  startup_stm32f407xx.o(.text)
    ADC_IRQHandler                           0x08005cef   Thumb Code     0  startup_stm32f407xx.o(.text)
    CAN1_RX0_IRQHandler                      0x08005cef   Thumb Code     0  startup_stm32f407xx.o(.text)
    CAN1_RX1_IRQHandler                      0x08005cef   Thumb Code     0  startup_stm32f407xx.o(.text)
    CAN1_SCE_IRQHandler                      0x08005cef   Thumb Code     0  startup_stm32f407xx.o(.text)
    CAN1_TX_IRQHandler                       0x08005cef   Thumb Code     0  startup_stm32f407xx.o(.text)
    CAN2_RX0_IRQHandler                      0x08005cef   Thumb Code     0  startup_stm32f407xx.o(.text)
    CAN2_RX1_IRQHandler                      0x08005cef   Thumb Code     0  startup_stm32f407xx.o(.text)
    CAN2_SCE_IRQHandler                      0x08005cef   Thumb Code     0  startup_stm32f407xx.o(.text)
    CAN2_TX_IRQHandler                       0x08005cef   Thumb Code     0  startup_stm32f407xx.o(.text)
    DCMI_IRQHandler                          0x08005cef   Thumb Code     0  startup_stm32f407xx.o(.text)
    DMA1_Stream0_IRQHandler                  0x08005cef   Thumb Code     0  startup_stm32f407xx.o(.text)
    DMA1_Stream1_IRQHandler                  0x08005cef   Thumb Code     0  startup_stm32f407xx.o(.text)
    DMA1_Stream2_IRQHandler                  0x08005cef   Thumb Code     0  startup_stm32f407xx.o(.text)
    DMA1_Stream3_IRQHandler                  0x08005cef   Thumb Code     0  startup_stm32f407xx.o(.text)
    DMA1_Stream4_IRQHandler                  0x08005cef   Thumb Code     0  startup_stm32f407xx.o(.text)
    DMA1_Stream5_IRQHandler                  0x08005cef   Thumb Code     0  startup_stm32f407xx.o(.text)
    DMA1_Stream6_IRQHandler                  0x08005cef   Thumb Code     0  startup_stm32f407xx.o(.text)
    DMA1_Stream7_IRQHandler                  0x08005cef   Thumb Code     0  startup_stm32f407xx.o(.text)
    DMA2_Stream0_IRQHandler                  0x08005cef   Thumb Code     0  startup_stm32f407xx.o(.text)
    DMA2_Stream1_IRQHandler                  0x08005cef   Thumb Code     0  startup_stm32f407xx.o(.text)
    DMA2_Stream2_IRQHandler                  0x08005cef   Thumb Code     0  startup_stm32f407xx.o(.text)
    DMA2_Stream3_IRQHandler                  0x08005cef   Thumb Code     0  startup_stm32f407xx.o(.text)
    DMA2_Stream4_IRQHandler                  0x08005cef   Thumb Code     0  startup_stm32f407xx.o(.text)
    DMA2_Stream5_IRQHandler                  0x08005cef   Thumb Code     0  startup_stm32f407xx.o(.text)
    DMA2_Stream6_IRQHandler                  0x08005cef   Thumb Code     0  startup_stm32f407xx.o(.text)
    DMA2_Stream7_IRQHandler                  0x08005cef   Thumb Code     0  startup_stm32f407xx.o(.text)
    ETH_IRQHandler                           0x08005cef   Thumb Code     0  startup_stm32f407xx.o(.text)
    ETH_WKUP_IRQHandler                      0x08005cef   Thumb Code     0  startup_stm32f407xx.o(.text)
    EXTI0_IRQHandler                         0x08005cef   Thumb Code     0  startup_stm32f407xx.o(.text)
    EXTI15_10_IRQHandler                     0x08005cef   Thumb Code     0  startup_stm32f407xx.o(.text)
    EXTI1_IRQHandler                         0x08005cef   Thumb Code     0  startup_stm32f407xx.o(.text)
    EXTI2_IRQHandler                         0x08005cef   Thumb Code     0  startup_stm32f407xx.o(.text)
    EXTI3_IRQHandler                         0x08005cef   Thumb Code     0  startup_stm32f407xx.o(.text)
    EXTI4_IRQHandler                         0x08005cef   Thumb Code     0  startup_stm32f407xx.o(.text)
    FLASH_IRQHandler                         0x08005cef   Thumb Code     0  startup_stm32f407xx.o(.text)
    FMC_IRQHandler                           0x08005cef   Thumb Code     0  startup_stm32f407xx.o(.text)
    FPU_IRQHandler                           0x08005cef   Thumb Code     0  startup_stm32f407xx.o(.text)
    HASH_RNG_IRQHandler                      0x08005cef   Thumb Code     0  startup_stm32f407xx.o(.text)
    I2C1_ER_IRQHandler                       0x08005cef   Thumb Code     0  startup_stm32f407xx.o(.text)
    I2C1_EV_IRQHandler                       0x08005cef   Thumb Code     0  startup_stm32f407xx.o(.text)
    I2C2_ER_IRQHandler                       0x08005cef   Thumb Code     0  startup_stm32f407xx.o(.text)
    I2C2_EV_IRQHandler                       0x08005cef   Thumb Code     0  startup_stm32f407xx.o(.text)
    I2C3_ER_IRQHandler                       0x08005cef   Thumb Code     0  startup_stm32f407xx.o(.text)
    I2C3_EV_IRQHandler                       0x08005cef   Thumb Code     0  startup_stm32f407xx.o(.text)
    OTG_FS_IRQHandler                        0x08005cef   Thumb Code     0  startup_stm32f407xx.o(.text)
    OTG_FS_WKUP_IRQHandler                   0x08005cef   Thumb Code     0  startup_stm32f407xx.o(.text)
    OTG_HS_EP1_IN_IRQHandler                 0x08005cef   Thumb Code     0  startup_stm32f407xx.o(.text)
    OTG_HS_EP1_OUT_IRQHandler                0x08005cef   Thumb Code     0  startup_stm32f407xx.o(.text)
    OTG_HS_IRQHandler                        0x08005cef   Thumb Code     0  startup_stm32f407xx.o(.text)
    OTG_HS_WKUP_IRQHandler                   0x08005cef   Thumb Code     0  startup_stm32f407xx.o(.text)
    PVD_IRQHandler                           0x08005cef   Thumb Code     0  startup_stm32f407xx.o(.text)
    RCC_IRQHandler                           0x08005cef   Thumb Code     0  startup_stm32f407xx.o(.text)
    RTC_Alarm_IRQHandler                     0x08005cef   Thumb Code     0  startup_stm32f407xx.o(.text)
    RTC_WKUP_IRQHandler                      0x08005cef   Thumb Code     0  startup_stm32f407xx.o(.text)
    SDIO_IRQHandler                          0x08005cef   Thumb Code     0  startup_stm32f407xx.o(.text)
    SPI1_IRQHandler                          0x08005cef   Thumb Code     0  startup_stm32f407xx.o(.text)
    SPI2_IRQHandler                          0x08005cef   Thumb Code     0  startup_stm32f407xx.o(.text)
    SPI3_IRQHandler                          0x08005cef   Thumb Code     0  startup_stm32f407xx.o(.text)
    TAMP_STAMP_IRQHandler                    0x08005cef   Thumb Code     0  startup_stm32f407xx.o(.text)
    TIM1_BRK_TIM9_IRQHandler                 0x08005cef   Thumb Code     0  startup_stm32f407xx.o(.text)
    TIM1_CC_IRQHandler                       0x08005cef   Thumb Code     0  startup_stm32f407xx.o(.text)
    TIM1_TRG_COM_TIM11_IRQHandler            0x08005cef   Thumb Code     0  startup_stm32f407xx.o(.text)
    TIM1_UP_TIM10_IRQHandler                 0x08005cef   Thumb Code     0  startup_stm32f407xx.o(.text)
    TIM3_IRQHandler                          0x08005cef   Thumb Code     0  startup_stm32f407xx.o(.text)
    TIM4_IRQHandler                          0x08005cef   Thumb Code     0  startup_stm32f407xx.o(.text)
    TIM5_IRQHandler                          0x08005cef   Thumb Code     0  startup_stm32f407xx.o(.text)
    TIM6_DAC_IRQHandler                      0x08005cef   Thumb Code     0  startup_stm32f407xx.o(.text)
    TIM7_IRQHandler                          0x08005cef   Thumb Code     0  startup_stm32f407xx.o(.text)
    TIM8_BRK_TIM12_IRQHandler                0x08005cef   Thumb Code     0  startup_stm32f407xx.o(.text)
    TIM8_CC_IRQHandler                       0x08005cef   Thumb Code     0  startup_stm32f407xx.o(.text)
    TIM8_TRG_COM_TIM14_IRQHandler            0x08005cef   Thumb Code     0  startup_stm32f407xx.o(.text)
    TIM8_UP_TIM13_IRQHandler                 0x08005cef   Thumb Code     0  startup_stm32f407xx.o(.text)
    UART4_IRQHandler                         0x08005cef   Thumb Code     0  startup_stm32f407xx.o(.text)
    UART5_IRQHandler                         0x08005cef   Thumb Code     0  startup_stm32f407xx.o(.text)
    USART1_IRQHandler                        0x08005cef   Thumb Code     0  startup_stm32f407xx.o(.text)
    USART2_IRQHandler                        0x08005cef   Thumb Code     0  startup_stm32f407xx.o(.text)
    USART3_IRQHandler                        0x08005cef   Thumb Code     0  startup_stm32f407xx.o(.text)
    USART6_IRQHandler                        0x08005cef   Thumb Code     0  startup_stm32f407xx.o(.text)
    WWDG_IRQHandler                          0x08005cef   Thumb Code     0  startup_stm32f407xx.o(.text)
    __user_initial_stackheap                 0x08005cf1   Thumb Code     0  startup_stm32f407xx.o(.text)
    SystemInit                               0x08005d15   Thumb Code    82  system_stm32f4xx.o(.text)
    SystemCoreClockUpdate                    0x08005d67   Thumb Code   174  system_stm32f4xx.o(.text)
    __user_libspace                          0x08005e35   Thumb Code     8  libspace.o(.text)
    __user_perproc_libspace                  0x08005e35   Thumb Code     0  libspace.o(.text)
    exit                                     0x08005e3d   Thumb Code    12  exit.o(.text)
    strlen                                   0x08005e49   Thumb Code    62  strlen.o(.text)
    __use_two_region_memory                  0x08005e87   Thumb Code     2  heapauxi.o(.text)
    __rt_heap_escrow$2region                 0x08005e89   Thumb Code     2  heapauxi.o(.text)
    __rt_heap_expand$2region                 0x08005e8b   Thumb Code     2  heapauxi.o(.text)
    _sys_exit                                0x08005e8d   Thumb Code     8  sys_exit.o(.text)
    __user_setup_stackheap                   0x08005e99   Thumb Code    74  sys_stackheap_outer.o(.text)
    __I$use$semihosting                      0x08005ee3   Thumb Code     0  use_no_semi.o(.text)
    __use_no_semihosting_swi                 0x08005ee3   Thumb Code     2  use_no_semi.o(.text)
    SVC_Count                                0x08005ee4   Data           4  svc_table.o(SVC_TABLE)
    __semihosting_library_function           0x08005ee5   Thumb Code     0  indicate_semi.o(.text)
    SVC_Table                                0x08005ee8   Data           0  svc_table.o(SVC_TABLE)
    _init_box                                0x08005ee9   Thumb Code    70  rt_membox.o(i._init_box)
    dbg_init                                 0x08005f31   Thumb Code    34  hal_cm.o(i.dbg_init)
    dbg_task_notify                          0x08005f61   Thumb Code    32  hal_cm.o(i.dbg_task_notify)
    dbg_task_switch                          0x08005f81   Thumb Code    16  hal_cm.o(i.dbg_task_switch)
    isrMessageGet                            0x08005f91   Thumb Code    42  rt_cmsis.o(i.isrMessageGet)
    isrMessagePut                            0x08005fbb   Thumb Code    44  rt_cmsis.o(i.isrMessagePut)
    isr_mbx_receive                          0x08005fe9   Thumb Code    82  rt_mailbox.o(i.isr_mbx_receive)
    isr_mbx_send                             0x0800603b   Thumb Code    14  rt_mailbox.o(i.isr_mbx_send)
    osKernelInitialize                       0x08006049   Thumb Code    30  rt_cmsis.o(i.osKernelInitialize)
    osKernelStart                            0x0800606d   Thumb Code    98  rt_cmsis.o(i.osKernelStart)
    osMessageGet                             0x080060d9   Thumb Code    18  rt_cmsis.o(i.osMessageGet)
    osThreadCreate                           0x080060f1   Thumb Code    38  rt_cmsis.o(i.osThreadCreate)
    osThreadExit                             0x08006121   Thumb Code    14  rt_cmsis.o(i.osThreadExit)
    osThreadGetId                            0x08006139   Thumb Code    18  rt_cmsis.o(i.osThreadGetId)
    osThreadTerminate                        0x08006151   Thumb Code    18  rt_cmsis.o(i.osThreadTerminate)
    osTimerCall                              0x08006169   Thumb Code     8  rt_cmsis.o(i.osTimerCall)
    osTimerThread                            0x08006175   Thumb Code    38  rt_cmsis.o(i.osTimerThread)
    os_tick_init                             0x080061a1   Thumb Code    32  rt_system.o(i.os_tick_init)
    os_tick_irqack                           0x080061c9   Thumb Code     2  rt_system.o(i.os_tick_irqack)
    rt_alloc_box                             0x080061cb   Thumb Code    26  rt_membox.o(i.rt_alloc_box)
    rt_alloc_mem                             0x080061e5   Thumb Code    62  rt_memory.o(i.rt_alloc_mem)
    rt_block                                 0x08006225   Thumb Code    48  rt_task.o(i.rt_block)
    rt_chk_robin                             0x0800625d   Thumb Code    60  rt_robin.o(i.rt_chk_robin)
    rt_dec_dly                               0x080062a5   Thumb Code   102  rt_list.o(i.rt_dec_dly)
    rt_dispatch                              0x08006315   Thumb Code    60  rt_task.o(i.rt_dispatch)
    rt_evt_psh                               0x08006359   Thumb Code    76  rt_event.o(i.rt_evt_psh)
    rt_free_box                              0x080063a9   Thumb Code    44  rt_membox.o(i.rt_free_box)
    rt_free_mem                              0x080063d5   Thumb Code    40  rt_memory.o(i.rt_free_mem)
    rt_get_first                             0x080063fd   Thumb Code    40  rt_list.o(i.rt_get_first)
    rt_init_mem                              0x08006475   Thumb Code    26  rt_memory.o(i.rt_init_mem)
    rt_init_robin                            0x08006491   Thumb Code    14  rt_robin.o(i.rt_init_robin)
    rt_init_stack                            0x080064a9   Thumb Code   118  hal_cm.o(i.rt_init_stack)
    rt_mbx_check                             0x08006529   Thumb Code     8  rt_mailbox.o(i.rt_mbx_check)
    rt_mbx_init                              0x08006531   Thumb Code    26  rt_mailbox.o(i.rt_mbx_init)
    rt_mbx_psh                               0x0800654d   Thumb Code   236  rt_mailbox.o(i.rt_mbx_psh)
    rt_mbx_wait                              0x0800663d   Thumb Code   174  rt_mailbox.o(i.rt_mbx_wait)
    rt_mut_init                              0x08006735   Thumb Code    16  rt_mutex.o(i.rt_mut_init)
    rt_mut_release                           0x08006745   Thumb Code   208  rt_mutex.o(i.rt_mut_release)
    rt_mut_wait                              0x0800681d   Thumb Code   100  rt_mutex.o(i.rt_mut_wait)
    rt_pop_req                               0x08006885   Thumb Code   112  rt_system.o(i.rt_pop_req)
    rt_psh_req                               0x08006901   Thumb Code    22  rt_system.o(i.rt_psh_req)
    rt_psq_enq                               0x08006921   Thumb Code    88  rt_list.o(i.rt_psq_enq)
    rt_put_dly                               0x0800697d   Thumb Code    68  rt_list.o(i.rt_put_dly)
    rt_put_prio                              0x080069c5   Thumb Code    54  rt_list.o(i.rt_put_prio)
    rt_put_rdy_first                         0x080069fd   Thumb Code    14  rt_list.o(i.rt_put_rdy_first)
    rt_resort_prio                           0x08006a11   Thumb Code    46  rt_list.o(i.rt_resort_prio)
    rt_ret_val                               0x08006a55   Thumb Code    12  hal_cm.o(i.rt_ret_val)
    rt_ret_val2                              0x08006a61   Thumb Code    16  hal_cm.o(i.rt_ret_val2)
    rt_rmv_dly                               0x08006a71   Thumb Code    40  rt_list.o(i.rt_rmv_dly)
    rt_rmv_list                              0x08006a99   Thumb Code    44  rt_list.o(i.rt_rmv_list)
    rt_sem_psh                               0x08006ac9   Thumb Code    48  rt_semaphore.o(i.rt_sem_psh)
    rt_stk_check                             0x08006afd   Thumb Code    28  rt_system.o(i.rt_stk_check)
    rt_switch_req                            0x08006b21   Thumb Code    30  rt_task.o(i.rt_switch_req)
    rt_sys_init                              0x08006b49   Thumb Code   138  rt_task.o(i.rt_sys_init)
    rt_sys_start                             0x08006c15   Thumb Code   110  rt_task.o(i.rt_sys_start)
    rt_systick                               0x08006c8d   Thumb Code    50  rt_system.o(i.rt_systick)
    rt_tsk_create                            0x08006d15   Thumb Code   120  rt_task.o(i.rt_tsk_create)
    rt_tsk_delete                            0x08006d9d   Thumb Code   346  rt_task.o(i.rt_tsk_delete)
    rt_tsk_prio                              0x08006f15   Thumb Code   108  rt_task.o(i.rt_tsk_prio)
    rt_tsk_self                              0x08006f91   Thumb Code    12  rt_task.o(i.rt_tsk_self)
    svcKernelInitialize                      0x08006fa1   Thumb Code    80  rt_cmsis.o(i.svcKernelInitialize)
    svcKernelStart                           0x08007011   Thumb Code    62  rt_cmsis.o(i.svcKernelStart)
    svcMessageCreate                         0x08007059   Thumb Code    36  rt_cmsis.o(i.svcMessageCreate)
    svcMessageGet                            0x0800707d   Thumb Code    58  rt_cmsis.o(i.svcMessageGet)
    svcThreadCreate                          0x080070b9   Thumb Code   100  rt_cmsis.o(i.svcThreadCreate)
    svcThreadGetId                           0x08007129   Thumb Code    22  rt_cmsis.o(i.svcThreadGetId)
    svcThreadTerminate                       0x08007145   Thumb Code    50  rt_cmsis.o(i.svcThreadTerminate)
    svcTimerCall                             0x0800717d   Thumb Code    24  rt_cmsis.o(i.svcTimerCall)
    sysTimerTick                             0x08007195   Thumb Code    84  rt_cmsis.o(i.sysTimerTick)
    _fp_init                                 0x080071f1   Thumb Code    10  fpinit.o(x$fpl$fpinit)
    __fplib_config_fpu_vfp                   0x080071f9   Thumb Code     0  fpinit.o(x$fpl$fpinit)
    __fplib_config_pureend_doubles           0x080071f9   Thumb Code     0  fpinit.o(x$fpl$fpinit)
    os_maxtaskrun                            0x0800721c   Data           2  rtx_conf_cm.o(.constdata)
    os_stackinfo                             0x08007220   Data           4  rtx_conf_cm.o(.constdata)
    os_rrobin                                0x08007224   Data           4  rtx_conf_cm.o(.constdata)
    os_tickfreq                              0x08007228   Data           4  rtx_conf_cm.o(.constdata)
    os_tickus_i                              0x0800722c   Data           2  rtx_conf_cm.o(.constdata)
    os_tickus_f                              0x0800722e   Data           2  rtx_conf_cm.o(.constdata)
    os_trv                                   0x08007230   Data           4  rtx_conf_cm.o(.constdata)
    os_flags                                 0x08007234   Data           1  rtx_conf_cm.o(.constdata)
    CMSIS_RTOS_API_Version                   0x08007238   Data           4  rtx_conf_cm.o(.constdata)
    CMSIS_RTOS_RTX_Version                   0x0800723c   Data           4  rtx_conf_cm.o(.constdata)
    os_clockrate                             0x08007240   Data           4  rtx_conf_cm.o(.constdata)
    os_timernum                              0x08007244   Data           4  rtx_conf_cm.o(.constdata)
    mp_tcb_size                              0x08007248   Data           2  rtx_conf_cm.o(.constdata)
    mp_stk_size                              0x0800724c   Data           4  rtx_conf_cm.o(.constdata)
    os_stack_sz                              0x08007250   Data           4  rtx_conf_cm.o(.constdata)
    os_fifo_size                             0x08007254   Data           1  rtx_conf_cm.o(.constdata)
    os_thread_def_osTimerThread              0x08007258   Data          16  rtx_conf_cm.o(.constdata)
    os_messageQ_def_osTimerMessageQ          0x08007268   Data           8  rtx_conf_cm.o(.constdata)
    mp_tmr_size                              0x08007270   Data           2  rtx_conf_cm.o(.constdata)
    AHBPrescTable                            0x08007272   Data          16  system_stm32f4xx.o(.constdata)
    Region$$Table$$Base                      0x08007284   Number         0  anon$$obj.o(Region$$Table)
    Region$$Table$$Limit                     0x080072a4   Number         0  anon$$obj.o(Region$$Table)
    reg_int_flags                            0x20000004   Data           4  events.o(.data)
    ramDisplayList                           0x20000008   Data           4  _ft800.o(.data)
    ramCommandBuffer                         0x2000000c   Data           4  _ft800.o(.data)
    FT800Gpio                                0x20000010   Data           1  _ft800.o(.data)
    cmdOffset                                0x20000014   Data           4  _ft800.o(.data)
    cmdBufferRd                              0x20000018   Data           4  _ft800.o(.data)
    cmdBufferWr                              0x2000001c   Data           4  _ft800.o(.data)
    osThreadId_osTimerThread                 0x20000030   Data           4  rtx_conf_cm.o(.data)
    osMessageQId_osTimerMessageQ             0x20000034   Data           4  rtx_conf_cm.o(.data)
    os_tmr                                   0x20000038   Data           4  rtx_conf_cm.o(.data)
    m_tmr                                    0x2000003c   Data           4  rtx_conf_cm.o(.data)
    os_thread_def_main                       0x20000044   Data          16  rtx_conf_cm.o(.data)
    SystemCoreClock                          0x20000054   Data           4  system_stm32f4xx.o(.data)
    os_initialized                           0x20000058   Data           1  rt_cmsis.o(.data)
    os_running                               0x20000059   Data           1  rt_cmsis.o(.data)
    os_timer_head                            0x2000005c   Data           4  rt_cmsis.o(.data)
    os_tsk                                   0x20000060   Data           8  rt_task.o(.data)
    os_tick_irqn                             0x2000006c   Data           4  rt_system.o(.data)
    os_time                                  0x20000070   Data           4  rt_time.o(.data)
    os_robin                                 0x20000074   Data           8  rt_robin.o(.data)
    dbg_msg                                  0x2000007c   Data           1  hal_cm.o(.data)
    mp_tcb                                   0x20000080   Data         428  rtx_conf_cm.o(.bss)
    mp_stk                                   0x20000230   Data        1416  rtx_conf_cm.o(.bss)
    os_stack_mem                             0x200007b8   Data         432  rtx_conf_cm.o(.bss)
    os_fifo                                  0x20000968   Data         132  rtx_conf_cm.o(.bss)
    os_active_TCB                            0x200009ec   Data          32  rtx_conf_cm.o(.bss)
    os_messageQ_q_osTimerMessageQ            0x20000a0c   Data          32  rtx_conf_cm.o(.bss)
    os_idle_TCB                              0x20000dac   Data          52  rt_task.o(.bss)
    os_rdy                                   0x20000de0   Data          24  rt_list.o(.bss)
    os_dly                                   0x20000df8   Data          24  rt_list.o(.bss)
    __libspace_start                         0x20000e10   Data          96  libspace.o(.bss)
    __temporary_stack_top$libspace           0x20000e70   Data           0  libspace.o(.bss)



==============================================================================

Memory Map of the image

  Image Entry point : 0x08000189

  Load Region LR_IROM1 (Base: 0x08000000, Size: 0x00007324, Max: 0x00100000, ABSOLUTE)

    Execution Region ER_IROM1 (Base: 0x08000000, Size: 0x000072a4, Max: 0x00100000, ABSOLUTE)

    Base Addr    Size         Type   Attr      Idx    E Section Name        Object

    0x08000000   0x00000188   Data   RO          552    RESET               startup_stm32f407xx.o
    0x08000188   0x00000008   Code   RO         1820  * !!!main             c_w.l(__main.o)
    0x08000190   0x00000034   Code   RO         1980    !!!scatter          c_w.l(__scatter.o)
    0x080001c4   0x0000001a   Code   RO         1982    !!handler_copy      c_w.l(__scatter_copy.o)
    0x080001de   0x00000002   PAD
    0x080001e0   0x0000001c   Code   RO         1984    !!handler_zi        c_w.l(__scatter_zi.o)
    0x080001fc   0x00000002   Code   RO         1867    .ARM.Collect$$libinit$$00000000  c_w.l(libinit.o)
    0x080001fe   0x00000004   Code   RO         1878    .ARM.Collect$$libinit$$00000001  c_w.l(libinit2.o)
    0x08000202   0x00000000   Code   RO         1881    .ARM.Collect$$libinit$$00000004  c_w.l(libinit2.o)
    0x08000202   0x00000000   Code   RO         1884    .ARM.Collect$$libinit$$0000000A  c_w.l(libinit2.o)
    0x08000202   0x00000000   Code   RO         1886    .ARM.Collect$$libinit$$0000000C  c_w.l(libinit2.o)
    0x08000202   0x00000000   Code   RO         1888    .ARM.Collect$$libinit$$0000000E  c_w.l(libinit2.o)
    0x08000202   0x00000000   Code   RO         1891    .ARM.Collect$$libinit$$00000011  c_w.l(libinit2.o)
    0x08000202   0x00000000   Code   RO         1893    .ARM.Collect$$libinit$$00000013  c_w.l(libinit2.o)
    0x08000202   0x00000000   Code   RO         1895    .ARM.Collect$$libinit$$00000015  c_w.l(libinit2.o)
    0x08000202   0x00000000   Code   RO         1897    .ARM.Collect$$libinit$$00000017  c_w.l(libinit2.o)
    0x08000202   0x00000000   Code   RO         1899    .ARM.Collect$$libinit$$00000019  c_w.l(libinit2.o)
    0x08000202   0x00000000   Code   RO         1901    .ARM.Collect$$libinit$$0000001B  c_w.l(libinit2.o)
    0x08000202   0x00000000   Code   RO         1903    .ARM.Collect$$libinit$$0000001D  c_w.l(libinit2.o)
    0x08000202   0x00000000   Code   RO         1905    .ARM.Collect$$libinit$$0000001F  c_w.l(libinit2.o)
    0x08000202   0x00000000   Code   RO         1907    .ARM.Collect$$libinit$$00000021  c_w.l(libinit2.o)
    0x08000202   0x00000000   Code   RO         1909    .ARM.Collect$$libinit$$00000023  c_w.l(libinit2.o)
    0x08000202   0x00000000   Code   RO         1911    .ARM.Collect$$libinit$$00000025  c_w.l(libinit2.o)
    0x08000202   0x00000000   Code   RO         1915    .ARM.Collect$$libinit$$0000002C  c_w.l(libinit2.o)
    0x08000202   0x00000000   Code   RO         1917    .ARM.Collect$$libinit$$0000002E  c_w.l(libinit2.o)
    0x08000202   0x00000000   Code   RO         1919    .ARM.Collect$$libinit$$00000030  c_w.l(libinit2.o)
    0x08000202   0x00000000   Code   RO         1921    .ARM.Collect$$libinit$$00000032  c_w.l(libinit2.o)
    0x08000202   0x00000002   Code   RO         1922    .ARM.Collect$$libinit$$00000033  c_w.l(libinit2.o)
    0x08000204   0x00000002   Code   RO         1868    .ARM.Collect$$libshutdown$$00000000  c_w.l(libshutdown.o)
    0x08000206   0x00000000   Code   RO         1925    .ARM.Collect$$libshutdown$$00000003  c_w.l(libshutdown2.o)
    0x08000206   0x00000000   Code   RO         1928    .ARM.Collect$$libshutdown$$00000006  c_w.l(libshutdown2.o)
    0x08000206   0x00000000   Code   RO         1931    .ARM.Collect$$libshutdown$$00000009  c_w.l(libshutdown2.o)
    0x08000206   0x00000000   Code   RO         1933    .ARM.Collect$$libshutdown$$0000000B  c_w.l(libshutdown2.o)
    0x08000206   0x00000000   Code   RO         1936    .ARM.Collect$$libshutdown$$0000000E  c_w.l(libshutdown2.o)
    0x08000206   0x00000002   Code   RO         1937    .ARM.Collect$$libshutdown$$0000000F  c_w.l(libshutdown2.o)
    0x08000208   0x00000000   Code   RO         1822    .ARM.Collect$$rtentry$$00000000  c_w.l(__rtentry.o)
    0x08000208   0x00000000   Code   RO         1830    .ARM.Collect$$rtentry$$00000002  c_w.l(__rtentry2.o)
    0x08000208   0x00000006   Code   RO         1842    .ARM.Collect$$rtentry$$00000004  c_w.l(__rtentry4.o)
    0x0800020e   0x00000000   Code   RO         1832    .ARM.Collect$$rtentry$$00000009  c_w.l(__rtentry2.o)
    0x0800020e   0x00000004   Code   RO         1833    .ARM.Collect$$rtentry$$0000000A  c_w.l(__rtentry2.o)
    0x08000212   0x00000008   Code   RO         1834    .ARM.Collect$$rtentry$$0000000B  c_w.l(__rtentry2.o)
    0x0800021a   0x00000008   Code   RO         1836    .ARM.Collect$$rtentry$$0000000D  c_w.l(__rtentry2.o)
    0x08000222   0x00000002   Code   RO         1823    .ARM.Collect$$rtexit$$00000000  c_w.l(rtexit.o)
    0x08000224   0x00000000   Code   RO         1845    .ARM.Collect$$rtexit$$00000002  c_w.l(rtexit2.o)
    0x08000224   0x00000004   Code   RO         1846    .ARM.Collect$$rtexit$$00000003  c_w.l(rtexit2.o)
    0x08000228   0x00000006   Code   RO         1847    .ARM.Collect$$rtexit$$00000004  c_w.l(rtexit2.o)
    0x0800022e   0x00000002   PAD
    0x08000230   0x0000001c   Code   RO          522    .emb_text           rtx_conf_cm.o
    0x0800024c   0x00000198   Code   RO         1794    .emb_text           RTX_CM4.lib(hal_cm4.o)
    0x080003e4   0x00000024   Code   RO            4    .text               main.o
    0x08000408   0x00000258   Code   RO          114    .text               _init.o
    0x08000660   0x000000c8   Code   RO          139    .text               events.o
    0x08000728   0x00002bd8   Code   RO          196    .text               _ft800.o
    0x08003300   0x000000e0   Code   RO          307    .text               misc.o
    0x080033e0   0x0000011c   Code   RO          331    .text               stm32f4xx_exti.o
    0x080034fc   0x0000025c   Code   RO          355    .text               stm32f4xx_gpio.o
    0x08003758   0x00000588   Code   RO          379    .text               stm32f4xx_rcc.o
    0x08003ce0   0x00000d30   Code   RO          405    .text               stm32f4xx_rtc.o
    0x08004a10   0x000003f8   Code   RO          429    .text               stm32f4xx_spi.o
    0x08004e08   0x0000008c   Code   RO          453    .text               stm32f4xx_syscfg.o
    0x08004e94   0x00000ca2   Code   RO          477    .text               stm32f4xx_tim.o
    0x08005b36   0x00000002   PAD
    0x08005b38   0x000000f8   Code   RO          501    .text               stm32f4xx_pwr.o
    0x08005c30   0x000000a4   Code   RO          523    .text               rtx_conf_cm.o
    0x08005cd4   0x00000040   Code   RO          553    .text               startup_stm32f407xx.o
    0x08005d14   0x00000120   Code   RO          560    .text               system_stm32f4xx.o
    0x08005e34   0x00000008   Code   RO         1809    .text               c_w.l(libspace.o)
    0x08005e3c   0x0000000c   Code   RO         1814    .text               c_w.l(exit.o)
    0x08005e48   0x0000003e   Code   RO         1816    .text               c_w.l(strlen.o)
    0x08005e86   0x00000006   Code   RO         1818    .text               c_w.l(heapauxi.o)
    0x08005e8c   0x0000000c   Code   RO         1853    .text               c_w.l(sys_exit.o)
    0x08005e98   0x0000004a   Code   RO         1855    .text               c_w.l(sys_stackheap_outer.o)
    0x08005ee2   0x00000002   Code   RO         1869    .text               c_w.l(use_no_semi.o)
    0x08005ee4   0x00000000   Code   RO         1871    .text               c_w.l(indicate_semi.o)
    0x08005ee4   0x00000004   Code   RO         1804    SVC_TABLE           RTX_CM4.lib(svc_table.o)
    0x08005ee8   0x00000046   Code   RO         1688    i._init_box         RTX_CM4.lib(rt_membox.o)
    0x08005f2e   0x00000002   PAD
    0x08005f30   0x00000030   Code   RO         1741    i.dbg_init          RTX_CM4.lib(hal_cm.o)
    0x08005f60   0x00000020   Code   RO         1742    i.dbg_task_notify   RTX_CM4.lib(hal_cm.o)
    0x08005f80   0x00000010   Code   RO         1743    i.dbg_task_switch   RTX_CM4.lib(hal_cm.o)
    0x08005f90   0x0000002a   Code   RO          591    i.isrMessageGet     RTX_CM4.lib(rt_cmsis.o)
    0x08005fba   0x0000002c   Code   RO          592    i.isrMessagePut     RTX_CM4.lib(rt_cmsis.o)
    0x08005fe6   0x00000002   PAD
    0x08005fe8   0x00000052   Code   RO         1543    i.isr_mbx_receive   RTX_CM4.lib(rt_mailbox.o)
    0x0800603a   0x0000000e   Code   RO         1544    i.isr_mbx_send      RTX_CM4.lib(rt_mailbox.o)
    0x08006048   0x00000024   Code   RO          596    i.osKernelInitialize  RTX_CM4.lib(rt_cmsis.o)
    0x0800606c   0x0000006c   Code   RO          598    i.osKernelStart     RTX_CM4.lib(rt_cmsis.o)
    0x080060d8   0x00000018   Code   RO          607    i.osMessageGet      RTX_CM4.lib(rt_cmsis.o)
    0x080060f0   0x00000030   Code   RO          624    i.osThreadCreate    RTX_CM4.lib(rt_cmsis.o)
    0x08006120   0x00000018   Code   RO          625    i.osThreadExit      RTX_CM4.lib(rt_cmsis.o)
    0x08006138   0x00000018   Code   RO          626    i.osThreadGetId     RTX_CM4.lib(rt_cmsis.o)
    0x08006150   0x00000018   Code   RO          629    i.osThreadTerminate  RTX_CM4.lib(rt_cmsis.o)
    0x08006168   0x0000000c   Code   RO          631    i.osTimerCall       RTX_CM4.lib(rt_cmsis.o)
    0x08006174   0x0000002c   Code   RO          636    i.osTimerThread     RTX_CM4.lib(rt_cmsis.o)
    0x080061a0   0x00000028   Code   RO         1335    i.os_tick_init      RTX_CM4.lib(rt_system.o)
    0x080061c8   0x00000002   Code   RO         1336    i.os_tick_irqack    RTX_CM4.lib(rt_system.o)
    0x080061ca   0x0000001a   Code   RO         1689    i.rt_alloc_box      RTX_CM4.lib(rt_membox.o)
    0x080061e4   0x0000003e   Code   RO         1717    i.rt_alloc_mem      RTX_CM4.lib(rt_memory.o)
    0x08006222   0x00000002   PAD
    0x08006224   0x00000038   Code   RO         1216    i.rt_block          RTX_CM4.lib(rt_task.o)
    0x0800625c   0x00000048   Code   RO         1666    i.rt_chk_robin      RTX_CM4.lib(rt_robin.o)
    0x080062a4   0x00000070   Code   RO         1467    i.rt_dec_dly        RTX_CM4.lib(rt_list.o)
    0x08006314   0x00000044   Code   RO         1217    i.rt_dispatch       RTX_CM4.lib(rt_task.o)
    0x08006358   0x00000050   Code   RO         1428    i.rt_evt_psh        RTX_CM4.lib(rt_event.o)
    0x080063a8   0x0000002c   Code   RO         1690    i.rt_free_box       RTX_CM4.lib(rt_membox.o)
    0x080063d4   0x00000028   Code   RO         1718    i.rt_free_mem       RTX_CM4.lib(rt_memory.o)
    0x080063fc   0x00000028   Code   RO         1468    i.rt_get_first      RTX_CM4.lib(rt_list.o)
    0x08006424   0x00000008   Code   RO          641    i.rt_id2obj         RTX_CM4.lib(rt_cmsis.o)
    0x0800642c   0x00000048   Code   RO         1218    i.rt_init_context   RTX_CM4.lib(rt_task.o)
    0x08006474   0x0000001a   Code   RO         1719    i.rt_init_mem       RTX_CM4.lib(rt_memory.o)
    0x0800648e   0x00000002   PAD
    0x08006490   0x00000018   Code   RO         1667    i.rt_init_robin     RTX_CM4.lib(rt_robin.o)
    0x080064a8   0x00000080   Code   RO         1744    i.rt_init_stack     RTX_CM4.lib(hal_cm.o)
    0x08006528   0x00000008   Code   RO         1545    i.rt_mbx_check      RTX_CM4.lib(rt_mailbox.o)
    0x08006530   0x0000001a   Code   RO         1546    i.rt_mbx_init       RTX_CM4.lib(rt_mailbox.o)
    0x0800654a   0x00000002   PAD
    0x0800654c   0x000000f0   Code   RO         1547    i.rt_mbx_psh        RTX_CM4.lib(rt_mailbox.o)
    0x0800663c   0x000000b4   Code   RO         1549    i.rt_mbx_wait       RTX_CM4.lib(rt_mailbox.o)
    0x080066f0   0x00000044   Code   RO          642    i.rt_ms2tick        RTX_CM4.lib(rt_cmsis.o)
    0x08006734   0x00000010   Code   RO         1301    i.rt_mut_init       RTX_CM4.lib(rt_mutex.o)
    0x08006744   0x000000d8   Code   RO         1302    i.rt_mut_release    RTX_CM4.lib(rt_mutex.o)
    0x0800681c   0x00000068   Code   RO         1303    i.rt_mut_wait       RTX_CM4.lib(rt_mutex.o)
    0x08006884   0x0000007c   Code   RO         1339    i.rt_pop_req        RTX_CM4.lib(rt_system.o)
    0x08006900   0x00000020   Code   RO         1340    i.rt_psh_req        RTX_CM4.lib(rt_system.o)
    0x08006920   0x0000005c   Code   RO         1470    i.rt_psq_enq        RTX_CM4.lib(rt_list.o)
    0x0800697c   0x00000048   Code   RO         1471    i.rt_put_dly        RTX_CM4.lib(rt_list.o)
    0x080069c4   0x00000036   Code   RO         1472    i.rt_put_prio       RTX_CM4.lib(rt_list.o)
    0x080069fa   0x00000002   PAD
    0x080069fc   0x00000014   Code   RO         1473    i.rt_put_rdy_first  RTX_CM4.lib(rt_list.o)
    0x08006a10   0x00000034   Code   RO         1474    i.rt_resort_prio    RTX_CM4.lib(rt_list.o)
    0x08006a44   0x00000010   Code   RO         1745    i.rt_ret_regs       RTX_CM4.lib(hal_cm.o)
    0x08006a54   0x0000000c   Code   RO         1746    i.rt_ret_val        RTX_CM4.lib(hal_cm.o)
    0x08006a60   0x00000010   Code   RO         1747    i.rt_ret_val2       RTX_CM4.lib(hal_cm.o)
    0x08006a70   0x00000028   Code   RO         1475    i.rt_rmv_dly        RTX_CM4.lib(rt_list.o)
    0x08006a98   0x00000030   Code   RO         1476    i.rt_rmv_list       RTX_CM4.lib(rt_list.o)
    0x08006ac8   0x00000034   Code   RO         1594    i.rt_sem_psh        RTX_CM4.lib(rt_semaphore.o)
    0x08006afc   0x00000024   Code   RO         1342    i.rt_stk_check      RTX_CM4.lib(rt_system.o)
    0x08006b20   0x00000028   Code   RO         1219    i.rt_switch_req     RTX_CM4.lib(rt_task.o)
    0x08006b48   0x000000cc   Code   RO         1220    i.rt_sys_init       RTX_CM4.lib(rt_task.o)
    0x08006c14   0x00000078   Code   RO         1221    i.rt_sys_start      RTX_CM4.lib(rt_task.o)
    0x08006c8c   0x00000040   Code   RO         1344    i.rt_systick        RTX_CM4.lib(rt_system.o)
    0x08006ccc   0x00000012   Code   RO          643    i.rt_tid2ptcb       RTX_CM4.lib(rt_cmsis.o)
    0x08006cde   0x00000002   PAD
    0x08006ce0   0x00000034   Code   RO          644    i.rt_timer_insert   RTX_CM4.lib(rt_cmsis.o)
    0x08006d14   0x00000088   Code   RO         1222    i.rt_tsk_create     RTX_CM4.lib(rt_task.o)
    0x08006d9c   0x00000178   Code   RO         1223    i.rt_tsk_delete     RTX_CM4.lib(rt_task.o)
    0x08006f14   0x0000007c   Code   RO         1225    i.rt_tsk_prio       RTX_CM4.lib(rt_task.o)
    0x08006f90   0x00000010   Code   RO         1226    i.rt_tsk_self       RTX_CM4.lib(rt_task.o)
    0x08006fa0   0x00000070   Code   RO          647    i.svcKernelInitialize  RTX_CM4.lib(rt_cmsis.o)
    0x08007010   0x00000048   Code   RO          649    i.svcKernelStart    RTX_CM4.lib(rt_cmsis.o)
    0x08007058   0x00000024   Code   RO          652    i.svcMessageCreate  RTX_CM4.lib(rt_cmsis.o)
    0x0800707c   0x0000003a   Code   RO          653    i.svcMessageGet     RTX_CM4.lib(rt_cmsis.o)
    0x080070b6   0x00000002   PAD
    0x080070b8   0x00000070   Code   RO          667    i.svcThreadCreate   RTX_CM4.lib(rt_cmsis.o)
    0x08007128   0x0000001c   Code   RO          668    i.svcThreadGetId    RTX_CM4.lib(rt_cmsis.o)
    0x08007144   0x00000038   Code   RO          671    i.svcThreadTerminate  RTX_CM4.lib(rt_cmsis.o)
    0x0800717c   0x00000018   Code   RO          673    i.svcTimerCall      RTX_CM4.lib(rt_cmsis.o)
    0x08007194   0x0000005c   Code   RO          682    i.sysTimerTick      RTX_CM4.lib(rt_cmsis.o)
    0x080071f0   0x0000000a   Code   RO         1944    x$fpl$fpinit        fz_wm.l(fpinit.o)
    0x080071fa   0x00000002   PAD
    0x080071fc   0x00000010   Data   RO            5    .constdata          main.o
    0x0800720c   0x00000010   Data   RO          115    .constdata          _init.o
    0x0800721c   0x00000056   Data   RO          525    .constdata          rtx_conf_cm.o
    0x08007272   0x00000010   Data   RO          561    .constdata          system_stm32f4xx.o
    0x08007282   0x00000002   PAD
    0x08007284   0x00000020   Data   RO         1978    Region$$Table       anon$$obj.o


    Execution Region RW_IRAM1 (Base: 0x20000000, Size: 0x00001470, Max: 0x00020000, ABSOLUTE)

    Base Addr    Size         Type   Attr      Idx    E Section Name        Object

    0x20000000   0x00000008   Data   RW          140    .data               events.o
    0x20000008   0x00000018   Data   RW          197    .data               _ft800.o
    0x20000020   0x00000010   Data   RW          380    .data               stm32f4xx_rcc.o
    0x20000030   0x00000024   Data   RW          526    .data               rtx_conf_cm.o
    0x20000054   0x00000004   Data   RW          562    .data               system_stm32f4xx.o
    0x20000058   0x00000008   Data   RW          685    .data               RTX_CM4.lib(rt_cmsis.o)
    0x20000060   0x00000008   Data   RW         1228    .data               RTX_CM4.lib(rt_task.o)
    0x20000068   0x00000008   Data   RW         1347    .data               RTX_CM4.lib(rt_system.o)
    0x20000070   0x00000004   Data   RW         1637    .data               RTX_CM4.lib(rt_time.o)
    0x20000074   0x00000008   Data   RW         1668    .data               RTX_CM4.lib(rt_robin.o)
    0x2000007c   0x00000001   Data   RW         1748    .data               RTX_CM4.lib(hal_cm.o)
    0x2000007d   0x00000003   PAD
    0x20000080   0x00000d2c   Zero   RW          524    .bss                rtx_conf_cm.o
    0x20000dac   0x00000034   Zero   RW         1227    .bss                RTX_CM4.lib(rt_task.o)
    0x20000de0   0x00000030   Zero   RW         1477    .bss                RTX_CM4.lib(rt_list.o)
    0x20000e10   0x00000060   Zero   RW         1810    .bss                c_w.l(libspace.o)
    0x20000e70   0x00000200   Zero   RW          551    HEAP                startup_stm32f407xx.o
    0x20001070   0x00000400   Zero   RW          550    STACK               startup_stm32f407xx.o


==============================================================================

Image component sizes


      Code (inc. data)   RO Data    RW Data    ZI Data      Debug   Object Name

     11224       1242          0         24          0       9126   _ft800.o
       600         24         16          0          0       2001   _init.o
       200         14          0          8          0       1369   events.o
        36          6         16          0          0     282225   main.o
       224         20          0          0          0       1789   misc.o
       192         34         86         36       3372       8753   rtx_conf_cm.o
        64         26        392          0       1536        848   startup_stm32f407xx.o
       284         10          0          0          0       2263   stm32f4xx_exti.o
       604         36          0          0          0       4029   stm32f4xx_gpio.o
       248         14          0          0          0       2612   stm32f4xx_pwr.o
      1416         48          0         16          0      10903   stm32f4xx_rcc.o
      3376         40          0          0          0      15000   stm32f4xx_rtc.o
      1016         22          0          0          0       6749   stm32f4xx_spi.o
       140         12          0          0          0       1667   stm32f4xx_syscfg.o
      3234         60          0          0          0      22268   stm32f4xx_tim.o
       288         32         16          4          0       1515   system_stm32f4xx.o

    ----------------------------------------------------------------------
     23148       1640        560         88       4908     373117   Object Totals
         0          0         32          0          0          0   (incl. Generated)
         2          0          2          0          0          0   (incl. Padding)

    ----------------------------------------------------------------------

      Code (inc. data)   RO Data    RW Data    ZI Data      Debug   Library Member Name

       268         24          0          1          0       4372   hal_cm.o
       408         34          0          0          0        804   hal_cm4.o
      1166        150          0          8          0      34837   rt_cmsis.o
        80          4          0          0          0        689   rt_event.o
       530         34          0          0         48       8525   rt_list.o
       550         10          0          0          0       4125   rt_mailbox.o
       140          0          0          0          0       2009   rt_membox.o
       128          0          0          0          0       2383   rt_memory.o
       336         12          0          0          0       2169   rt_mutex.o
        96         22          0          8          0       1206   rt_robin.o
        52          4          0          0          0        605   rt_semaphore.o
       298         52          0          8          0       6379   rt_system.o
      1212        174          0          8         52       9933   rt_task.o
         0          0          0          4          0        198   rt_time.o
         4          4          0          0          0        188   svc_table.o
         8          0          0          0          0         68   __main.o
         0          0          0          0          0          0   __rtentry.o
        20          0          0          0          0          0   __rtentry2.o
         6          0          0          0          0          0   __rtentry4.o
        52          8          0          0          0          0   __scatter.o
        26          0          0          0          0          0   __scatter_copy.o
        28          0          0          0          0          0   __scatter_zi.o
        12          0          0          0          0         72   exit.o
         6          0          0          0          0        152   heapauxi.o
         0          0          0          0          0          0   indicate_semi.o
         2          0          0          0          0          0   libinit.o
         6          0          0          0          0          0   libinit2.o
         2          0          0          0          0          0   libshutdown.o
         2          0          0          0          0          0   libshutdown2.o
         8          4          0          0         96         68   libspace.o
         2          0          0          0          0          0   rtexit.o
        10          0          0          0          0          0   rtexit2.o
        62          0          0          0          0         76   strlen.o
        12          4          0          0          0         68   sys_exit.o
        74          0          0          0          0         80   sys_stackheap_outer.o
         2          0          0          0          0         68   use_no_semi.o
        10          0          0          0          0        116   fpinit.o

    ----------------------------------------------------------------------
      5640        540          0         40        196      79190   Library Totals
        22          0          0          3          0          0   (incl. Padding)

    ----------------------------------------------------------------------

      Code (inc. data)   RO Data    RW Data    ZI Data      Debug   Library Name

      5268        524          0         37        100      78422   RTX_CM4.lib
       340         16          0          0         96        652   c_w.l
        10          0          0          0          0        116   fz_wm.l

    ----------------------------------------------------------------------
      5640        540          0         40        196      79190   Library Totals

    ----------------------------------------------------------------------

==============================================================================


      Code (inc. data)   RO Data    RW Data    ZI Data      Debug   

     28788       2180        560        128       5104     440999   Grand Totals
     28788       2180        560        128       5104     440999   ELF Image Totals
     28788       2180        560        128          0          0   ROM Totals

==============================================================================

    Total RO  Size (Code + RO Data)                29348 (  28.66kB)
    Total RW  Size (RW Data + ZI Data)              5232 (   5.11kB)
    Total ROM Size (Code + RO Data + RW Data)      29476 (  28.79kB)

==============================================================================

