Component: ARM Compiler 5.05 update 1 (build 106) Tool: armlink [4d0efa]

==============================================================================

Section Cross References

    main.o(.text) refers to rt_cmsis.o(i.osKernelInitialize) for osKernelInitialize
    main.o(.text) refers to rt_cmsis.o(i.osThreadCreate) for osThreadCreate
    main.o(.text) refers to rt_cmsis.o(i.osKernelStart) for osKernelStart
    main.o(.text) refers to main.o(.constdata) for .constdata
    main.o(.constdata) refers to ft800_driver.o(.text) for __rtx_ft800_task
    events.o(.text) refers to stm32f4xx_tim.o(.text) for TIM_GetITStatus
    events.o(.text) refers to stm32f4xx_exti.o(.text) for EXTI_GetITStatus
    events.o(.text) refers to ft800_driver.o(.text) for FT800_Mem_Read32
    events.o(.text) refers to stm32f4xx_rcc.o(.text) for RCC_APB1PeriphClockCmd
    events.o(.text) refers to misc.o(.text) for NVIC_Init
    events.o(.text) refers to events.o(.data) for TimingDelay
    ft800_driver.o(.text) refers to stm32f4xx_rcc.o(.text) for RCC_AHB1PeriphClockCmd
    ft800_driver.o(.text) refers to stm32f4xx_gpio.o(.text) for GPIO_Init
    ft800_driver.o(.text) refers to stm32f4xx_spi.o(.text) for SPI_Init
    ft800_driver.o(.text) refers to rt_cmsis.o(i.osDelay) for osDelay
    ft800_driver.o(.text) refers to ft800_driver.o(.data) for ramDisplayList
    ft800_driver.o(.text) refers to strlen.o(.text) for strlen
    stm32f4xx_gpio.o(.text) refers to stm32f4xx_rcc.o(.text) for RCC_AHB1PeriphResetCmd
    stm32f4xx_rcc.o(.text) refers to stm32f4xx_rcc.o(.data) for APBAHBPrescTable
    stm32f4xx_spi.o(.text) refers to stm32f4xx_rcc.o(.text) for RCC_APB2PeriphResetCmd
    stm32f4xx_syscfg.o(.text) refers to stm32f4xx_rcc.o(.text) for RCC_APB2PeriphResetCmd
    stm32f4xx_tim.o(.text) refers to stm32f4xx_rcc.o(.text) for RCC_APB2PeriphResetCmd
    stm32f4xx_pwr.o(.text) refers to stm32f4xx_rcc.o(.text) for RCC_APB1PeriphResetCmd
    rtx_conf_cm.o(.emb_text) refers to rt_cmsis.o(i.osKernelInitialize) for osKernelInitialize
    rtx_conf_cm.o(.emb_text) refers to rt_cmsis.o(i.osThreadCreate) for osThreadCreate
    rtx_conf_cm.o(.emb_text) refers to rt_cmsis.o(i.osKernelStart) for osKernelStart
    rtx_conf_cm.o(.emb_text) refers to exit.o(.text) for exit
    rtx_conf_cm.o(.emb_text) refers to rtx_conf_cm.o(.data) for os_thread_def_main
    rtx_conf_cm.o(.text) refers to rt_task.o(i.rt_tsk_self) for rt_tsk_self
    rtx_conf_cm.o(.text) refers to rt_mutex.o(i.rt_mut_init) for rt_mut_init
    rtx_conf_cm.o(.text) refers to rt_cmsis.o(.data) for os_running
    rtx_conf_cm.o(.text) refers to rtx_conf_cm.o(.bss) for .bss
    rtx_conf_cm.o(.text) refers to libspace.o(.bss) for __libspace_start
    rtx_conf_cm.o(.text) refers to rtx_conf_cm.o(.data) for .data
    rtx_conf_cm.o(.text) refers to rt_mutex.o(i.rt_mut_wait) for rt_mut_wait
    rtx_conf_cm.o(.text) refers to rt_mutex.o(i.rt_mut_release) for rt_mut_release
    rtx_conf_cm.o(.constdata) refers to rt_cmsis.o(i.osTimerThread) for osTimerThread
    rtx_conf_cm.o(.constdata) refers to rtx_conf_cm.o(.bss) for os_messageQ_q_osTimerMessageQ
    rtx_conf_cm.o(.data) refers to main.o(.text) for main
    startup_stm32f407xx.o(STACK) refers (Special) to heapauxi.o(.text) for __use_two_region_memory
    startup_stm32f407xx.o(HEAP) refers (Special) to heapauxi.o(.text) for __use_two_region_memory
    startup_stm32f407xx.o(RESET) refers (Special) to heapauxi.o(.text) for __use_two_region_memory
    startup_stm32f407xx.o(RESET) refers to startup_stm32f407xx.o(STACK) for __initial_sp
    startup_stm32f407xx.o(RESET) refers to startup_stm32f407xx.o(.text) for Reset_Handler
    startup_stm32f407xx.o(RESET) refers to hal_cm4.o(.emb_text) for SVC_Handler
    startup_stm32f407xx.o(RESET) refers to events.o(.text) for EXTI9_5_IRQHandler
    startup_stm32f407xx.o(.text) refers (Special) to heapauxi.o(.text) for __use_two_region_memory
    startup_stm32f407xx.o(.text) refers to system_stm32f4xx.o(.text) for SystemInit
    startup_stm32f407xx.o(.text) refers to __main.o(!!!main) for __main
    startup_stm32f407xx.o(.text) refers to startup_stm32f407xx.o(HEAP) for Heap_Mem
    startup_stm32f407xx.o(.text) refers to startup_stm32f407xx.o(STACK) for Stack_Mem
    system_stm32f4xx.o(.text) refers to system_stm32f4xx.o(.data) for SystemCoreClock
    system_stm32f4xx.o(.text) refers to system_stm32f4xx.o(.constdata) for AHBPrescTable
    rt_cmsis.o(i.isrMessageGet) refers to rt_mailbox.o(i.isr_mbx_receive) for isr_mbx_receive
    rt_cmsis.o(i.isrMessagePut) refers to rt_mailbox.o(i.rt_mbx_check) for rt_mbx_check
    rt_cmsis.o(i.isrMessagePut) refers to rt_mailbox.o(i.isr_mbx_send) for isr_mbx_send
    rt_cmsis.o(i.isrSemaphoreRelease) refers to rt_cmsis.o(i.rt_id2obj) for rt_id2obj
    rt_cmsis.o(i.isrSemaphoreRelease) refers to rt_semaphore.o(i.isr_sem_send) for isr_sem_send
    rt_cmsis.o(i.isrSignalSet) refers to rt_cmsis.o(i.rt_tid2ptcb) for rt_tid2ptcb
[...]
    .ARM.Collect$$rtentry$$00000009          0x0800020e   Section        0  __rtentry2.o(.ARM.Collect$$rtentry$$00000009)
    .ARM.Collect$$rtentry$$0000000A          0x0800020e   Section        4  __rtentry2.o(.ARM.Collect$$rtentry$$0000000A)
    .ARM.Collect$$rtentry$$0000000B          0x08000212   Section        8  __rtentry2.o(.ARM.Collect$$rtentry$$0000000B)
    .ARM.Collect$$rtentry$$0000000D          0x0800021a   Section        8  __rtentry2.o(.ARM.Collect$$rtentry$$0000000D)
    .ARM.Collect$$rtexit$$00000000           0x08000222   Section        2  rtexit.o(.ARM.Collect$$rtexit$$00000000)
    .ARM.Collect$$rtexit$$00000002           0x08000224   Section        0  rtexit2.o(.ARM.Collect$$rtexit$$00000002)
    .ARM.Collect$$rtexit$$00000003           0x08000224   Section        4  rtexit2.o(.ARM.Collect$$rtexit$$00000003)
    .ARM.Collect$$rtexit$$00000004           0x08000228   Section        6  rtexit2.o(.ARM.Collect$$rtexit$$00000004)
    .emb_text                                0x08000230   Section       28  rtx_conf_cm.o(.emb_text)
    $v0                                      0x08000230   Number         0  rtx_conf_cm.o(.emb_text)
    .emb_text                                0x0800024c   Section      408  hal_cm4.o(.emb_text)
    $v0                                      0x0800024c   Number         0  hal_cm4.o(.emb_text)
    .text                                    0x080003e4   Section        0  main.o(.text)
    .text                                    0x08000408   Section        0  events.o(.text)
    TimingDelay_Decrement                    0x08000409   Thumb Code    18  events.o(.text)
    .text                                    0x080004d0   Section        0  ft800_driver.o(.text)
    periph_gpio_init                         0x080004d1   Thumb Code   166  ft800_driver.o(.text)
    periph_spi_init                          0x08000577   Thumb Code    76  ft800_driver.o(.text)
    SPI_Send                                 0x080005c3   Thumb Code    56  ft800_driver.o(.text)
    ft800_init                               0x080007a5   Thumb Code   510  ft800_driver.o(.text)
    __ft800_task_init                        0x080009a3   Thumb Code    16  ft800_driver.o(.text)
    .text                                    0x080033ac   Section        0  misc.o(.text)
    .text                                    0x0800348c   Section        0  stm32f4xx_exti.o(.text)
    .text                                    0x080035a8   Section        0  stm32f4xx_gpio.o(.text)
    .text                                    0x08003804   Section        0  stm32f4xx_rcc.o(.text)
    .text                                    0x08003d8c   Section        0  stm32f4xx_spi.o(.text)
    .text                                    0x08004184   Section        0  stm32f4xx_tim.o(.text)
    TI4_Config                               0x08004923   Thumb Code    80  stm32f4xx_tim.o(.text)
    TI3_Config                               0x08004985   Thumb Code    72  stm32f4xx_tim.o(.text)
    TI2_Config                               0x080049e7   Thumb Code    90  stm32f4xx_tim.o(.text)
    TI1_Config                               0x08004a53   Thumb Code    58  stm32f4xx_tim.o(.text)
    .text                                    0x08004e28   Section        0  rtx_conf_cm.o(.text)
    __tagsym$$used                           0x08004e89   Number         0  rtx_conf_cm.o(.text)
    __tagsym$$used                           0x08004e9f   Number         0  rtx_conf_cm.o(.text)
    .text                                    0x08004ecc   Section       64  startup_stm32f407xx.o(.text)
    $v0                                      0x08004ecc   Number         0  startup_stm32f407xx.o(.text)
    .text                                    0x08004f0c   Section        0  system_stm32f4xx.o(.text)
    .text                                    0x0800502c   Section        8  libspace.o(.text)
    .text                                    0x08005034   Section        0  exit.o(.text)
    .text                                    0x08005040   Section        0  strlen.o(.text)
    .text                                    0x0800507e   Section        0  heapauxi.o(.text)
    .text                                    0x08005084   Section        0  sys_exit.o(.text)
    .text                                    0x08005090   Section       74  sys_stackheap_outer.o(.text)
    .text                                    0x080050da   Section        2  use_no_semi.o(.text)
    .text                                    0x080050dc   Section        0  indicate_semi.o(.text)
    SVC_TABLE                                0x080050dc   Section        4  svc_table.o(SVC_TABLE)
    i._init_box                              0x080050e0   Section        0  rt_membox.o(i._init_box)
    i.dbg_init                               0x08005128   Section        0  hal_cm.o(i.dbg_init)
    i.dbg_task_notify                        0x08005158   Section        0  hal_cm.o(i.dbg_task_notify)
    i.dbg_task_switch                        0x08005178   Section        0  hal_cm.o(i.dbg_task_switch)
    i.isrMessageGet                          0x08005188   Section        0  rt_cmsis.o(i.isrMessageGet)
    i.isrMessagePut                          0x080051b2   Section        0  rt_cmsis.o(i.isrMessagePut)
    i.isr_mbx_receive                        0x080051e0   Section        0  rt_mailbox.o(i.isr_mbx_receive)
    i.isr_mbx_send                           0x08005232   Section        0  rt_mailbox.o(i.isr_mbx_send)
    i.osDelay                                0x08005240   Section        0  rt_cmsis.o(i.osDelay)
    i.osKernelInitialize                     0x08005258   Section        0  rt_cmsis.o(i.osKernelInitialize)
    i.osKernelStart                          0x0800527c   Section        0  rt_cmsis.o(i.osKernelStart)
    i.osMessageGet                           0x080052e8   Section        0  rt_cmsis.o(i.osMessageGet)
    i.osThreadCreate                         0x08005300   Section        0  rt_cmsis.o(i.osThreadCreate)
    i.osThreadExit                           0x08005330   Section        0  rt_cmsis.o(i.osThreadExit)
    i.osTimerCall                            0x08005348   Section        0  rt_cmsis.o(i.osTimerCall)
    i.osTimerThread                          0x08005354   Section        0  rt_cmsis.o(i.osTimerThread)
    i.os_tick_init                           0x08005380   Section        0  rt_system.o(i.os_tick_init)
    i.os_tick_irqack                         0x080053a8   Section        0  rt_system.o(i.os_tick_irqack)
    i.rt_alloc_box                           0x080053aa   Section        0  rt_membox.o(i.rt_alloc_box)
    i.rt_alloc_mem                           0x080053c4   Section        0  rt_memory.o(i.rt_alloc_mem)
    i.rt_block                               0x08005404   Section        0  rt_task.o(i.rt_block)
    i.rt_chk_robin                           0x0800543c   Section        0  rt_robin.o(i.rt_chk_robin)
    i.rt_dec_dly                             0x08005484   Section        0  rt_list.o(i.rt_dec_dly)
    i.rt_dispatch                            0x080054f4   Section        0  rt_task.o(i.rt_dispatch)
    i.rt_dly_wait                            0x08005538   Section        0  rt_time.o(i.rt_dly_wait)
    i.rt_evt_psh                             0x08005540   Section        0  rt_event.o(i.rt_evt_psh)
    i.rt_free_box                            0x08005590   Section        0  rt_membox.o(i.rt_free_box)
    i.rt_free_mem                            0x080055bc   Section        0  rt_memory.o(i.rt_free_mem)
    i.rt_get_first                           0x080055e4   Section        0  rt_list.o(i.rt_get_first)
    i.rt_id2obj                              0x0800560c   Section        0  rt_cmsis.o(i.rt_id2obj)
    rt_id2obj                                0x0800560d   Thumb Code     8  rt_cmsis.o(i.rt_id2obj)
    i.rt_init_context                        0x08005614   Section        0  rt_task.o(i.rt_init_context)
    rt_init_context                          0x08005615   Thumb Code    66  rt_task.o(i.rt_init_context)
    i.rt_init_mem                            0x0800565c   Section        0  rt_memory.o(i.rt_init_mem)
    i.rt_init_robin                          0x08005678   Section        0  rt_robin.o(i.rt_init_robin)
    i.rt_init_stack                          0x08005690   Section        0  hal_cm.o(i.rt_init_stack)
    i.rt_mbx_check                           0x08005710   Section        0  rt_mailbox.o(i.rt_mbx_check)
    i.rt_mbx_init                            0x08005718   Section        0  rt_mailbox.o(i.rt_mbx_init)
    i.rt_mbx_psh                             0x08005734   Section        0  rt_mailbox.o(i.rt_mbx_psh)
    i.rt_mbx_wait                            0x08005824   Section        0  rt_mailbox.o(i.rt_mbx_wait)
    i.rt_ms2tick                             0x080058d8   Section        0  rt_cmsis.o(i.rt_ms2tick)
    rt_ms2tick                               0x080058d9   Thumb Code    60  rt_cmsis.o(i.rt_ms2tick)
    i.rt_mut_init                            0x0800591c   Section        0  rt_mutex.o(i.rt_mut_init)
    i.rt_mut_release                         0x0800592c   Section        0  rt_mutex.o(i.rt_mut_release)
    i.rt_mut_wait                            0x08005a04   Section        0  rt_mutex.o(i.rt_mut_wait)
    i.rt_pop_req                             0x08005a6c   Section        0  rt_system.o(i.rt_pop_req)
    i.rt_psh_req                             0x08005ae8   Section        0  rt_system.o(i.rt_psh_req)
    i.rt_psq_enq                             0x08005b08   Section        0  rt_list.o(i.rt_psq_enq)
    i.rt_put_dly                             0x08005b64   Section        0  rt_list.o(i.rt_put_dly)
    i.rt_put_prio                            0x08005bac   Section        0  rt_list.o(i.rt_put_prio)
    i.rt_put_rdy_first                       0x08005be4   Section        0  rt_list.o(i.rt_put_rdy_first)
    i.rt_resort_prio                         0x08005bf8   Section        0  rt_list.o(i.rt_resort_prio)
    i.rt_ret_regs                            0x08005c2c   Section        0  hal_cm.o(i.rt_ret_regs)
    rt_ret_regs                              0x08005c2d   Thumb Code    16  hal_cm.o(i.rt_ret_regs)
    i.rt_ret_val                             0x08005c3c   Section        0  hal_cm.o(i.rt_ret_val)
    i.rt_ret_val2                            0x08005c48   Section        0  hal_cm.o(i.rt_ret_val2)
    i.rt_rmv_dly                             0x08005c58   Section        0  rt_list.o(i.rt_rmv_dly)
    i.rt_rmv_list                            0x08005c80   Section        0  rt_list.o(i.rt_rmv_list)
    i.rt_sem_psh                             0x08005cb0   Section        0  rt_semaphore.o(i.rt_sem_psh)
    i.rt_stk_check                           0x08005ce4   Section        0  rt_system.o(i.rt_stk_check)
    i.rt_switch_req                          0x08005d08   Section        0  rt_task.o(i.rt_switch_req)
    i.rt_sys_init                            0x08005d30   Section        0  rt_task.o(i.rt_sys_init)
    i.rt_sys_start                           0x08005dfc   Section        0  rt_task.o(i.rt_sys_start)
    i.rt_systick                             0x08005e74   Section        0  rt_system.o(i.rt_systick)
    i.rt_tid2ptcb                            0x08005eb4   Section        0  rt_cmsis.o(i.rt_tid2ptcb)
    rt_tid2ptcb                              0x08005eb5   Thumb Code    18  rt_cmsis.o(i.rt_tid2ptcb)
    i.rt_timer_insert                        0x08005ec8   Section        0  rt_cmsis.o(i.rt_timer_insert)
    rt_timer_insert                          0x08005ec9   Thumb Code    48  rt_cmsis.o(i.rt_timer_insert)
    i.rt_tsk_create                          0x08005efc   Section        0  rt_task.o(i.rt_tsk_create)
    i.rt_tsk_delete                          0x08005f84   Section        0  rt_task.o(i.rt_tsk_delete)
    i.rt_tsk_prio                            0x080060fc   Section        0  rt_task.o(i.rt_tsk_prio)
    i.rt_tsk_self                            0x08006178   Section        0  rt_task.o(i.rt_tsk_self)
    i.svcDelay                               0x08006188   Section        0  rt_cmsis.o(i.svcDelay)
    i.svcKernelInitialize                    0x0800619c   Section        0  rt_cmsis.o(i.svcKernelInitialize)
    i.svcKernelStart                         0x0800620c   Section        0  rt_cmsis.o(i.svcKernelStart)
    i.svcMessageCreate                       0x08006254   Section        0  rt_cmsis.o(i.svcMessageCreate)
    i.svcMessageGet                          0x08006278   Section        0  rt_cmsis.o(i.svcMessageGet)
    i.svcThreadCreate                        0x080062b4   Section        0  rt_cmsis.o(i.svcThreadCreate)
    i.svcThreadGetId                         0x08006324   Section        0  rt_cmsis.o(i.svcThreadGetId)
    i.svcThreadTerminate                     0x08006340   Section        0  rt_cmsis.o(i.svcThreadTerminate)
    i.svcTimerCall                           0x08006378   Section        0  rt_cmsis.o(i.svcTimerCall)
    i.sysTimerTick                           0x08006390   Section        0  rt_cmsis.o(i.sysTimerTick)
    x$fpl$fpinit                             0x080063ec   Section       10  fpinit.o(x$fpl$fpinit)
    $v0                                      0x080063ec   Number         0  fpinit.o(x$fpl$fpinit)
    .constdata                               0x080063f8   Section       16  main.o(.constdata)
    .constdata                               0x08006408   Section       86  rtx_conf_cm.o(.constdata)
    __tagsym$$used                           0x08006424   Number         0  rtx_conf_cm.o(.constdata)
    __tagsym$$used                           0x08006428   Number         0  rtx_conf_cm.o(.constdata)
    __tagsym$$used                           0x0800642c   Number         0  rtx_conf_cm.o(.constdata)
    __tagsym$$used                           0x08006430   Number         0  rtx_conf_cm.o(.constdata)
    .constdata                               0x0800645e   Section       16  system_stm32f4xx.o(.constdata)
    .data                                    0x20000000   Section        8  events.o(.data)
    TimingDelay                              0x20000000   Data           4  events.o(.data)
    .data                                    0x20000008   Section       24  ft800_driver.o(.data)
    .data                                    0x20000020   Section       16  stm32f4xx_rcc.o(.data)
    APBAHBPrescTable                         0x20000020   Data          16  stm32f4xx_rcc.o(.data)
    .data                                    0x20000030   Section       36  rtx_conf_cm.o(.data)
    nr_mutex                                 0x20000040   Data           4  rtx_conf_cm.o(.data)
    .data                                    0x20000054   Section        4  system_stm32f4xx.o(.data)
    .data                                    0x20000058   Section        8  rt_cmsis.o(.data)
    .data                                    0x20000060   Section        8  rt_task.o(.data)
    .data                                    0x20000068   Section        8  rt_system.o(.data)
    os_lock                                  0x20000068   Data           1  rt_system.o(.data)
    os_psh_flag                              0x20000069   Data           1  rt_system.o(.data)
    pend_flags                               0x2000006a   Data           1  rt_system.o(.data)
    .data                                    0x20000070   Section        4  rt_time.o(.data)
    .data                                    0x20000074   Section        8  rt_robin.o(.data)
    .data                                    0x2000007c   Section        1  hal_cm.o(.data)
    .bss                                     0x20000080   Section     1964  rtx_conf_cm.o(.bss)
    std_libspace                             0x2000062c   Data         384  rtx_conf_cm.o(.bss)
    std_libmutex                             0x200007ac   Data         128  rtx_conf_cm.o(.bss)
    .bss                                     0x2000082c   Section       52  rt_task.o(.bss)
    .bss                                     0x20000860   Section       48  rt_list.o(.bss)
    .bss                                     0x20000890   Section       96  libspace.o(.bss)
    HEAP                                     0x200008f0   Section      512  startup_stm32f407xx.o(HEAP)
    Heap_Mem                                 0x200008f0   Data         512  startup_stm32f407xx.o(HEAP)
    STACK                                    0x20000af0   Section     1024  startup_stm32f407xx.o(STACK)
    Stack_Mem                                0x20000af0   Data        1024  startup_stm32f407xx.o(STACK)
    __initial_sp                             0x20000ef0   Data           0  startup_stm32f407xx.o(STACK)

    Global Symbols

    Symbol Name                              Value     Ov Type        Size  Object(Section)

    BuildAttributes$$THM_ISAv4$E$P$D$K$B$S$7EM$VFPi3$EXTD16$VFPS$VFMA$PE$A:L22UL41UL21$X:L11$S22US41US21$IEEE1$IW$USESV6$~STKCKD$USESV7$~SHL$OSPACE$ROPI$EBA8$UX$STANDARDLIB$REQ8$PRES8$EABIv2 0x00000000   Number         0  anon$$obj.o ABSOLUTE
    __ARM_use_no_argv                        0x00000000   Number         0  main.o ABSOLUTE
    __ARM_exceptions_init                     - Undefined Weak Reference
    __alloca_initialize                       - Undefined Weak Reference
    __arm_preinit_                            - Undefined Weak Reference
    __cpp_initialize__aeabi_                  - Undefined Weak Reference
    __cxa_finalize                            - Undefined Weak Reference
    __rt_locale                               - Undefined Weak Reference
    __sigvec_lookup                           - Undefined Weak Reference
    _atexit_init                              - Undefined Weak Reference
    _call_atexit_fns                          - Undefined Weak Reference
    _clock_init                               - Undefined Weak Reference
    _fp_trap_init                             - Undefined Weak Reference
    _fp_trap_shutdown                         - Undefined Weak Reference
    _get_lc_collate                           - Undefined Weak Reference
    _get_lc_ctype                             - Undefined Weak Reference
    _get_lc_monetary                          - Undefined Weak Reference
    _get_lc_numeric                           - Undefined Weak Reference
    _get_lc_time                              - Undefined Weak Reference
    _getenv_init                              - Undefined Weak Reference
    _handle_redirection                       - Undefined Weak Reference
    _init_alloc                               - Undefined Weak Reference
    _init_user_alloc                          - Undefined Weak Reference
    _initio                                   - Undefined Weak Reference
    _rand_init                                - Undefined Weak Reference
    _signal_finish                            - Undefined Weak Reference
    _signal_init                              - Undefined Weak Reference
    _terminate_alloc                          - Undefined Weak Reference
    _terminate_user_alloc                     - Undefined Weak Reference
    _terminateio                              - Undefined Weak Reference
    __Vectors_Size                           0x00000188   Number         0  startup_stm32f407xx.o ABSOLUTE
    __RL_RTX_VER                             0x00000479   Number         0  rt_system.o ABSOLUTE
    __Vectors                                0x08000000   Data           4  startup_stm32f407xx.o(RESET)
    __Vectors_End                            0x08000188   Data           0  startup_stm32f407xx.o(RESET)
    __main                                   0x08000189   Thumb Code     8  __main.o(!!!main)
    __scatterload                            0x08000191   Thumb Code     0  __scatter.o(!!!scatter)
    __scatterload_rt2                        0x08000191   Thumb Code    44  __scatter.o(!!!scatter)
    __scatterload_rt2_thumb_only             0x08000191   Thumb Code     0  __scatter.o(!!!scatter)
    __scatterload_null                       0x0800019f   Thumb Code     0  __scatter.o(!!!scatter)
    __scatterload_copy                       0x080001c5   Thumb Code    26  __scatter_copy.o(!!handler_copy)
    __scatterload_zeroinit                   0x080001e1   Thumb Code    28  __scatter_zi.o(!!handler_zi)
    __rt_lib_init                            0x080001fd   Thumb Code     0  libinit.o(.ARM.Collect$$libinit$$00000000)
    __rt_lib_init_fp_1                       0x080001ff   Thumb Code     0  libinit2.o(.ARM.Collect$$libinit$$00000001)
    __rt_lib_init_alloca_1                   0x08000203   Thumb Code     0  libinit2.o(.ARM.Collect$$libinit$$0000002E)
    __rt_lib_init_argv_1                     0x08000203   Thumb Code     0  libinit2.o(.ARM.Collect$$libinit$$0000002C)
    __rt_lib_init_atexit_1                   0x08000203   Thumb Code     0  libinit2.o(.ARM.Collect$$libinit$$0000001B)
    __rt_lib_init_clock_1                    0x08000203   Thumb Code     0  libinit2.o(.ARM.Collect$$libinit$$00000021)
    __rt_lib_init_cpp_1                      0x08000203   Thumb Code     0  libinit2.o(.ARM.Collect$$libinit$$00000032)
    __rt_lib_init_exceptions_1               0x08000203   Thumb Code     0  libinit2.o(.ARM.Collect$$libinit$$00000030)
    __rt_lib_init_fp_trap_1                  0x08000203   Thumb Code     0  libinit2.o(.ARM.Collect$$libinit$$0000001F)
    __rt_lib_init_getenv_1                   0x08000203   Thumb Code     0  libinit2.o(.ARM.Collect$$libinit$$00000023)
    __rt_lib_init_heap_1                     0x08000203   Thumb Code     0  libinit2.o(.ARM.Collect$$libinit$$0000000A)
    __rt_lib_init_lc_collate_1               0x08000203   Thumb Code     0  libinit2.o(.ARM.Collect$$libinit$$00000011)
    __rt_lib_init_lc_ctype_1                 0x08000203   Thumb Code     0  libinit2.o(.ARM.Collect$$libinit$$00000013)
    __rt_lib_init_lc_monetary_1              0x08000203   Thumb Code     0  libinit2.o(.ARM.Collect$$libinit$$00000015)
    __rt_lib_init_lc_numeric_1               0x08000203   Thumb Code     0  libinit2.o(.ARM.Collect$$libinit$$00000017)
    __rt_lib_init_lc_time_1                  0x08000203   Thumb Code     0  libinit2.o(.ARM.Collect$$libinit$$00000019)
    __rt_lib_init_preinit_1                  0x08000203   Thumb Code     0  libinit2.o(.ARM.Collect$$libinit$$00000004)
    __rt_lib_init_rand_1                     0x08000203   Thumb Code     0  libinit2.o(.ARM.Collect$$libinit$$0000000E)
    __rt_lib_init_return                     0x08000203   Thumb Code     0  libinit2.o(.ARM.Collect$$libinit$$00000033)
    __rt_lib_init_signal_1                   0x08000203   Thumb Code     0  libinit2.o(.ARM.Collect$$libinit$$0000001D)
    __rt_lib_init_stdio_1                    0x08000203   Thumb Code     0  libinit2.o(.ARM.Collect$$libinit$$00000025)
    __rt_lib_init_user_alloc_1               0x08000203   Thumb Code     0  libinit2.o(.ARM.Collect$$libinit$$0000000C)
    __rt_lib_shutdown                        0x08000205   Thumb Code     0  libshutdown.o(.ARM.Collect$$libshutdown$$00000000)
    __rt_lib_shutdown_fp_trap_1              0x08000207   Thumb Code     0  libshutdown2.o(.ARM.Collect$$libshutdown$$00000006)
    __rt_lib_shutdown_heap_1                 0x08000207   Thumb Code     0  libshutdown2.o(.ARM.Collect$$libshutdown$$0000000E)
    __rt_lib_shutdown_return                 0x08000207   Thumb Code     0  libshutdown2.o(.ARM.Collect$$libshutdown$$0000000F)
    __rt_lib_shutdown_signal_1               0x08000207   Thumb Code     0  libshutdown2.o(.ARM.Collect$$libshutdown$$00000009)
    __rt_lib_shutdown_stdio_1                0x08000207   Thumb Code     0  libshutdown2.o(.ARM.Collect$$libshutdown$$00000003)
    __rt_lib_shutdown_user_alloc_1           0x08000207   Thumb Code     0  libshutdown2.o(.ARM.Collect$$libshutdown$$0000000B)
    __rt_entry                               0x08000209   Thumb Code     0  __rtentry.o(.ARM.Collect$$rtentry$$00000000)
    __rt_entry_presh_1                       0x08000209   Thumb Code     0  __rtentry2.o(.ARM.Collect$$rtentry$$00000002)
    __rt_entry_sh                            0x08000209   Thumb Code     0  __rtentry4.o(.ARM.Collect$$rtentry$$00000004)
    __rt_entry_li                            0x0800020f   Thumb Code     0  __rtentry2.o(.ARM.Collect$$rtentry$$0000000A)
    __rt_entry_postsh_1                      0x0800020f   Thumb Code     0  __rtentry2.o(.ARM.Collect$$rtentry$$00000009)
    __rt_entry_postli_1                      0x08000213   Thumb Code     0  __rtentry2.o(.ARM.Collect$$rtentry$$0000000B)
    __rt_entry_main                          0x0800021b   Thumb Code     0  __rtentry2.o(.ARM.Collect$$rtentry$$0000000D)
    __rt_exit                                0x08000223   Thumb Code     0  rtexit.o(.ARM.Collect$$rtexit$$00000000)
    __rt_exit_ls                             0x08000225   Thumb Code     0  rtexit2.o(.ARM.Collect$$rtexit$$00000003)
    __rt_exit_prels_1                        0x08000225   Thumb Code     0  rtexit2.o(.ARM.Collect$$rtexit$$00000002)
    __rt_exit_exit                           0x08000229   Thumb Code     0  rtexit2.o(.ARM.Collect$$rtexit$$00000004)
    _platform_post_lib_init                  0x08000231   Thumb Code    24  rtx_conf_cm.o(.emb_text)
    rt_set_PSP                               0x0800024d   Thumb Code     6  hal_cm4.o(.emb_text)
    rt_get_PSP                               0x08000253   Thumb Code     6  hal_cm4.o(.emb_text)
    os_set_env                               0x08000259   Thumb Code    24  hal_cm4.o(.emb_text)
    _alloc_box                               0x08000275   Thumb Code    28  hal_cm4.o(.emb_text)
    _free_box                                0x08000295   Thumb Code    28  hal_cm4.o(.emb_text)
    SVC_Handler                              0x080002b5   Thumb Code   168  hal_cm4.o(.emb_text)
    PendSV_Handler                           0x0800036d   Thumb Code    96  hal_cm4.o(.emb_text)
    SysTick_Handler                          0x080003d1   Thumb Code     8  hal_cm4.o(.emb_text)
    OS_Tick_Handler                          0x080003d9   Thumb Code    12  hal_cm4.o(.emb_text)
    main                                     0x080003e5   Thumb Code    30  main.o(.text)
    TIM2_IRQHandler                          0x0800041b   Thumb Code    26  events.o(.text)
    EXTI9_5_IRQHandler                       0x08000435   Thumb Code    32  events.o(.text)
    Delay                                    0x08000455   Thumb Code    16  events.o(.text)
    Timer1ms_Init                            0x08000465   Thumb Code    94  events.o(.text)
    FT800_Mem_Read8                          0x080005fb   Thumb Code    84  ft800_driver.o(.text)
    FT800_Mem_Write8                         0x0800064f   Thumb Code    76  ft800_driver.o(.text)
    FT800_Mem_Write32                        0x0800069b   Thumb Code   116  ft800_driver.o(.text)
    FT800_Mem_Write16                        0x0800070f   Thumb Code   104  ft800_driver.o(.text)
    FT800_Cmd_Write                          0x08000777   Thumb Code    46  ft800_driver.o(.text)
    incCMDOffset                             0x080009b3   Thumb Code    16  ft800_driver.o(.text)
    FT800_CMD_Button                         0x080009c3   Thumb Code   360  ft800_driver.o(.text)
    FT800_CMD_Text                           0x08000b2b   Thumb Code   304  ft800_driver.o(.text)
    FT800_Mem_Read32                         0x08000c5b   Thumb Code   128  ft800_driver.o(.text)
    FT800_Mem_Read16                         0x08000cdb   Thumb Code   126  ft800_driver.o(.text)
    FT800_VehicleStatusScreen                0x08000d59   Thumb Code   762  ft800_driver.o(.text)
    __rtx_ft800_task                         0x08001053   Thumb Code    12  ft800_driver.o(.text)
    FT800_Init                               0x0800105f   Thumb Code   736  ft800_driver.o(.text)
    FT800_CMD_Keys                           0x0800133f   Thumb Code   360  ft800_driver.o(.text)
    FT800_CMD_BgColor                        0x080014a7   Thumb Code    62  ft800_driver.o(.text)
    FT800_CMD_GradColor                      0x080014e5   Thumb Code    62  ft800_driver.o(.text)
    FT800_CMD_FgColor                        0x08001523   Thumb Code    62  ft800_driver.o(.text)
    FT800_MainScreen                         0x08001561   Thumb Code  6536  ft800_driver.o(.text)
    FT800_LoginScreen                        0x08002ee9   Thumb Code   764  ft800_driver.o(.text)
    FT800_AdminMenuScreen                    0x080031e5   Thumb Code   390  ft800_driver.o(.text)
    NVIC_PriorityGroupConfig                 0x080033ad   Thumb Code    10  misc.o(.text)
    NVIC_Init                                0x080033b7   Thumb Code   106  misc.o(.text)
    NVIC_SetVectorTable                      0x08003421   Thumb Code    14  misc.o(.text)
    NVIC_SystemLPConfig                      0x0800342f   Thumb Code    34  misc.o(.text)
    SysTick_CLKSourceConfig                  0x08003451   Thumb Code    40  misc.o(.text)
    EXTI_DeInit                              0x0800348d   Thumb Code    28  stm32f4xx_exti.o(.text)
    EXTI_Init                                0x080034a9   Thumb Code   142  stm32f4xx_exti.o(.text)
    EXTI_StructInit                          0x08003537   Thumb Code    16  stm32f4xx_exti.o(.text)
    EXTI_GenerateSWInterrupt                 0x08003547   Thumb Code    16  stm32f4xx_exti.o(.text)
    EXTI_GetFlagStatus                       0x08003557   Thumb Code    22  stm32f4xx_exti.o(.text)
    EXTI_ClearFlag                           0x0800356d   Thumb Code     8  stm32f4xx_exti.o(.text)
    EXTI_GetITStatus                         0x08003575   Thumb Code    34  stm32f4xx_exti.o(.text)
    EXTI_ClearITPendingBit                   0x08003597   Thumb Code     8  stm32f4xx_exti.o(.text)
    GPIO_DeInit                              0x080035a9   Thumb Code   220  stm32f4xx_gpio.o(.text)
    GPIO_Init                                0x08003685   Thumb Code   144  stm32f4xx_gpio.o(.text)
    GPIO_StructInit                          0x08003715   Thumb Code    18  stm32f4xx_gpio.o(.text)
    GPIO_PinLockConfig                       0x08003727   Thumb Code    34  stm32f4xx_gpio.o(.text)
    GPIO_ReadInputDataBit                    0x08003749   Thumb Code    18  stm32f4xx_gpio.o(.text)
    GPIO_ReadInputData                       0x0800375b   Thumb Code     8  stm32f4xx_gpio.o(.text)
    GPIO_ReadOutputDataBit                   0x08003763   Thumb Code    18  stm32f4xx_gpio.o(.text)
    GPIO_ReadOutputData                      0x08003775   Thumb Code     8  stm32f4xx_gpio.o(.text)
    GPIO_SetBits                             0x0800377d   Thumb Code     4  stm32f4xx_gpio.o(.text)
    GPIO_ResetBits                           0x08003781   Thumb Code     4  stm32f4xx_gpio.o(.text)
    GPIO_WriteBit                            0x08003785   Thumb Code    10  stm32f4xx_gpio.o(.text)
    GPIO_Write                               0x0800378f   Thumb Code     4  stm32f4xx_gpio.o(.text)
    GPIO_ToggleBits                          0x08003793   Thumb Code     8  stm32f4xx_gpio.o(.text)
    GPIO_PinAFConfig                         0x0800379b   Thumb Code    70  stm32f4xx_gpio.o(.text)
    RCC_DeInit                               0x08003805   Thumb Code    60  stm32f4xx_rcc.o(.text)
    RCC_HSEConfig                            0x08003841   Thumb Code    14  stm32f4xx_rcc.o(.text)
    RCC_GetFlagStatus                        0x0800384f   Thumb Code    60  stm32f4xx_rcc.o(.text)
    RCC_WaitForHSEStartUp                    0x0800388b   Thumb Code    56  stm32f4xx_rcc.o(.text)
    RCC_AdjustHSICalibrationValue            0x080038c3   Thumb Code    20  stm32f4xx_rcc.o(.text)
    RCC_HSICmd                               0x080038d7   Thumb Code     6  stm32f4xx_rcc.o(.text)
    RCC_LSEConfig                            0x080038dd   Thumb Code    46  stm32f4xx_rcc.o(.text)
    RCC_LSICmd                               0x0800390b   Thumb Code     6  stm32f4xx_rcc.o(.text)
    RCC_PLLConfig                            0x08003911   Thumb Code    32  stm32f4xx_rcc.o(.text)
    RCC_PLLCmd                               0x08003931   Thumb Code     6  stm32f4xx_rcc.o(.text)
    RCC_PLLI2SConfig                         0x08003937   Thumb Code    14  stm32f4xx_rcc.o(.text)
    RCC_PLLI2SCmd                            0x08003945   Thumb Code     6  stm32f4xx_rcc.o(.text)
    RCC_ClockSecuritySystemCmd               0x0800394b   Thumb Code     6  stm32f4xx_rcc.o(.text)
    RCC_MCO1Config                           0x08003951   Thumb Code    28  stm32f4xx_rcc.o(.text)
    RCC_MCO2Config                           0x0800396d   Thumb Code    28  stm32f4xx_rcc.o(.text)
    RCC_SYSCLKConfig                         0x08003989   Thumb Code    20  stm32f4xx_rcc.o(.text)
    RCC_GetSYSCLKSource                      0x0800399d   Thumb Code    12  stm32f4xx_rcc.o(.text)
    RCC_HCLKConfig                           0x080039a9   Thumb Code    20  stm32f4xx_rcc.o(.text)
    RCC_PCLK1Config                          0x080039bd   Thumb Code    20  stm32f4xx_rcc.o(.text)
    RCC_PCLK2Config                          0x080039d1   Thumb Code    22  stm32f4xx_rcc.o(.text)
    RCC_GetClocksFreq                        0x080039e7   Thumb Code   222  stm32f4xx_rcc.o(.text)
    RCC_RTCCLKConfig                         0x08003ac5   Thumb Code    54  stm32f4xx_rcc.o(.text)
    RCC_RTCCLKCmd                            0x08003afb   Thumb Code     8  stm32f4xx_rcc.o(.text)
    RCC_BackupResetCmd                       0x08003b03   Thumb Code     8  stm32f4xx_rcc.o(.text)
    RCC_I2SCLKConfig                         0x08003b0b   Thumb Code     6  stm32f4xx_rcc.o(.text)
    RCC_AHB1PeriphClockCmd                   0x08003b11   Thumb Code    34  stm32f4xx_rcc.o(.text)
    RCC_AHB2PeriphClockCmd                   0x08003b33   Thumb Code    34  stm32f4xx_rcc.o(.text)
    RCC_AHB3PeriphClockCmd                   0x08003b55   Thumb Code    34  stm32f4xx_rcc.o(.text)
    RCC_APB1PeriphClockCmd                   0x08003b77   Thumb Code    34  stm32f4xx_rcc.o(.text)
    RCC_APB2PeriphClockCmd                   0x08003b99   Thumb Code    34  stm32f4xx_rcc.o(.text)
    RCC_AHB1PeriphResetCmd                   0x08003bbb   Thumb Code    34  stm32f4xx_rcc.o(.text)
    RCC_AHB2PeriphResetCmd                   0x08003bdd   Thumb Code    72  stm32f4xx_rcc.o(.text)
    RCC_AHB3PeriphResetCmd                   0x08003c25   Thumb Code    34  stm32f4xx_rcc.o(.text)
    RCC_APB1PeriphResetCmd                   0x08003c47   Thumb Code    34  stm32f4xx_rcc.o(.text)
    RCC_APB2PeriphResetCmd                   0x08003c69   Thumb Code    34  stm32f4xx_rcc.o(.text)
    RCC_AHB1PeriphClockLPModeCmd             0x08003c8b   Thumb Code    34  stm32f4xx_rcc.o(.text)
    RCC_AHB2PeriphClockLPModeCmd             0x08003cad   Thumb Code    34  stm32f4xx_rcc.o(.text)
    RCC_AHB3PeriphClockLPModeCmd             0x08003ccf   Thumb Code    34  stm32f4xx_rcc.o(.text)
    RCC_APB1PeriphClockLPModeCmd             0x08003cf1   Thumb Code    34  stm32f4xx_rcc.o(.text)
    RCC_APB2PeriphClockLPModeCmd             0x08003d13   Thumb Code    34  stm32f4xx_rcc.o(.text)
    RCC_ITConfig                             0x08003d35   Thumb Code    34  stm32f4xx_rcc.o(.text)
    RCC_ClearFlag                            0x08003d57   Thumb Code    18  stm32f4xx_rcc.o(.text)
    RCC_GetITStatus                          0x08003d69   Thumb Code    22  stm32f4xx_rcc.o(.text)
    RCC_ClearITPendingBit                    0x08003d7f   Thumb Code     8  stm32f4xx_rcc.o(.text)
    SPI_I2S_DeInit                           0x08003d8d   Thumb Code    76  stm32f4xx_spi.o(.text)
    SPI_Init                                 0x08003dd9   Thumb Code    60  stm32f4xx_spi.o(.text)
    I2S_Init                                 0x08003e15   Thumb Code   350  stm32f4xx_spi.o(.text)
    SPI_StructInit                           0x08003f73   Thumb Code    24  stm32f4xx_spi.o(.text)
    I2S_StructInit                           0x08003f8b   Thumb Code    20  stm32f4xx_spi.o(.text)
    SPI_Cmd                                  0x08003f9f   Thumb Code    24  stm32f4xx_spi.o(.text)
    I2S_Cmd                                  0x08003fb7   Thumb Code    24  stm32f4xx_spi.o(.text)
    SPI_DataSizeConfig                       0x08003fcf   Thumb Code    18  stm32f4xx_spi.o(.text)
    SPI_BiDirectionalLineConfig              0x08003fe1   Thumb Code    28  stm32f4xx_spi.o(.text)
    SPI_NSSInternalSoftwareConfig            0x08003ffd   Thumb Code    30  stm32f4xx_spi.o(.text)
    SPI_SSOutputCmd                          0x0800401b   Thumb Code    24  stm32f4xx_spi.o(.text)
    SPI_TIModeCmd                            0x08004033   Thumb Code    24  stm32f4xx_spi.o(.text)
    I2S_FullDuplexConfig                     0x0800404b   Thumb Code    80  stm32f4xx_spi.o(.text)
    SPI_I2S_ReceiveData                      0x0800409b   Thumb Code     6  stm32f4xx_spi.o(.text)
    SPI_I2S_SendData                         0x080040a1   Thumb Code     4  stm32f4xx_spi.o(.text)
    SPI_CalculateCRC                         0x080040a5   Thumb Code    24  stm32f4xx_spi.o(.text)
    SPI_TransmitCRC                          0x080040bd   Thumb Code    10  stm32f4xx_spi.o(.text)
    SPI_GetCRC                               0x080040c7   Thumb Code    16  stm32f4xx_spi.o(.text)
    SPI_GetCRCPolynomial                     0x080040d7   Thumb Code     6  stm32f4xx_spi.o(.text)
    SPI_I2S_DMACmd                           0x080040dd   Thumb Code    18  stm32f4xx_spi.o(.text)
    SPI_I2S_ITConfig                         0x080040ef   Thumb Code    32  stm32f4xx_spi.o(.text)
    SPI_I2S_GetFlagStatus                    0x0800410f   Thumb Code    18  stm32f4xx_spi.o(.text)
    SPI_I2S_ClearFlag                        0x08004121   Thumb Code     6  stm32f4xx_spi.o(.text)
    SPI_I2S_GetITStatus                      0x08004127   Thumb Code    52  stm32f4xx_spi.o(.text)
    SPI_I2S_ClearITPendingBit                0x0800415b   Thumb Code    42  stm32f4xx_spi.o(.text)
    TIM_DeInit                               0x08004185   Thumb Code   346  stm32f4xx_tim.o(.text)
    TIM_TimeBaseInit                         0x080042df   Thumb Code   104  stm32f4xx_tim.o(.text)
    TIM_TimeBaseStructInit                   0x08004347   Thumb Code    18  stm32f4xx_tim.o(.text)
    TIM_PrescalerConfig                      0x08004359   Thumb Code     6  stm32f4xx_tim.o(.text)
    TIM_CounterModeConfig                    0x0800435f   Thumb Code    18  stm32f4xx_tim.o(.text)
    TIM_SetCounter                           0x08004371   Thumb Code     4  stm32f4xx_tim.o(.text)
    TIM_SetAutoreload                        0x08004375   Thumb Code     4  stm32f4xx_tim.o(.text)
    TIM_GetCounter                           0x08004379   Thumb Code     6  stm32f4xx_tim.o(.text)
    TIM_GetPrescaler                         0x0800437f   Thumb Code     6  stm32f4xx_tim.o(.text)
    TIM_UpdateDisableConfig                  0x08004385   Thumb Code    24  stm32f4xx_tim.o(.text)
    TIM_UpdateRequestConfig                  0x0800439d   Thumb Code    24  stm32f4xx_tim.o(.text)
    TIM_ARRPreloadConfig                     0x080043b5   Thumb Code    24  stm32f4xx_tim.o(.text)
    TIM_SelectOnePulseMode                   0x080043cd   Thumb Code    18  stm32f4xx_tim.o(.text)
    TIM_SetClockDivision                     0x080043df   Thumb Code    18  stm32f4xx_tim.o(.text)
    TIM_Cmd                                  0x080043f1   Thumb Code    24  stm32f4xx_tim.o(.text)
    TIM_OC1Init                              0x08004409   Thumb Code   114  stm32f4xx_tim.o(.text)
    TIM_OC2Init                              0x0800447b   Thumb Code   154  stm32f4xx_tim.o(.text)
    TIM_OC3Init                              0x08004515   Thumb Code   204  stm32f4xx_tim.o(.text)
    TIM_OC4Init                              0x080045e1   Thumb Code   112  stm32f4xx_tim.o(.text)
    TIM_OCStructInit                         0x08004651   Thumb Code    20  stm32f4xx_tim.o(.text)
    TIM_SelectOCxM                           0x08004665   Thumb Code    86  stm32f4xx_tim.o(.text)
    TIM_SetCompare1                          0x080046bb   Thumb Code     4  stm32f4xx_tim.o(.text)
    TIM_SetCompare2                          0x080046bf   Thumb Code     4  stm32f4xx_tim.o(.text)
    TIM_SetCompare3                          0x080046c3   Thumb Code     4  stm32f4xx_tim.o(.text)
    TIM_SetCompare4                          0x080046c7   Thumb Code     4  stm32f4xx_tim.o(.text)
    TIM_ForcedOC1Config                      0x080046cb   Thumb Code    18  stm32f4xx_tim.o(.text)
    TIM_ForcedOC2Config                      0x080046dd   Thumb Code    26  stm32f4xx_tim.o(.text)
    TIM_ForcedOC3Config                      0x080046f7   Thumb Code    18  stm32f4xx_tim.o(.text)
    TIM_ForcedOC4Config                      0x08004709   Thumb Code    26  stm32f4xx_tim.o(.text)
    TIM_OC1PreloadConfig                     0x08004723   Thumb Code    18  stm32f4xx_tim.o(.text)
    TIM_OC2PreloadConfig                     0x08004735   Thumb Code    26  stm32f4xx_tim.o(.text)
    TIM_OC3PreloadConfig                     0x0800474f   Thumb Code    18  stm32f4xx_tim.o(.text)
    TIM_OC4PreloadConfig                     0x08004761   Thumb Code    26  stm32f4xx_tim.o(.text)
    TIM_OC1FastConfig                        0x0800477b   Thumb Code    18  stm32f4xx_tim.o(.text)
    TIM_OC2FastConfig                        0x0800478d   Thumb Code    26  stm32f4xx_tim.o(.text)
    TIM_OC3FastConfig                        0x080047a7   Thumb Code    18  stm32f4xx_tim.o(.text)
    TIM_OC4FastConfig                        0x080047b9   Thumb Code    26  stm32f4xx_tim.o(.text)
    TIM_ClearOC1Ref                          0x080047d3   Thumb Code    18  stm32f4xx_tim.o(.text)
    TIM_ClearOC2Ref                          0x080047e5   Thumb Code    24  stm32f4xx_tim.o(.text)
    TIM_ClearOC3Ref                          0x080047fd   Thumb Code    18  stm32f4xx_tim.o(.text)
    TIM_ClearOC4Ref                          0x0800480f   Thumb Code    24  stm32f4xx_tim.o(.text)
    TIM_OC1PolarityConfig                    0x08004827   Thumb Code    18  stm32f4xx_tim.o(.text)
    TIM_OC1NPolarityConfig                   0x08004839   Thumb Code    18  stm32f4xx_tim.o(.text)
    TIM_OC2PolarityConfig                    0x0800484b   Thumb Code    26  stm32f4xx_tim.o(.text)
    TIM_OC2NPolarityConfig                   0x08004865   Thumb Code    26  stm32f4xx_tim.o(.text)
    TIM_OC3PolarityConfig                    0x0800487f   Thumb Code    26  stm32f4xx_tim.o(.text)
    TIM_OC3NPolarityConfig                   0x08004899   Thumb Code    26  stm32f4xx_tim.o(.text)
    TIM_OC4PolarityConfig                    0x080048b3   Thumb Code    26  stm32f4xx_tim.o(.text)
    TIM_CCxCmd                               0x080048cd   Thumb Code    30  stm32f4xx_tim.o(.text)
    TIM_CCxNCmd                              0x080048eb   Thumb Code    30  stm32f4xx_tim.o(.text)
    TIM_SetIC4Prescaler                      0x08004909   Thumb Code    26  stm32f4xx_tim.o(.text)
    TIM_SetIC3Prescaler                      0x08004973   Thumb Code    18  stm32f4xx_tim.o(.text)
    TIM_SetIC2Prescaler                      0x080049cd   Thumb Code    26  stm32f4xx_tim.o(.text)
    TIM_SetIC1Prescaler                      0x08004a41   Thumb Code    18  stm32f4xx_tim.o(.text)
    TIM_ICInit                               0x08004a8d   Thumb Code   110  stm32f4xx_tim.o(.text)
    TIM_ICStructInit                         0x08004afb   Thumb Code    18  stm32f4xx_tim.o(.text)
    TIM_PWMIConfig                           0x08004b0d   Thumb Code   124  stm32f4xx_tim.o(.text)
    TIM_GetCapture1                          0x08004b89   Thumb Code     6  stm32f4xx_tim.o(.text)
    TIM_GetCapture2                          0x08004b8f   Thumb Code     6  stm32f4xx_tim.o(.text)
    TIM_GetCapture3                          0x08004b95   Thumb Code     6  stm32f4xx_tim.o(.text)
    TIM_GetCapture4                          0x08004b9b   Thumb Code     6  stm32f4xx_tim.o(.text)
    TIM_BDTRConfig                           0x08004ba1   Thumb Code    32  stm32f4xx_tim.o(.text)
    TIM_BDTRStructInit                       0x08004bc1   Thumb Code    18  stm32f4xx_tim.o(.text)
    TIM_CtrlPWMOutputs                       0x08004bd3   Thumb Code    30  stm32f4xx_tim.o(.text)
    TIM_SelectCOM                            0x08004bf1   Thumb Code    24  stm32f4xx_tim.o(.text)
    TIM_CCPreloadControl                     0x08004c09   Thumb Code    24  stm32f4xx_tim.o(.text)
    TIM_ITConfig                             0x08004c21   Thumb Code    18  stm32f4xx_tim.o(.text)
    TIM_GenerateEvent                        0x08004c33   Thumb Code     4  stm32f4xx_tim.o(.text)
    TIM_GetFlagStatus                        0x08004c37   Thumb Code    18  stm32f4xx_tim.o(.text)
    TIM_ClearFlag                            0x08004c49   Thumb Code     6  stm32f4xx_tim.o(.text)
    TIM_GetITStatus                          0x08004c4f   Thumb Code    34  stm32f4xx_tim.o(.text)
    TIM_ClearITPendingBit                    0x08004c71   Thumb Code     6  stm32f4xx_tim.o(.text)
    TIM_DMAConfig                            0x08004c77   Thumb Code    10  stm32f4xx_tim.o(.text)
    TIM_DMACmd                               0x08004c81   Thumb Code    18  stm32f4xx_tim.o(.text)
    TIM_SelectCCDMA                          0x08004c93   Thumb Code    24  stm32f4xx_tim.o(.text)
    TIM_InternalClockConfig                  0x08004cab   Thumb Code    12  stm32f4xx_tim.o(.text)
    TIM_SelectInputTrigger                   0x08004cb7   Thumb Code    18  stm32f4xx_tim.o(.text)
    TIM_ITRxExternalClockConfig              0x08004cc9   Thumb Code    24  stm32f4xx_tim.o(.text)
    TIM_TIxExternalClockConfig               0x08004ce1   Thumb Code    62  stm32f4xx_tim.o(.text)
    TIM_ETRConfig                            0x08004d1f   Thumb Code    28  stm32f4xx_tim.o(.text)
    TIM_ETRClockMode1Config                  0x08004d3b   Thumb Code    54  stm32f4xx_tim.o(.text)
    TIM_ETRClockMode2Config                  0x08004d71   Thumb Code    32  stm32f4xx_tim.o(.text)
    TIM_SelectOutputTrigger                  0x08004d91   Thumb Code    18  stm32f4xx_tim.o(.text)
    TIM_SelectSlaveMode                      0x08004da3   Thumb Code    18  stm32f4xx_tim.o(.text)
    TIM_SelectMasterSlaveMode                0x08004db5   Thumb Code    18  stm32f4xx_tim.o(.text)
    TIM_EncoderInterfaceConfig               0x08004dc7   Thumb Code    66  stm32f4xx_tim.o(.text)
    TIM_SelectHallSensor                     0x08004e09   Thumb Code    24  stm32f4xx_tim.o(.text)
    TIM_RemapConfig                          0x08004e21   Thumb Code     6  stm32f4xx_tim.o(.text)
    os_idle_demon                            0x08004e29   Thumb Code     4  rtx_conf_cm.o(.text)
    os_error                                 0x08004e2d   Thumb Code    26  rtx_conf_cm.o(.text)
    __user_perthread_libspace                0x08004e47   Thumb Code    32  rtx_conf_cm.o(.text)
    _mutex_initialize                        0x08004e67   Thumb Code    34  rtx_conf_cm.o(.text)
    _mutex_acquire                           0x08004e89   Thumb Code    22  rtx_conf_cm.o(.text)
    _mutex_release                           0x08004e9f   Thumb Code    18  rtx_conf_cm.o(.text)
    Reset_Handler                            0x08004ecd   Thumb Code     8  startup_stm32f407xx.o(.text)
    NMI_Handler                              0x08004ed5   Thumb Code     2  startup_stm32f407xx.o(.text)
    HardFault_Handler                        0x08004ed7   Thumb Code     2  startup_stm32f407xx.o(.text)
    MemManage_Handler                        0x08004ed9   Thumb Code     2  startup_stm32f407xx.o(.text)
    BusFault_Handler                         0x08004edb   Thumb Code     2  startup_stm32f407xx.o(.text)
    UsageFault_Handler                       0x08004edd   Thumb Code     2  startup_stm32f407xx.o(.text)
    DebugMon_Handler                         0x08004ee1   Thumb Code     2  startup_stm32f407xx.o(.text)
    ADC_IRQHandler                           0x08004ee7   Thumb Code     0  startup_stm32f407xx.o(.text)
    CAN1_RX0_IRQHandler                      0x08004ee7   Thumb Code     0  startup_stm32f407xx.o(.text)
    CAN1_RX1_IRQHandler                      0x08004ee7   Thumb Code     0  startup_stm32f407xx.o(.text)
    CAN1_SCE_IRQHandler                      0x08004ee7   Thumb Code     0  startup_stm32f407xx.o(.text)
    CAN1_TX_IRQHandler                       0x08004ee7   Thumb Code     0  startup_stm32f407xx.o(.text)
    CAN2_RX0_IRQHandler                      0x08004ee7   Thumb Code     0  startup_stm32f407xx.o(.text)
    CAN2_RX1_IRQHandler                      0x08004ee7   Thumb Code     0  startup_stm32f407xx.o(.text)
    CAN2_SCE_IRQHandler                      0x08004ee7   Thumb Code     0  startup_stm32f407xx.o(.text)
    CAN2_TX_IRQHandler                       0x08004ee7   Thumb Code     0  startup_stm32f407xx.o(.text)
    DCMI_IRQHandler                          0x08004ee7   Thumb Code     0  startup_stm32f407xx.o(.text)
    DMA1_Stream0_IRQHandler                  0x08004ee7   Thumb Code     0  startup_stm32f407xx.o(.text)
    DMA1_Stream1_IRQHandler                  0x08004ee7   Thumb Code     0  startup_stm32f407xx.o(.text)
    DMA1_Stream2_IRQHandler                  0x08004ee7   Thumb Code     0  startup_stm32f407xx.o(.text)
    DMA1_Stream3_IRQHandler                  0x08004ee7   Thumb Code     0  startup_stm32f407xx.o(.text)
    DMA1_Stream4_IRQHandler                  0x08004ee7   Thumb Code     0  startup_stm32f407xx.o(.text)
    DMA1_Stream5_IRQHandler                  0x08004ee7   Thumb Code     0  startup_stm32f407xx.o(.text)
    DMA1_Stream6_IRQHandler                  0x08004ee7   Thumb Code     0  startup_stm32f407xx.o(.text)
    DMA1_Stream7_IRQHandler                  0x08004ee7   Thumb Code     0  startup_stm32f407xx.o(.text)
    DMA2_Stream0_IRQHandler                  0x08004ee7   Thumb Code     0  startup_stm32f407xx.o(.text)
    DMA2_Stream1_IRQHandler                  0x08004ee7   Thumb Code     0  startup_stm32f407xx.o(.text)
    DMA2_Stream2_IRQHandler                  0x08004ee7   Thumb Code     0  startup_stm32f407xx.o(.text)
    DMA2_Stream3_IRQHandler                  0x08004ee7   Thumb Code     0  startup_stm32f407xx.o(.text)
    DMA2_Stream4_IRQHandler                  0x08004ee7   Thumb Code     0  startup_stm32f407xx.o(.text)
    DMA2_Stream5_IRQHandler                  0x08004ee7   Thumb Code     0  startup_stm32f407xx.o(.text)
    DMA2_Stream6_IRQHandler                  0x08004ee7   Thumb Code     0  startup_stm32f407xx.o(.text)
    DMA2_Stream7_IRQHandler                  0x08004ee7   Thumb Code     0  startup_stm32f407xx.o(.text)
    ETH_IRQHandler                           0x08004ee7   Thumb Code     0  startup_stm32f407xx.o(.text)
    ETH_WKUP_IRQHandler                      0x08004ee7   Thumb Code     0  startup_stm32f407xx.o(.text)
    EXTI0_IRQHandler                         0x08004ee7   Thumb Code     0  startup_stm32f407xx.o(.text)
    EXTI15_10_IRQHandler                     0x08004ee7   Thumb Code     0  startup_stm32f407xx.o(.text)
    EXTI1_IRQHandler                         0x08004ee7   Thumb Code     0  startup_stm32f407xx.o(.text)
    EXTI2_IRQHandler                         0x08004ee7   Thumb Code     0  startup_stm32f407xx.o(.text)
    EXTI3_IRQHandler                         0x08004ee7   Thumb Code     0  startup_stm32f407xx.o(.text)
    EXTI4_IRQHandler                         0x08004ee7   Thumb Code     0  startup_stm32f407xx.o(.text)
    FLASH_IRQHandler                         0x08004ee7   Thumb Code     0  startup_stm32f407xx.o(.text)
    FMC_IRQHandler                           0x08004ee7   Thumb Code     0  startup_stm32f407xx.o(.text)
    FPU_IRQHandler                           0x08004ee7   Thumb Code     0  startup_stm32f407xx.o(.text)
    HASH_RNG_IRQHandler                      0x08004ee7   Thumb Code     0  startup_stm32f407xx.o(.text)
    I2C1_ER_IRQHandler                       0x08004ee7   Thumb Code     0  startup_stm32f407xx.o(.text)
    I2C1_EV_IRQHandler                       0x08004ee7   Thumb Code     0  startup_stm32f407xx.o(.text)
    I2C2_ER_IRQHandler                       0x08004ee7   Thumb Code     0  startup_stm32f407xx.o(.text)
    I2C2_EV_IRQHandler                       0x08004ee7   Thumb Code     0  startup_stm32f407xx.o(.text)
    I2C3_ER_IRQHandler                       0x08004ee7   Thumb Code     0  startup_stm32f407xx.o(.text)
    I2C3_EV_IRQHandler                       0x08004ee7   Thumb Code     0  startup_stm32f407xx.o(.text)
    OTG_FS_IRQHandler                        0x08004ee7   Thumb Code     0  startup_stm32f407xx.o(.text)
    OTG_FS_WKUP_IRQHandler                   0x08004ee7   Thumb Code     0  startup_stm32f407xx.o(.text)
    OTG_HS_EP1_IN_IRQHandler                 0x08004ee7   Thumb Code     0  startup_stm32f407xx.o(.text)
    OTG_HS_EP1_OUT_IRQHandler                0x08004ee7   Thumb Code     0  startup_stm32f407xx.o(.text)
    OTG_HS_IRQHandler                        0x08004ee7   Thumb Code     0  startup_stm32f407xx.o(.text)
    OTG_HS_WKUP_IRQHandler                   0x08004ee7   Thumb Code     0  startup_stm32f407xx.o(.text)
    PVD_IRQHandler                           0x08004ee7   Thumb Code     0  startup_stm32f407xx.o(.text)
    RCC_IRQHandler                           0x08004ee7   Thumb Code     0  startup_stm32f407xx.o(.text)
    RTC_Alarm_IRQHandler                     0x08004ee7   Thumb Code     0  startup_stm32f407xx.o(.text)
    RTC_WKUP_IRQHandler                      0x08004ee7   Thumb Code     0  startup_stm32f407xx.o(.text)
    SDIO_IRQHandler                          0x08004ee7   Thumb Code     0  startup_stm32f407xx.o(.text)
    SPI1_IRQHandler                          0x08004ee7   Thumb Code     0  startup_stm32f407xx.o(.text)
    SPI2_IRQHandler                          0x08004ee7   Thumb Code     0  startup_stm32f407xx.o(.text)
    SPI3_IRQHandler                          0x08004ee7   Thumb Code     0  startup_stm32f407xx.o(.text)
    TAMP_STAMP_IRQHandler                    0x08004ee7   Thumb Code     0  startup_stm32f407xx.o(.text)
    TIM1_BRK_TIM9_IRQHandler                 0x08004ee7   Thumb Code     0  startup_stm32f407xx.o(.text)
    TIM1_CC_IRQHandler                       0x08004ee7   Thumb Code     0  startup_stm32f407xx.o(.text)
    TIM1_TRG_COM_TIM11_IRQHandler            0x08004ee7   Thumb Code     0  startup_stm32f407xx.o(.text)
    TIM1_UP_TIM10_IRQHandler                 0x08004ee7   Thumb Code     0  startup_stm32f407xx.o(.text)
    TIM3_IRQHandler                          0x08004ee7   Thumb Code     0  startup_stm32f407xx.o(.text)
    TIM4_IRQHandler                          0x08004ee7   Thumb Code     0  startup_stm32f407xx.o(.text)
    TIM5_IRQHandler                          0x08004ee7   Thumb Code     0  startup_stm32f407xx.o(.text)
    TIM6_DAC_IRQHandler                      0x08004ee7   Thumb Code     0  startup_stm32f407xx.o(.text)
    TIM7_IRQHandler                          0x08004ee7   Thumb Code     0  startup_stm32f407xx.o(.text)
    TIM8_BRK_TIM12_IRQHandler                0x08004ee7   Thumb Code     0  startup_stm32f407xx.o(.text)
    TIM8_CC_IRQHandler                       0x08004ee7   Thumb Code     0  startup_stm32f407xx.o(.text)
    TIM8_TRG_COM_TIM14_IRQHandler            0x08004ee7   Thumb Code     0  startup_stm32f407xx.o(.text)
    TIM8_UP_TIM13_IRQHandler                 0x08004ee7   Thumb Code     0  startup_stm32f407xx.o(.text)
    UART4_IRQHandler                         0x08004ee7   Thumb Code     0  startup_stm32f407xx.o(.text)
    UART5_IRQHandler                         0x08004ee7   Thumb Code     0  startup_stm32f407xx.o(.text)
    USART1_IRQHandler                        0x08004ee7   Thumb Code     0  startup_stm32f407xx.o(.text)
    USART2_IRQHandler                        0x08004ee7   Thumb Code     0  startup_stm32f407xx.o(.text)
    USART3_IRQHandler                        0x08004ee7   Thumb Code     0  startup_stm32f407xx.o(.text)
    USART6_IRQHandler                        0x08004ee7   Thumb Code     0  startup_stm32f407xx.o(.text)
    WWDG_IRQHandler                          0x08004ee7   Thumb Code     0  startup_stm32f407xx.o(.text)
    __user_initial_stackheap                 0x08004ee9   Thumb Code     0  startup_stm32f407xx.o(.text)
    SystemInit                               0x08004f0d   Thumb Code    82  system_stm32f4xx.o(.text)
    SystemCoreClockUpdate                    0x08004f5f   Thumb Code   174  system_stm32f4xx.o(.text)
    __user_libspace                          0x0800502d   Thumb Code     8  libspace.o(.text)
    __user_perproc_libspace                  0x0800502d   Thumb Code     0  libspace.o(.text)
    exit                                     0x08005035   Thumb Code    12  exit.o(.text)
    strlen                                   0x08005041   Thumb Code    62  strlen.o(.text)
    __use_two_region_memory                  0x0800507f   Thumb Code     2  heapauxi.o(.text)
    __rt_heap_escrow$2region                 0x08005081   Thumb Code     2  heapauxi.o(.text)
    __rt_heap_expand$2region                 0x08005083   Thumb Code     2  heapauxi.o(.text)
    _sys_exit                                0x08005085   Thumb Code     8  sys_exit.o(.text)
    __user_setup_stackheap                   0x08005091   Thumb Code    74  sys_stackheap_outer.o(.text)
    __I$use$semihosting                      0x080050db   Thumb Code     0  use_no_semi.o(.text)
    __use_no_semihosting_swi                 0x080050db   Thumb Code     2  use_no_semi.o(.text)
    SVC_Count                                0x080050dc   Data           4  svc_table.o(SVC_TABLE)
    __semihosting_library_function           0x080050dd   Thumb Code     0  indicate_semi.o(.text)
    SVC_Table                                0x080050e0   Data           0  svc_table.o(SVC_TABLE)
    _init_box                                0x080050e1   Thumb Code    70  rt_membox.o(i._init_box)
    dbg_init                                 0x08005129   Thumb Code    34  hal_cm.o(i.dbg_init)
    dbg_task_notify                          0x08005159   Thumb Code    32  hal_cm.o(i.dbg_task_notify)
    dbg_task_switch                          0x08005179   Thumb Code    16  hal_cm.o(i.dbg_task_switch)
    isrMessageGet                            0x08005189   Thumb Code    42  rt_cmsis.o(i.isrMessageGet)
    isrMessagePut                            0x080051b3   Thumb Code    44  rt_cmsis.o(i.isrMessagePut)
    isr_mbx_receive                          0x080051e1   Thumb Code    82  rt_mailbox.o(i.isr_mbx_receive)
    isr_mbx_send                             0x08005233   Thumb Code    14  rt_mailbox.o(i.isr_mbx_send)
    osDelay                                  0x08005241   Thumb Code    18  rt_cmsis.o(i.osDelay)
    osKernelInitialize                       0x08005259   Thumb Code    30  rt_cmsis.o(i.osKernelInitialize)
    osKernelStart                            0x0800527d   Thumb Code    98  rt_cmsis.o(i.osKernelStart)
    osMessageGet                             0x080052e9   Thumb Code    18  rt_cmsis.o(i.osMessageGet)
    osThreadCreate                           0x08005301   Thumb Code    38  rt_cmsis.o(i.osThreadCreate)
    osThreadExit                             0x08005331   Thumb Code    14  rt_cmsis.o(i.osThreadExit)
    osTimerCall                              0x08005349   Thumb Code     8  rt_cmsis.o(i.osTimerCall)
    osTimerThread                            0x08005355   Thumb Code    38  rt_cmsis.o(i.osTimerThread)
    os_tick_init                             0x08005381   Thumb Code    32  rt_system.o(i.os_tick_init)
    os_tick_irqack                           0x080053a9   Thumb Code     2  rt_system.o(i.os_tick_irqack)
    rt_alloc_box                             0x080053ab   Thumb Code    26  rt_membox.o(i.rt_alloc_box)
    rt_alloc_mem                             0x080053c5   Thumb Code    62  rt_memory.o(i.rt_alloc_mem)
    rt_block                                 0x08005405   Thumb Code    48  rt_task.o(i.rt_block)
    rt_chk_robin                             0x0800543d   Thumb Code    60  rt_robin.o(i.rt_chk_robin)
    rt_dec_dly                               0x08005485   Thumb Code   102  rt_list.o(i.rt_dec_dly)
    rt_dispatch                              0x080054f5   Thumb Code    60  rt_task.o(i.rt_dispatch)
    rt_dly_wait                              0x08005539   Thumb Code     6  rt_time.o(i.rt_dly_wait)
    rt_evt_psh                               0x08005541   Thumb Code    76  rt_event.o(i.rt_evt_psh)
    rt_free_box                              0x08005591   Thumb Code    44  rt_membox.o(i.rt_free_box)
    rt_free_mem                              0x080055bd   Thumb Code    40  rt_memory.o(i.rt_free_mem)
    rt_get_first                             0x080055e5   Thumb Code    40  rt_list.o(i.rt_get_first)
    rt_init_mem                              0x0800565d   Thumb Code    26  rt_memory.o(i.rt_init_mem)
    rt_init_robin                            0x08005679   Thumb Code    14  rt_robin.o(i.rt_init_robin)
    rt_init_stack                            0x08005691   Thumb Code   118  hal_cm.o(i.rt_init_stack)
    rt_mbx_check                             0x08005711   Thumb Code     8  rt_mailbox.o(i.rt_mbx_check)
    rt_mbx_init                              0x08005719   Thumb Code    26  rt_mailbox.o(i.rt_mbx_init)
    rt_mbx_psh                               0x08005735   Thumb Code   236  rt_mailbox.o(i.rt_mbx_psh)
    rt_mbx_wait                              0x08005825   Thumb Code   174  rt_mailbox.o(i.rt_mbx_wait)
    rt_mut_init                              0x0800591d   Thumb Code    16  rt_mutex.o(i.rt_mut_init)
    rt_mut_release                           0x0800592d   Thumb Code   208  rt_mutex.o(i.rt_mut_release)
    rt_mut_wait                              0x08005a05   Thumb Code   100  rt_mutex.o(i.rt_mut_wait)
    rt_pop_req                               0x08005a6d   Thumb Code   112  rt_system.o(i.rt_pop_req)
    rt_psh_req                               0x08005ae9   Thumb Code    22  rt_system.o(i.rt_psh_req)
    rt_psq_enq                               0x08005b09   Thumb Code    88  rt_list.o(i.rt_psq_enq)
    rt_put_dly                               0x08005b65   Thumb Code    68  rt_list.o(i.rt_put_dly)
    rt_put_prio                              0x08005bad   Thumb Code    54  rt_list.o(i.rt_put_prio)
    rt_put_rdy_first                         0x08005be5   Thumb Code    14  rt_list.o(i.rt_put_rdy_first)
    rt_resort_prio                           0x08005bf9   Thumb Code    46  rt_list.o(i.rt_resort_prio)
    rt_ret_val                               0x08005c3d   Thumb Code    12  hal_cm.o(i.rt_ret_val)
    rt_ret_val2                              0x08005c49   Thumb Code    16  hal_cm.o(i.rt_ret_val2)
    rt_rmv_dly                               0x08005c59   Thumb Code    40  rt_list.o(i.rt_rmv_dly)
    rt_rmv_list                              0x08005c81   Thumb Code    44  rt_list.o(i.rt_rmv_list)
    rt_sem_psh                               0x08005cb1   Thumb Code    48  rt_semaphore.o(i.rt_sem_psh)
    rt_stk_check                             0x08005ce5   Thumb Code    28  rt_system.o(i.rt_stk_check)
    rt_switch_req                            0x08005d09   Thumb Code    30  rt_task.o(i.rt_switch_req)
    rt_sys_init                              0x08005d31   Thumb Code   138  rt_task.o(i.rt_sys_init)
    rt_sys_start                             0x08005dfd   Thumb Code   110  rt_task.o(i.rt_sys_start)
    rt_systick                               0x08005e75   Thumb Code    50  rt_system.o(i.rt_systick)
    rt_tsk_create                            0x08005efd   Thumb Code   120  rt_task.o(i.rt_tsk_create)
    rt_tsk_delete                            0x08005f85   Thumb Code   346  rt_task.o(i.rt_tsk_delete)
    rt_tsk_prio                              0x080060fd   Thumb Code   108  rt_task.o(i.rt_tsk_prio)
    rt_tsk_self                              0x08006179   Thumb Code    12  rt_task.o(i.rt_tsk_self)
    svcDelay                                 0x08006189   Thumb Code    18  rt_cmsis.o(i.svcDelay)
    svcKernelInitialize                      0x0800619d   Thumb Code    80  rt_cmsis.o(i.svcKernelInitialize)
    svcKernelStart                           0x0800620d   Thumb Code    62  rt_cmsis.o(i.svcKernelStart)
    svcMessageCreate                         0x08006255   Thumb Code    36  rt_cmsis.o(i.svcMessageCreate)
    svcMessageGet                            0x08006279   Thumb Code    58  rt_cmsis.o(i.svcMessageGet)
    svcThreadCreate                          0x080062b5   Thumb Code   100  rt_cmsis.o(i.svcThreadCreate)
    svcThreadGetId                           0x08006325   Thumb Code    22  rt_cmsis.o(i.svcThreadGetId)
    svcThreadTerminate                       0x08006341   Thumb Code    50  rt_cmsis.o(i.svcThreadTerminate)
    svcTimerCall                             0x08006379   Thumb Code    24  rt_cmsis.o(i.svcTimerCall)
    sysTimerTick                             0x08006391   Thumb Code    84  rt_cmsis.o(i.sysTimerTick)
    _fp_init                                 0x080063ed   Thumb Code    10  fpinit.o(x$fpl$fpinit)
    __fplib_config_fpu_vfp                   0x080063f5   Thumb Code     0  fpinit.o(x$fpl$fpinit)
    __fplib_config_pureend_doubles           0x080063f5   Thumb Code     0  fpinit.o(x$fpl$fpinit)
    os_maxtaskrun                            0x08006408   Data           2  rtx_conf_cm.o(.constdata)
    os_stackinfo                             0x0800640c   Data           4  rtx_conf_cm.o(.constdata)
    os_rrobin                                0x08006410   Data           4  rtx_conf_cm.o(.constdata)
    os_tickfreq                              0x08006414   Data           4  rtx_conf_cm.o(.constdata)
    os_tickus_i                              0x08006418   Data           2  rtx_conf_cm.o(.constdata)
    os_tickus_f                              0x0800641a   Data           2  rtx_conf_cm.o(.constdata)
    os_trv                                   0x0800641c   Data           4  rtx_conf_cm.o(.constdata)
    os_flags                                 0x08006420   Data           1  rtx_conf_cm.o(.constdata)
    CMSIS_RTOS_API_Version                   0x08006424   Data           4  rtx_conf_cm.o(.constdata)
    CMSIS_RTOS_RTX_Version                   0x08006428   Data           4  rtx_conf_cm.o(.constdata)
    os_clockrate                             0x0800642c   Data           4  rtx_conf_cm.o(.constdata)
    os_timernum                              0x08006430   Data           4  rtx_conf_cm.o(.constdata)
    mp_tcb_size                              0x08006434   Data           2  rtx_conf_cm.o(.constdata)
    mp_stk_size                              0x08006438   Data           4  rtx_conf_cm.o(.constdata)
    os_stack_sz                              0x0800643c   Data           4  rtx_conf_cm.o(.constdata)
    os_fifo_size                             0x08006440   Data           1  rtx_conf_cm.o(.constdata)
    os_thread_def_osTimerThread              0x08006444   Data          16  rtx_conf_cm.o(.constdata)
    os_messageQ_def_osTimerMessageQ          0x08006454   Data           8  rtx_conf_cm.o(.constdata)
    mp_tmr_size                              0x0800645c   Data           2  rtx_conf_cm.o(.constdata)
    AHBPrescTable                            0x0800645e   Data          16  system_stm32f4xx.o(.constdata)
    Region$$Table$$Base                      0x08006470   Number         0  anon$$obj.o(Region$$Table)
    Region$$Table$$Limit                     0x08006490   Number         0  anon$$obj.o(Region$$Table)
    reg_int_flags                            0x20000004   Data           4  events.o(.data)
    ramDisplayList                           0x20000008   Data           4  ft800_driver.o(.data)
    ramCommandBuffer                         0x2000000c   Data           4  ft800_driver.o(.data)
    FT800Gpio                                0x20000010   Data           1  ft800_driver.o(.data)
    cmdOffset                                0x20000014   Data           4  ft800_driver.o(.data)
    cmdBufferRd                              0x20000018   Data           4  ft800_driver.o(.data)
    cmdBufferWr                              0x2000001c   Data           4  ft800_driver.o(.data)
    osThreadId_osTimerThread                 0x20000030   Data           4  rtx_conf_cm.o(.data)
    osMessageQId_osTimerMessageQ             0x20000034   Data           4  rtx_conf_cm.o(.data)
    os_tmr                                   0x20000038   Data           4  rtx_conf_cm.o(.data)
    m_tmr                                    0x2000003c   Data           4  rtx_conf_cm.o(.data)
    os_thread_def_main                       0x20000044   Data          16  rtx_conf_cm.o(.data)
    SystemCoreClock                          0x20000054   Data           4  system_stm32f4xx.o(.data)
    os_initialized                           0x20000058   Data           1  rt_cmsis.o(.data)
    os_running                               0x20000059   Data           1  rt_cmsis.o(.data)
    os_timer_head                            0x2000005c   Data           4  rt_cmsis.o(.data)
    os_tsk                                   0x20000060   Data           8  rt_task.o(.data)
    os_tick_irqn                             0x2000006c   Data           4  rt_system.o(.data)
    os_time                                  0x20000070   Data           4  rt_time.o(.data)
    os_robin                                 0x20000074   Data           8  rt_robin.o(.data)
    dbg_msg                                  0x2000007c   Data           1  hal_cm.o(.data)
    mp_tcb                                   0x20000080   Data         220  rtx_conf_cm.o(.bss)
    mp_stk                                   0x20000160   Data         616  rtx_conf_cm.o(.bss)
    os_stack_mem                             0x200003c8   Data         432  rtx_conf_cm.o(.bss)
    os_fifo                                  0x20000578   Data         132  rtx_conf_cm.o(.bss)
    os_active_TCB                            0x200005fc   Data          16  rtx_conf_cm.o(.bss)
    os_messageQ_q_osTimerMessageQ            0x2000060c   Data          32  rtx_conf_cm.o(.bss)
    os_idle_TCB                              0x2000082c   Data          52  rt_task.o(.bss)
    os_rdy                                   0x20000860   Data          24  rt_list.o(.bss)
    os_dly                                   0x20000878   Data          24  rt_list.o(.bss)
    __libspace_start                         0x20000890   Data          96  libspace.o(.bss)
    __temporary_stack_top$libspace           0x200008f0   Data           0  libspace.o(.bss)



==============================================================================

Memory Map of the image

  Image Entry point : 0x08000189

  Load Region LR_IROM1 (Base: 0x08000000, Size: 0x00006510, Max: 0x00100000, ABSOLUTE)

    Execution Region ER_IROM1 (Base: 0x08000000, Size: 0x00006490, Max: 0x00100000, ABSOLUTE)

    Base Addr    Size         Type   Attr      Idx    E Section Name        Object

    0x08000000   0x00000188   Data   RO          447    RESET               startup_stm32f407xx.o
    0x08000188   0x00000008   Code   RO         1715  * !!!main             c_w.l(__main.o)
    0x08000190   0x00000034   Code   RO         1875    !!!scatter          c_w.l(__scatter.o)
    0x080001c4   0x0000001a   Code   RO         1877    !!handler_copy      c_w.l(__scatter_copy.o)
    0x080001de   0x00000002   PAD
    0x080001e0   0x0000001c   Code   RO         1879    !!handler_zi        c_w.l(__scatter_zi.o)
    0x080001fc   0x00000002   Code   RO         1762    .ARM.Collect$$libinit$$00000000  c_w.l(libinit.o)
    0x080001fe   0x00000004   Code   RO         1773    .ARM.Collect$$libinit$$00000001  c_w.l(libinit2.o)
    0x08000202   0x00000000   Code   RO         1776    .ARM.Collect$$libinit$$00000004  c_w.l(libinit2.o)
    0x08000202   0x00000000   Code   RO         1779    .ARM.Collect$$libinit$$0000000A  c_w.l(libinit2.o)
    0x08000202   0x00000000   Code   RO         1781    .ARM.Collect$$libinit$$0000000C  c_w.l(libinit2.o)
    0x08000202   0x00000000   Code   RO         1783    .ARM.Collect$$libinit$$0000000E  c_w.l(libinit2.o)
    0x08000202   0x00000000   Code   RO         1786    .ARM.Collect$$libinit$$00000011  c_w.l(libinit2.o)
    0x08000202   0x00000000   Code   RO         1788    .ARM.Collect$$libinit$$00000013  c_w.l(libinit2.o)
    0x08000202   0x00000000   Code   RO         1790    .ARM.Collect$$libinit$$00000015  c_w.l(libinit2.o)
    0x08000202   0x00000000   Code   RO         1792    .ARM.Collect$$libinit$$00000017  c_w.l(libinit2.o)
    0x08000202   0x00000000   Code   RO         1794    .ARM.Collect$$libinit$$00000019  c_w.l(libinit2.o)
    0x08000202   0x00000000   Code   RO         1796    .ARM.Collect$$libinit$$0000001B  c_w.l(libinit2.o)
    0x08000202   0x00000000   Code   RO         1798    .ARM.Collect$$libinit$$0000001D  c_w.l(libinit2.o)
    0x08000202   0x00000000   Code   RO         1800    .ARM.Collect$$libinit$$0000001F  c_w.l(libinit2.o)
    0x08000202   0x00000000   Code   RO         1802    .ARM.Collect$$libinit$$00000021  c_w.l(libinit2.o)
    0x08000202   0x00000000   Code   RO         1804    .ARM.Collect$$libinit$$00000023  c_w.l(libinit2.o)
    0x08000202   0x00000000   Code   RO         1806    .ARM.Collect$$libinit$$00000025  c_w.l(libinit2.o)
    0x08000202   0x00000000   Code   RO         1810    .ARM.Collect$$libinit$$0000002C  c_w.l(libinit2.o)
    0x08000202   0x00000000   Code   RO         1812    .ARM.Collect$$libinit$$0000002E  c_w.l(libinit2.o)
    0x08000202   0x00000000   Code   RO         1814    .ARM.Collect$$libinit$$00000030  c_w.l(libinit2.o)
    0x08000202   0x00000000   Code   RO         1816    .ARM.Collect$$libinit$$00000032  c_w.l(libinit2.o)
    0x08000202   0x00000002   Code   RO         1817    .ARM.Collect$$libinit$$00000033  c_w.l(libinit2.o)
    0x08000204   0x00000002   Code   RO         1763    .ARM.Collect$$libshutdown$$00000000  c_w.l(libshutdown.o)
    0x08000206   0x00000000   Code   RO         1820    .ARM.Collect$$libshutdown$$00000003  c_w.l(libshutdown2.o)
    0x08000206   0x00000000   Code   RO         1823    .ARM.Collect$$libshutdown$$00000006  c_w.l(libshutdown2.o)
    0x08000206   0x00000000   Code   RO         1826    .ARM.Collect$$libshutdown$$00000009  c_w.l(libshutdown2.o)
    0x08000206   0x00000000   Code   RO         1828    .ARM.Collect$$libshutdown$$0000000B  c_w.l(libshutdown2.o)
    0x08000206   0x00000000   Code   RO         1831    .ARM.Collect$$libshutdown$$0000000E  c_w.l(libshutdown2.o)
    0x08000206   0x00000002   Code   RO         1832    .ARM.Collect$$libshutdown$$0000000F  c_w.l(libshutdown2.o)
    0x08000208   0x00000000   Code   RO         1717    .ARM.Collect$$rtentry$$00000000  c_w.l(__rtentry.o)
    0x08000208   0x00000000   Code   RO         1725    .ARM.Collect$$rtentry$$00000002  c_w.l(__rtentry2.o)
    0x08000208   0x00000006   Code   RO         1737    .ARM.Collect$$rtentry$$00000004  c_w.l(__rtentry4.o)
    0x0800020e   0x00000000   Code   RO         1727    .ARM.Collect$$rtentry$$00000009  c_w.l(__rtentry2.o)
    0x0800020e   0x00000004   Code   RO         1728    .ARM.Collect$$rtentry$$0000000A  c_w.l(__rtentry2.o)
    0x08000212   0x00000008   Code   RO         1729    .ARM.Collect$$rtentry$$0000000B  c_w.l(__rtentry2.o)
    0x0800021a   0x00000008   Code   RO         1731    .ARM.Collect$$rtentry$$0000000D  c_w.l(__rtentry2.o)
    0x08000222   0x00000002   Code   RO         1718    .ARM.Collect$$rtexit$$00000000  c_w.l(rtexit.o)
    0x08000224   0x00000000   Code   RO         1740    .ARM.Collect$$rtexit$$00000002  c_w.l(rtexit2.o)
    0x08000224   0x00000004   Code   RO         1741    .ARM.Collect$$rtexit$$00000003  c_w.l(rtexit2.o)
    0x08000228   0x00000006   Code   RO         1742    .ARM.Collect$$rtexit$$00000004  c_w.l(rtexit2.o)
    0x0800022e   0x00000002   PAD
    0x08000230   0x0000001c   Code   RO          417    .emb_text           rtx_conf_cm.o
    0x0800024c   0x00000198   Code   RO         1689    .emb_text           RTX_CM4.lib(hal_cm4.o)
    0x080003e4   0x00000024   Code   RO            4    .text               main.o
    0x08000408   0x000000c8   Code   RO           87    .text               events.o
    0x080004d0   0x00002edc   Code   RO          163    .text               ft800_driver.o
    0x080033ac   0x000000e0   Code   RO          196    .text               misc.o
    0x0800348c   0x0000011c   Code   RO          220    .text               stm32f4xx_exti.o
    0x080035a8   0x0000025c   Code   RO          244    .text               stm32f4xx_gpio.o
    0x08003804   0x00000588   Code   RO          268    .text               stm32f4xx_rcc.o
    0x08003d8c   0x000003f8   Code   RO          318    .text               stm32f4xx_spi.o
    0x08004184   0x00000ca2   Code   RO          369    .text               stm32f4xx_tim.o
    0x08004e26   0x00000002   PAD
    0x08004e28   0x000000a4   Code   RO          418    .text               rtx_conf_cm.o
    0x08004ecc   0x00000040   Code   RO          448    .text               startup_stm32f407xx.o
    0x08004f0c   0x00000120   Code   RO          455    .text               system_stm32f4xx.o
    0x0800502c   0x00000008   Code   RO         1704    .text               c_w.l(libspace.o)
    0x08005034   0x0000000c   Code   RO         1709    .text               c_w.l(exit.o)
    0x08005040   0x0000003e   Code   RO         1711    .text               c_w.l(strlen.o)
    0x0800507e   0x00000006   Code   RO         1713    .text               c_w.l(heapauxi.o)
    0x08005084   0x0000000c   Code   RO         1748    .text               c_w.l(sys_exit.o)
    0x08005090   0x0000004a   Code   RO         1750    .text               c_w.l(sys_stackheap_outer.o)
    0x080050da   0x00000002   Code   RO         1764    .text               c_w.l(use_no_semi.o)
    0x080050dc   0x00000000   Code   RO         1766    .text               c_w.l(indicate_semi.o)
    0x080050dc   0x00000004   Code   RO         1699    SVC_TABLE           RTX_CM4.lib(svc_table.o)
    0x080050e0   0x00000046   Code   RO         1583    i._init_box         RTX_CM4.lib(rt_membox.o)
    0x08005126   0x00000002   PAD
    0x08005128   0x00000030   Code   RO         1636    i.dbg_init          RTX_CM4.lib(hal_cm.o)
    0x08005158   0x00000020   Code   RO         1637    i.dbg_task_notify   RTX_CM4.lib(hal_cm.o)
    0x08005178   0x00000010   Code   RO         1638    i.dbg_task_switch   RTX_CM4.lib(hal_cm.o)
    0x08005188   0x0000002a   Code   RO          486    i.isrMessageGet     RTX_CM4.lib(rt_cmsis.o)
    0x080051b2   0x0000002c   Code   RO          487    i.isrMessagePut     RTX_CM4.lib(rt_cmsis.o)
    0x080051de   0x00000002   PAD
    0x080051e0   0x00000052   Code   RO         1438    i.isr_mbx_receive   RTX_CM4.lib(rt_mailbox.o)
    0x08005232   0x0000000e   Code   RO         1439    i.isr_mbx_send      RTX_CM4.lib(rt_mailbox.o)
    0x08005240   0x00000018   Code   RO          490    i.osDelay           RTX_CM4.lib(rt_cmsis.o)
    0x08005258   0x00000024   Code   RO          491    i.osKernelInitialize  RTX_CM4.lib(rt_cmsis.o)
    0x0800527c   0x0000006c   Code   RO          493    i.osKernelStart     RTX_CM4.lib(rt_cmsis.o)
    0x080052e8   0x00000018   Code   RO          502    i.osMessageGet      RTX_CM4.lib(rt_cmsis.o)
    0x08005300   0x00000030   Code   RO          519    i.osThreadCreate    RTX_CM4.lib(rt_cmsis.o)
    0x08005330   0x00000018   Code   RO          520    i.osThreadExit      RTX_CM4.lib(rt_cmsis.o)
    0x08005348   0x0000000c   Code   RO          526    i.osTimerCall       RTX_CM4.lib(rt_cmsis.o)
    0x08005354   0x0000002c   Code   RO          531    i.osTimerThread     RTX_CM4.lib(rt_cmsis.o)
    0x08005380   0x00000028   Code   RO         1230    i.os_tick_init      RTX_CM4.lib(rt_system.o)
    0x080053a8   0x00000002   Code   RO         1231    i.os_tick_irqack    RTX_CM4.lib(rt_system.o)
    0x080053aa   0x0000001a   Code   RO         1584    i.rt_alloc_box      RTX_CM4.lib(rt_membox.o)
    0x080053c4   0x0000003e   Code   RO         1612    i.rt_alloc_mem      RTX_CM4.lib(rt_memory.o)
    0x08005402   0x00000002   PAD
    0x08005404   0x00000038   Code   RO         1111    i.rt_block          RTX_CM4.lib(rt_task.o)
    0x0800543c   0x00000048   Code   RO         1561    i.rt_chk_robin      RTX_CM4.lib(rt_robin.o)
    0x08005484   0x00000070   Code   RO         1362    i.rt_dec_dly        RTX_CM4.lib(rt_list.o)
    0x080054f4   0x00000044   Code   RO         1112    i.rt_dispatch       RTX_CM4.lib(rt_task.o)
    0x08005538   0x00000006   Code   RO         1528    i.rt_dly_wait       RTX_CM4.lib(rt_time.o)
    0x0800553e   0x00000002   PAD
    0x08005540   0x00000050   Code   RO         1323    i.rt_evt_psh        RTX_CM4.lib(rt_event.o)
    0x08005590   0x0000002c   Code   RO         1585    i.rt_free_box       RTX_CM4.lib(rt_membox.o)
    0x080055bc   0x00000028   Code   RO         1613    i.rt_free_mem       RTX_CM4.lib(rt_memory.o)
    0x080055e4   0x00000028   Code   RO         1363    i.rt_get_first      RTX_CM4.lib(rt_list.o)
    0x0800560c   0x00000008   Code   RO          536    i.rt_id2obj         RTX_CM4.lib(rt_cmsis.o)
    0x08005614   0x00000048   Code   RO         1113    i.rt_init_context   RTX_CM4.lib(rt_task.o)
    0x0800565c   0x0000001a   Code   RO         1614    i.rt_init_mem       RTX_CM4.lib(rt_memory.o)
    0x08005676   0x00000002   PAD
    0x08005678   0x00000018   Code   RO         1562    i.rt_init_robin     RTX_CM4.lib(rt_robin.o)
    0x08005690   0x00000080   Code   RO         1639    i.rt_init_stack     RTX_CM4.lib(hal_cm.o)
    0x08005710   0x00000008   Code   RO         1440    i.rt_mbx_check      RTX_CM4.lib(rt_mailbox.o)
    0x08005718   0x0000001a   Code   RO         1441    i.rt_mbx_init       RTX_CM4.lib(rt_mailbox.o)
    0x08005732   0x00000002   PAD
    0x08005734   0x000000f0   Code   RO         1442    i.rt_mbx_psh        RTX_CM4.lib(rt_mailbox.o)
    0x08005824   0x000000b4   Code   RO         1444    i.rt_mbx_wait       RTX_CM4.lib(rt_mailbox.o)
    0x080058d8   0x00000044   Code   RO          537    i.rt_ms2tick        RTX_CM4.lib(rt_cmsis.o)
    0x0800591c   0x00000010   Code   RO         1196    i.rt_mut_init       RTX_CM4.lib(rt_mutex.o)
    0x0800592c   0x000000d8   Code   RO         1197    i.rt_mut_release    RTX_CM4.lib(rt_mutex.o)
    0x08005a04   0x00000068   Code   RO         1198    i.rt_mut_wait       RTX_CM4.lib(rt_mutex.o)
    0x08005a6c   0x0000007c   Code   RO         1234    i.rt_pop_req        RTX_CM4.lib(rt_system.o)
    0x08005ae8   0x00000020   Code   RO         1235    i.rt_psh_req        RTX_CM4.lib(rt_system.o)
    0x08005b08   0x0000005c   Code   RO         1365    i.rt_psq_enq        RTX_CM4.lib(rt_list.o)
    0x08005b64   0x00000048   Code   RO         1366    i.rt_put_dly        RTX_CM4.lib(rt_list.o)
    0x08005bac   0x00000036   Code   RO         1367    i.rt_put_prio       RTX_CM4.lib(rt_list.o)
    0x08005be2   0x00000002   PAD
    0x08005be4   0x00000014   Code   RO         1368    i.rt_put_rdy_first  RTX_CM4.lib(rt_list.o)
    0x08005bf8   0x00000034   Code   RO         1369    i.rt_resort_prio    RTX_CM4.lib(rt_list.o)
    0x08005c2c   0x00000010   Code   RO         1640    i.rt_ret_regs       RTX_CM4.lib(hal_cm.o)
    0x08005c3c   0x0000000c   Code   RO         1641    i.rt_ret_val        RTX_CM4.lib(hal_cm.o)
    0x08005c48   0x00000010   Code   RO         1642    i.rt_ret_val2       RTX_CM4.lib(hal_cm.o)
    0x08005c58   0x00000028   Code   RO         1370    i.rt_rmv_dly        RTX_CM4.lib(rt_list.o)
    0x08005c80   0x00000030   Code   RO         1371    i.rt_rmv_list       RTX_CM4.lib(rt_list.o)
    0x08005cb0   0x00000034   Code   RO         1489    i.rt_sem_psh        RTX_CM4.lib(rt_semaphore.o)
    0x08005ce4   0x00000024   Code   RO         1237    i.rt_stk_check      RTX_CM4.lib(rt_system.o)
    0x08005d08   0x00000028   Code   RO         1114    i.rt_switch_req     RTX_CM4.lib(rt_task.o)
    0x08005d30   0x000000cc   Code   RO         1115    i.rt_sys_init       RTX_CM4.lib(rt_task.o)
    0x08005dfc   0x00000078   Code   RO         1116    i.rt_sys_start      RTX_CM4.lib(rt_task.o)
    0x08005e74   0x00000040   Code   RO         1239    i.rt_systick        RTX_CM4.lib(rt_system.o)
    0x08005eb4   0x00000012   Code   RO          538    i.rt_tid2ptcb       RTX_CM4.lib(rt_cmsis.o)
    0x08005ec6   0x00000002   PAD
    0x08005ec8   0x00000034   Code   RO          539    i.rt_timer_insert   RTX_CM4.lib(rt_cmsis.o)
    0x08005efc   0x00000088   Code   RO         1117    i.rt_tsk_create     RTX_CM4.lib(rt_task.o)
    0x08005f84   0x00000178   Code   RO         1118    i.rt_tsk_delete     RTX_CM4.lib(rt_task.o)
    0x080060fc   0x0000007c   Code   RO         1120    i.rt_tsk_prio       RTX_CM4.lib(rt_task.o)
    0x08006178   0x00000010   Code   RO         1121    i.rt_tsk_self       RTX_CM4.lib(rt_task.o)
    0x08006188   0x00000012   Code   RO          541    i.svcDelay          RTX_CM4.lib(rt_cmsis.o)
    0x0800619a   0x00000002   PAD
    0x0800619c   0x00000070   Code   RO          542    i.svcKernelInitialize  RTX_CM4.lib(rt_cmsis.o)
    0x0800620c   0x00000048   Code   RO          544    i.svcKernelStart    RTX_CM4.lib(rt_cmsis.o)
    0x08006254   0x00000024   Code   RO          547    i.svcMessageCreate  RTX_CM4.lib(rt_cmsis.o)
    0x08006278   0x0000003a   Code   RO          548    i.svcMessageGet     RTX_CM4.lib(rt_cmsis.o)
    0x080062b2   0x00000002   PAD
    0x080062b4   0x00000070   Code   RO          562    i.svcThreadCreate   RTX_CM4.lib(rt_cmsis.o)
    0x08006324   0x0000001c   Code   RO          563    i.svcThreadGetId    RTX_CM4.lib(rt_cmsis.o)
    0x08006340   0x00000038   Code   RO          566    i.svcThreadTerminate  RTX_CM4.lib(rt_cmsis.o)
    0x08006378   0x00000018   Code   RO          568    i.svcTimerCall      RTX_CM4.lib(rt_cmsis.o)
    0x08006390   0x0000005c   Code   RO          577    i.sysTimerTick      RTX_CM4.lib(rt_cmsis.o)
    0x080063ec   0x0000000a   Code   RO         1839    x$fpl$fpinit        fz_wm.l(fpinit.o)
    0x080063f6   0x00000002   PAD
    0x080063f8   0x00000010   Data   RO            5    .constdata          main.o
    0x08006408   0x00000056   Data   RO          420    .constdata          rtx_conf_cm.o
    0x0800645e   0x00000010   Data   RO          456    .constdata          system_stm32f4xx.o
    0x0800646e   0x00000002   PAD
    0x08006470   0x00000020   Data   RO         1873    Region$$Table       anon$$obj.o


    Execution Region RW_IRAM1 (Base: 0x20000000, Size: 0x00000ef0, Max: 0x00020000, ABSOLUTE)

    Base Addr    Size         Type   Attr      Idx    E Section Name        Object

    0x20000000   0x00000008   Data   RW           88    .data               events.o
    0x20000008   0x00000018   Data   RW          164    .data               ft800_driver.o
    0x20000020   0x00000010   Data   RW          269    .data               stm32f4xx_rcc.o
    0x20000030   0x00000024   Data   RW          421    .data               rtx_conf_cm.o
    0x20000054   0x00000004   Data   RW          457    .data               system_stm32f4xx.o
    0x20000058   0x00000008   Data   RW          580    .data               RTX_CM4.lib(rt_cmsis.o)
    0x20000060   0x00000008   Data   RW         1123    .data               RTX_CM4.lib(rt_task.o)
    0x20000068   0x00000008   Data   RW         1242    .data               RTX_CM4.lib(rt_system.o)
    0x20000070   0x00000004   Data   RW         1532    .data               RTX_CM4.lib(rt_time.o)
    0x20000074   0x00000008   Data   RW         1563    .data               RTX_CM4.lib(rt_robin.o)
    0x2000007c   0x00000001   Data   RW         1643    .data               RTX_CM4.lib(hal_cm.o)
    0x2000007d   0x00000003   PAD
    0x20000080   0x000007ac   Zero   RW          419    .bss                rtx_conf_cm.o
    0x2000082c   0x00000034   Zero   RW         1122    .bss                RTX_CM4.lib(rt_task.o)
    0x20000860   0x00000030   Zero   RW         1372    .bss                RTX_CM4.lib(rt_list.o)
    0x20000890   0x00000060   Zero   RW         1705    .bss                c_w.l(libspace.o)
    0x200008f0   0x00000200   Zero   RW          446    HEAP                startup_stm32f407xx.o
    0x20000af0   0x00000400   Zero   RW          445    STACK               startup_stm32f407xx.o


==============================================================================

Image component sizes


      Code (inc. data)   RO Data    RW Data    ZI Data      Debug   Object Name

       200         14          0          8          0      36353   events.o
     11996       1266          0         24          0      10158   ft800_driver.o
        36          6         16          0          0     232965   main.o
       224         20          0          0          0       1861   misc.o
       192         34         86         36       1964       8861   rtx_conf_cm.o
        64         26        392          0       1536        884   startup_stm32f407xx.o
       284         10          0          0          0       2335   stm32f4xx_exti.o
       604         36          0          0          0       4101   stm32f4xx_gpio.o
      1416         48          0         16          0      11011   stm32f4xx_rcc.o
      1016         22          0          0          0       6821   stm32f4xx_spi.o
      3234         60          0          0          0      22340   stm32f4xx_tim.o
       288         32         16          4          0       1623   system_stm32f4xx.o

    ----------------------------------------------------------------------
     19556       1574        544         88       3500     339313   Object Totals
         0          0         32          0          0          0   (incl. Generated)
         2          0          2          0          0          0   (incl. Padding)

    ----------------------------------------------------------------------

      Code (inc. data)   RO Data    RW Data    ZI Data      Debug   Library Member Name

       268         24          0          1          0       4372   hal_cm.o
       408         34          0          0          0        804   hal_cm4.o
      1160        144          0          8          0      34714   rt_cmsis.o
        80          4          0          0          0        689   rt_event.o
       530         34          0          0         48       8525   rt_list.o
       550         10          0          0          0       4125   rt_mailbox.o
       140          0          0          0          0       2009   rt_membox.o
       128          0          0          0          0       2383   rt_memory.o
       336         12          0          0          0       2169   rt_mutex.o
        96         22          0          8          0       1206   rt_robin.o
        52          4          0          0          0        605   rt_semaphore.o
       298         52          0          8          0       6379   rt_system.o
      1212        174          0          8         52       9933   rt_task.o
         6          0          0          4          0        668   rt_time.o
         4          4          0          0          0        188   svc_table.o
         8          0          0          0          0         68   __main.o
         0          0          0          0          0          0   __rtentry.o
        20          0          0          0          0          0   __rtentry2.o
         6          0          0          0          0          0   __rtentry4.o
        52          8          0          0          0          0   __scatter.o
        26          0          0          0          0          0   __scatter_copy.o
        28          0          0          0          0          0   __scatter_zi.o
        12          0          0          0          0         72   exit.o
         6          0          0          0          0        152   heapauxi.o
         0          0          0          0          0          0   indicate_semi.o
         2          0          0          0          0          0   libinit.o
         6          0          0          0          0          0   libinit2.o
         2          0          0          0          0          0   libshutdown.o
         2          0          0          0          0          0   libshutdown2.o
         8          4          0          0         96         68   libspace.o
         2          0          0          0          0          0   rtexit.o
        10          0          0          0          0          0   rtexit2.o
        62          0          0          0          0         76   strlen.o
        12          4          0          0          0         68   sys_exit.o
        74          0          0          0          0         80   sys_stackheap_outer.o
         2          0          0          0          0         68   use_no_semi.o
        10          0          0          0          0        116   fpinit.o

    ----------------------------------------------------------------------
      5644        534          0         40        196      79537   Library Totals
        26          0          0          3          0          0   (incl. Padding)

    ----------------------------------------------------------------------

      Code (inc. data)   RO Data    RW Data    ZI Data      Debug   Library Name

      5268        518          0         37        100      78769   RTX_CM4.lib
       340         16          0          0         96        652   c_w.l
        10          0          0          0          0        116   fz_wm.l

    ----------------------------------------------------------------------
      5644        534          0         40        196      79537   Library Totals

    ----------------------------------------------------------------------

==============================================================================


      Code (inc. data)   RO Data    RW Data    ZI Data      Debug   

     25200       2108        544        128       3696     408742   Grand Totals
     25200       2108        544        128       3696     408742   ELF Image Totals
     25200       2108        544        128          0          0   ROM Totals

==============================================================================

    Total RO  Size (Code + RO Data)                25744 (  25.14kB)
    Total RW  Size (RW Data + ZI Data)              3824 (   3.73kB)
    Total ROM Size (Code + RO Data + RW Data)      25872 (  25.27kB)

==============================================================================

